wav_player.c:35:13:wavPlayer_reset	4	static
wav_player.c:41:6:filter	4112	static
wav_player.c:66:6:wavPlayer_fileSelect	64	static
wav_player.c:87:6:wavPlayer_play	8	static
wav_player.c:104:6:wavPlayer_process	8	static
wav_player.c:155:6:wavPlayer_stop	8	static
wav_player.c:164:6:wavPlayer_pause	8	static
wav_player.c:168:6:wavPlayer_resume	8	static
wav_player.c:176:6:wavPlayer_isFinished	4	static
wav_player.c:184:6:audioI2S_halfTransfer_Callback	4	static
wav_player.c:188:6:audioI2S_fullTransfer_Callback	4	static
