Archive member included to satisfy reference by file (symbol)

c:/st/stm32cubeide_1.4.0/stm32cubeide/plugins/com.st.stm32cube.ide.mcu.externaltools.gnu-tools-for-stm32.7-2018-q2-update.win32_1.5.0.202011040924/tools/bin/../lib/gcc/arm-none-eabi/7.3.1/../../../../arm-none-eabi/lib/thumb/v7e-m/fpv4-sp/hard\libc_nano.a(lib_a-errno.o)
                              Core/Src/syscalls.o (__errno)
c:/st/stm32cubeide_1.4.0/stm32cubeide/plugins/com.st.stm32cube.ide.mcu.externaltools.gnu-tools-for-stm32.7-2018-q2-update.win32_1.5.0.202011040924/tools/bin/../lib/gcc/arm-none-eabi/7.3.1/../../../../arm-none-eabi/lib/thumb/v7e-m/fpv4-sp/hard\libc_nano.a(lib_a-exit.o)
                              c:/st/stm32cubeide_1.4.0/stm32cubeide/plugins/com.st.stm32cube.ide.mcu.externaltools.gnu-tools-for-stm32.7-2018-q2-update.win32_1.5.0.202011040924/tools/bin/../lib/gcc/arm-none-eabi/7.3.1/../../../../arm-none-eabi/lib/thumb/v7e-m/fpv4-sp/hard/crt0.o (exit)
c:/st/stm32cubeide_1.4.0/stm32cubeide/plugins/com.st.stm32cube.ide.mcu.externaltools.gnu-tools-for-stm32.7-2018-q2-update.win32_1.5.0.202011040924/tools/bin/../lib/gcc/arm-none-eabi/7.3.1/../../../../arm-none-eabi/lib/thumb/v7e-m/fpv4-sp/hard\libc_nano.a(lib_a-impure.o)
                              c:/st/stm32cubeide_1.4.0/stm32cubeide/plugins/com.st.stm32cube.ide.mcu.externaltools.gnu-tools-for-stm32.7-2018-q2-update.win32_1.5.0.202011040924/tools/bin/../lib/gcc/arm-none-eabi/7.3.1/../../../../arm-none-eabi/lib/thumb/v7e-m/fpv4-sp/hard\libc_nano.a(lib_a-exit.o) (_global_impure_ptr)
c:/st/stm32cubeide_1.4.0/stm32cubeide/plugins/com.st.stm32cube.ide.mcu.externaltools.gnu-tools-for-stm32.7-2018-q2-update.win32_1.5.0.202011040924/tools/bin/../lib/gcc/arm-none-eabi/7.3.1/../../../../arm-none-eabi/lib/thumb/v7e-m/fpv4-sp/hard\libc_nano.a(lib_a-init.o)
                              c:/st/stm32cubeide_1.4.0/stm32cubeide/plugins/com.st.stm32cube.ide.mcu.externaltools.gnu-tools-for-stm32.7-2018-q2-update.win32_1.5.0.202011040924/tools/bin/../lib/gcc/arm-none-eabi/7.3.1/../../../../arm-none-eabi/lib/thumb/v7e-m/fpv4-sp/hard/crt0.o (__libc_init_array)
c:/st/stm32cubeide_1.4.0/stm32cubeide/plugins/com.st.stm32cube.ide.mcu.externaltools.gnu-tools-for-stm32.7-2018-q2-update.win32_1.5.0.202011040924/tools/bin/../lib/gcc/arm-none-eabi/7.3.1/../../../../arm-none-eabi/lib/thumb/v7e-m/fpv4-sp/hard\libc_nano.a(lib_a-malloc.o)
                              Middlewares/ST/STM32_USB_Host_Library/Class/MSC/Src/usbh_msc.o (malloc)
c:/st/stm32cubeide_1.4.0/stm32cubeide/plugins/com.st.stm32cube.ide.mcu.externaltools.gnu-tools-for-stm32.7-2018-q2-update.win32_1.5.0.202011040924/tools/bin/../lib/gcc/arm-none-eabi/7.3.1/../../../../arm-none-eabi/lib/thumb/v7e-m/fpv4-sp/hard\libc_nano.a(lib_a-memcpy-stub.o)
                              Audio/MY_CS43L22.o (memcpy)
c:/st/stm32cubeide_1.4.0/stm32cubeide/plugins/com.st.stm32cube.ide.mcu.externaltools.gnu-tools-for-stm32.7-2018-q2-update.win32_1.5.0.202011040924/tools/bin/../lib/gcc/arm-none-eabi/7.3.1/../../../../arm-none-eabi/lib/thumb/v7e-m/fpv4-sp/hard\libc_nano.a(lib_a-memset.o)
                              c:/st/stm32cubeide_1.4.0/stm32cubeide/plugins/com.st.stm32cube.ide.mcu.externaltools.gnu-tools-for-stm32.7-2018-q2-update.win32_1.5.0.202011040924/tools/bin/../lib/gcc/arm-none-eabi/7.3.1/../../../../arm-none-eabi/lib/thumb/v7e-m/fpv4-sp/hard/crt0.o (memset)
c:/st/stm32cubeide_1.4.0/stm32cubeide/plugins/com.st.stm32cube.ide.mcu.externaltools.gnu-tools-for-stm32.7-2018-q2-update.win32_1.5.0.202011040924/tools/bin/../lib/gcc/arm-none-eabi/7.3.1/../../../../arm-none-eabi/lib/thumb/v7e-m/fpv4-sp/hard\libc_nano.a(lib_a-nano-freer.o)
                              c:/st/stm32cubeide_1.4.0/stm32cubeide/plugins/com.st.stm32cube.ide.mcu.externaltools.gnu-tools-for-stm32.7-2018-q2-update.win32_1.5.0.202011040924/tools/bin/../lib/gcc/arm-none-eabi/7.3.1/../../../../arm-none-eabi/lib/thumb/v7e-m/fpv4-sp/hard\libc_nano.a(lib_a-malloc.o) (_free_r)
c:/st/stm32cubeide_1.4.0/stm32cubeide/plugins/com.st.stm32cube.ide.mcu.externaltools.gnu-tools-for-stm32.7-2018-q2-update.win32_1.5.0.202011040924/tools/bin/../lib/gcc/arm-none-eabi/7.3.1/../../../../arm-none-eabi/lib/thumb/v7e-m/fpv4-sp/hard\libc_nano.a(lib_a-nano-mallocr.o)
                              c:/st/stm32cubeide_1.4.0/stm32cubeide/plugins/com.st.stm32cube.ide.mcu.externaltools.gnu-tools-for-stm32.7-2018-q2-update.win32_1.5.0.202011040924/tools/bin/../lib/gcc/arm-none-eabi/7.3.1/../../../../arm-none-eabi/lib/thumb/v7e-m/fpv4-sp/hard\libc_nano.a(lib_a-malloc.o) (_malloc_r)
c:/st/stm32cubeide_1.4.0/stm32cubeide/plugins/com.st.stm32cube.ide.mcu.externaltools.gnu-tools-for-stm32.7-2018-q2-update.win32_1.5.0.202011040924/tools/bin/../lib/gcc/arm-none-eabi/7.3.1/../../../../arm-none-eabi/lib/thumb/v7e-m/fpv4-sp/hard\libc_nano.a(lib_a-sbrkr.o)
[...]
Memory Configuration

Name             Origin             Length             Attributes
CCMRAM           0x0000000010000000 0x0000000000010000 xrw
RAM              0x0000000020000000 0x0000000000020000 xrw
FLASH            0x0000000008000000 0x0000000000100000 xr
*default*        0x0000000000000000 0xffffffffffffffff

Linker script and memory map

LOAD c:/st/stm32cubeide_1.4.0/stm32cubeide/plugins/com.st.stm32cube.ide.mcu.externaltools.gnu-tools-for-stm32.7-2018-q2-update.win32_1.5.0.202011040924/tools/bin/../lib/gcc/arm-none-eabi/7.3.1/thumb/v7e-m/fpv4-sp/hard/crti.o
LOAD c:/st/stm32cubeide_1.4.0/stm32cubeide/plugins/com.st.stm32cube.ide.mcu.externaltools.gnu-tools-for-stm32.7-2018-q2-update.win32_1.5.0.202011040924/tools/bin/../lib/gcc/arm-none-eabi/7.3.1/thumb/v7e-m/fpv4-sp/hard/crtbegin.o
LOAD c:/st/stm32cubeide_1.4.0/stm32cubeide/plugins/com.st.stm32cube.ide.mcu.externaltools.gnu-tools-for-stm32.7-2018-q2-update.win32_1.5.0.202011040924/tools/bin/../lib/gcc/arm-none-eabi/7.3.1/../../../../arm-none-eabi/lib/thumb/v7e-m/fpv4-sp/hard/crt0.o
LOAD Audio/MY_CS43L22.o
LOAD Audio/audioI2S.o
LOAD Audio/wav_player.o
LOAD Core/Src/main.o
LOAD Core/Src/stm32f4xx_hal_msp.o
LOAD Core/Src/stm32f4xx_it.o
LOAD Core/Src/syscalls.o
LOAD Core/Src/sysmem.o
LOAD Core/Src/system_stm32f4xx.o
LOAD Core/Startup/startup_stm32f407vgtx.o
LOAD Drivers/STM32F4xx_HAL_Driver/Src/stm32f4xx_hal.o
LOAD Drivers/STM32F4xx_HAL_Driver/Src/stm32f4xx_hal_cortex.o
LOAD Drivers/STM32F4xx_HAL_Driver/Src/stm32f4xx_hal_dma.o
LOAD Drivers/STM32F4xx_HAL_Driver/Src/stm32f4xx_hal_dma_ex.o
LOAD Drivers/STM32F4xx_HAL_Driver/Src/stm32f4xx_hal_exti.o
LOAD Drivers/STM32F4xx_HAL_Driver/Src/stm32f4xx_hal_flash.o
LOAD Drivers/STM32F4xx_HAL_Driver/Src/stm32f4xx_hal_flash_ex.o
LOAD Drivers/STM32F4xx_HAL_Driver/Src/stm32f4xx_hal_flash_ramfunc.o
LOAD Drivers/STM32F4xx_HAL_Driver/Src/stm32f4xx_hal_gpio.o
LOAD Drivers/STM32F4xx_HAL_Driver/Src/stm32f4xx_hal_hcd.o
LOAD Drivers/STM32F4xx_HAL_Driver/Src/stm32f4xx_hal_i2c.o
LOAD Drivers/STM32F4xx_HAL_Driver/Src/stm32f4xx_hal_i2c_ex.o
LOAD Drivers/STM32F4xx_HAL_Driver/Src/stm32f4xx_hal_i2s.o
LOAD Drivers/STM32F4xx_HAL_Driver/Src/stm32f4xx_hal_i2s_ex.o
LOAD Drivers/STM32F4xx_HAL_Driver/Src/stm32f4xx_hal_pwr.o
LOAD Drivers/STM32F4xx_HAL_Driver/Src/stm32f4xx_hal_pwr_ex.o
LOAD Drivers/STM32F4xx_HAL_Driver/Src/stm32f4xx_hal_rcc.o
LOAD Drivers/STM32F4xx_HAL_Driver/Src/stm32f4xx_hal_rcc_ex.o
LOAD Drivers/STM32F4xx_HAL_Driver/Src/stm32f4xx_hal_tim.o
LOAD Drivers/STM32F4xx_HAL_Driver/Src/stm32f4xx_hal_tim_ex.o
LOAD Drivers/STM32F4xx_HAL_Driver/Src/stm32f4xx_ll_usb.o
LOAD FATFS/App/fatfs.o
LOAD FATFS/Target/usbh_diskio.o
LOAD Middlewares/ST/STM32_USB_Host_Library/Class/MSC/Src/usbh_msc.o
LOAD Middlewares/ST/STM32_USB_Host_Library/Class/MSC/Src/usbh_msc_bot.o
LOAD Middlewares/ST/STM32_USB_Host_Library/Class/MSC/Src/usbh_msc_scsi.o
LOAD Middlewares/ST/STM32_USB_Host_Library/Core/Src/usbh_core.o
LOAD Middlewares/ST/STM32_USB_Host_Library/Core/Src/usbh_ctlreq.o
LOAD Middlewares/ST/STM32_USB_Host_Library/Core/Src/usbh_ioreq.o
LOAD Middlewares/ST/STM32_USB_Host_Library/Core/Src/usbh_pipes.o
LOAD Middlewares/Third_Party/FatFs/src/diskio.o
LOAD Middlewares/Third_Party/FatFs/src/ff.o
LOAD Middlewares/Third_Party/FatFs/src/ff_gen_drv.o
LOAD Middlewares/Third_Party/FatFs/src/option/syscall.o
LOAD USB_HOST/App/usb_host.o
LOAD USB_HOST/Target/usbh_conf.o
START GROUP
LOAD c:/st/stm32cubeide_1.4.0/stm32cubeide/plugins/com.st.stm32cube.ide.mcu.externaltools.gnu-tools-for-stm32.7-2018-q2-update.win32_1.5.0.202011040924/tools/bin/../lib/gcc/arm-none-eabi/7.3.1/../../../../arm-none-eabi/lib/thumb/v7e-m/fpv4-sp/hard\libc_nano.a
LOAD c:/st/stm32cubeide_1.4.0/stm32cubeide/plugins/com.st.stm32cube.ide.mcu.externaltools.gnu-tools-for-stm32.7-2018-q2-update.win32_1.5.0.202011040924/tools/bin/../lib/gcc/arm-none-eabi/7.3.1/../../../../arm-none-eabi/lib/thumb/v7e-m/fpv4-sp/hard\libm.a
END GROUP
START GROUP
LOAD c:/st/stm32cubeide_1.4.0/stm32cubeide/plugins/com.st.stm32cube.ide.mcu.externaltools.gnu-tools-for-stm32.7-2018-q2-update.win32_1.5.0.202011040924/tools/bin/../lib/gcc/arm-none-eabi/7.3.1/thumb/v7e-m/fpv4-sp/hard\libgcc.a
LOAD c:/st/stm32cubeide_1.4.0/stm32cubeide/plugins/com.st.stm32cube.ide.mcu.externaltools.gnu-tools-for-stm32.7-2018-q2-update.win32_1.5.0.202011040924/tools/bin/../lib/gcc/arm-none-eabi/7.3.1/../../../../arm-none-eabi/lib/thumb/v7e-m/fpv4-sp/hard\libc_nano.a
END GROUP
START GROUP
LOAD c:/st/stm32cubeide_1.4.0/stm32cubeide/plugins/com.st.stm32cube.ide.mcu.externaltools.gnu-tools-for-stm32.7-2018-q2-update.win32_1.5.0.202011040924/tools/bin/../lib/gcc/arm-none-eabi/7.3.1/thumb/v7e-m/fpv4-sp/hard\libgcc.a
LOAD c:/st/stm32cubeide_1.4.0/stm32cubeide/plugins/com.st.stm32cube.ide.mcu.externaltools.gnu-tools-for-stm32.7-2018-q2-update.win32_1.5.0.202011040924/tools/bin/../lib/gcc/arm-none-eabi/7.3.1/../../../../arm-none-eabi/lib/thumb/v7e-m/fpv4-sp/hard\libc_nano.a
LOAD c:/st/stm32cubeide_1.4.0/stm32cubeide/plugins/com.st.stm32cube.ide.mcu.externaltools.gnu-tools-for-stm32.7-2018-q2-update.win32_1.5.0.202011040924/tools/bin/../lib/gcc/arm-none-eabi/7.3.1/../../../../arm-none-eabi/lib/thumb/v7e-m/fpv4-sp/hard\libnosys.a
END GROUP
START GROUP
LOAD c:/st/stm32cubeide_1.4.0/stm32cubeide/plugins/com.st.stm32cube.ide.mcu.externaltools.gnu-tools-for-stm32.7-2018-q2-update.win32_1.5.0.202011040924/tools/bin/../lib/gcc/arm-none-eabi/7.3.1/thumb/v7e-m/fpv4-sp/hard\libgcc.a
LOAD c:/st/stm32cubeide_1.4.0/stm32cubeide/plugins/com.st.stm32cube.ide.mcu.externaltools.gnu-tools-for-stm32.7-2018-q2-update.win32_1.5.0.202011040924/tools/bin/../lib/gcc/arm-none-eabi/7.3.1/../../../../arm-none-eabi/lib/thumb/v7e-m/fpv4-sp/hard\libc_nano.a
LOAD c:/st/stm32cubeide_1.4.0/stm32cubeide/plugins/com.st.stm32cube.ide.mcu.externaltools.gnu-tools-for-stm32.7-2018-q2-update.win32_1.5.0.202011040924/tools/bin/../lib/gcc/arm-none-eabi/7.3.1/../../../../arm-none-eabi/lib/thumb/v7e-m/fpv4-sp/hard\libnosys.a
END GROUP
LOAD c:/st/stm32cubeide_1.4.0/stm32cubeide/plugins/com.st.stm32cube.ide.mcu.externaltools.gnu-tools-for-stm32.7-2018-q2-update.win32_1.5.0.202011040924/tools/bin/../lib/gcc/arm-none-eabi/7.3.1/thumb/v7e-m/fpv4-sp/hard/crtend.o
LOAD c:/st/stm32cubeide_1.4.0/stm32cubeide/plugins/com.st.stm32cube.ide.mcu.externaltools.gnu-tools-for-stm32.7-2018-q2-update.win32_1.5.0.202011040924/tools/bin/../lib/gcc/arm-none-eabi/7.3.1/thumb/v7e-m/fpv4-sp/hard/crtn.o
                0x0000000020020000                _estack = (ORIGIN (RAM) + LENGTH (RAM))
                0x0000000000002000                _Min_Heap_Size = 0x2000
                0x0000000000002000                _Min_Stack_Size = 0x2000

.isr_vector     0x0000000008000000      0x188
                0x0000000008000000                . = ALIGN (0x4)
 *(.isr_vector)
 .isr_vector    0x0000000008000000      0x188 Core/Startup/startup_stm32f407vgtx.o
                0x0000000008000000                g_pfnVectors
                0x0000000008000188                . = ALIGN (0x4)

.text           0x0000000008000188     0xd0a4
                0x0000000008000188                . = ALIGN (0x4)
 *(.text)
 .text          0x0000000008000188       0x40 c:/st/stm32cubeide_1.4.0/stm32cubeide/plugins/com.st.stm32cube.ide.mcu.externaltools.gnu-tools-for-stm32.7-2018-q2-update.win32_1.5.0.202011040924/tools/bin/../lib/gcc/arm-none-eabi/7.3.1/thumb/v7e-m/fpv4-sp/hard/crtbegin.o
 .text          0x00000000080001c8       0x30 c:/st/stm32cubeide_1.4.0/stm32cubeide/plugins/com.st.stm32cube.ide.mcu.externaltools.gnu-tools-for-stm32.7-2018-q2-update.win32_1.5.0.202011040924/tools/bin/../lib/gcc/arm-none-eabi/7.3.1/thumb/v7e-m/fpv4-sp/hard\libgcc.a(_aeabi_uldivmod.o)
                0x00000000080001c8                __aeabi_uldivmod
 .text          0x00000000080001f8      0x2cc c:/st/stm32cubeide_1.4.0/stm32cubeide/plugins/com.st.stm32cube.ide.mcu.externaltools.gnu-tools-for-stm32.7-2018-q2-update.win32_1.5.0.202011040924/tools/bin/../lib/gcc/arm-none-eabi/7.3.1/thumb/v7e-m/fpv4-sp/hard\libgcc.a(_udivmoddi4.o)
                0x00000000080001f8                __udivmoddi4
 .text          0x00000000080004c4        0x4 c:/st/stm32cubeide_1.4.0/stm32cubeide/plugins/com.st.stm32cube.ide.mcu.externaltools.gnu-tools-for-stm32.7-2018-q2-update.win32_1.5.0.202011040924/tools/bin/../lib/gcc/arm-none-eabi/7.3.1/thumb/v7e-m/fpv4-sp/hard\libgcc.a(_dvmd_tls.o)
                0x00000000080004c4                __aeabi_idiv0
                0x00000000080004c4                __aeabi_ldiv0
 *(.text*)
 .text.write_register
                0x00000000080004c8       0x34 Audio/MY_CS43L22.o
 .text.read_register
                0x00000000080004fc       0x40 Audio/MY_CS43L22.o
 .text.CS43_Init
                0x000000000800053c      0x20c Audio/MY_CS43L22.o
                0x000000000800053c                CS43_Init
 .text.CS43_Enable_RightLeft
                0x0000000008000748       0x94 Audio/MY_CS43L22.o
                0x0000000008000748                CS43_Enable_RightLeft
 .text.CS43_SetVolume
                0x00000000080007dc       0x36 Audio/MY_CS43L22.o
                0x00000000080007dc                CS43_SetVolume
 .text.CS43_SetMute
                0x0000000008000812       0x7e Audio/MY_CS43L22.o
                0x0000000008000812                CS43_SetMute
 .text.CS43_Start
                0x0000000008000890       0x98 Audio/MY_CS43L22.o
                0x0000000008000890                CS43_Start
 .text.audioI2S_pllClockConfig
                0x0000000008000928       0x98 Audio/audioI2S.o
 .text.I2S3_freqUpdate
                0x00000000080009c0       0x88 Audio/audioI2S.o
 .text.audioI2S_setHandle
                0x0000000008000a48       0x20 Audio/audioI2S.o
                0x0000000008000a48                audioI2S_setHandle
 .text.audioI2S_init
                0x0000000008000a68       0x1e Audio/audioI2S.o
                0x0000000008000a68                audioI2S_init
 *fill*         0x0000000008000a86        0x2 
 .text.audioI2S_play
                0x0000000008000a88       0x3c Audio/audioI2S.o
                0x0000000008000a88                audioI2S_play
 .text.HAL_I2S_TxCpltCallback
                0x0000000008000ac4       0x24 Audio/audioI2S.o
                0x0000000008000ac4                HAL_I2S_TxCpltCallback
 .text.HAL_I2S_TxHalfCpltCallback
                0x0000000008000ae8       0x24 Audio/audioI2S.o
                0x0000000008000ae8                HAL_I2S_TxHalfCpltCallback
 .text.wavPlayer_reset
                0x0000000008000b0c       0x24 Audio/wav_player.o
 .text.filter   0x0000000008000b30      0x1b0 Audio/wav_player.o
                0x0000000008000b30                filter
 .text.wavPlayer_fileSelect
                0x0000000008000ce0       0x54 Audio/wav_player.o
                0x0000000008000ce0                wavPlayer_fileSelect
 .text.wavPlayer_play
                0x0000000008000d34       0x68 Audio/wav_player.o
                0x0000000008000d34                wavPlayer_play
 .text.wavPlayer_process
                0x0000000008000d9c       0xec Audio/wav_player.o
                0x0000000008000d9c                wavPlayer_process
 .text.wavPlayer_isFinished
                0x0000000008000e88       0x18 Audio/wav_player.o
                0x0000000008000e88                wavPlayer_isFinished
 .text.audioI2S_halfTransfer_Callback
                0x0000000008000ea0       0x18 Audio/wav_player.o
                0x0000000008000ea0                audioI2S_halfTransfer_Callback
 .text.audioI2S_fullTransfer_Callback
                0x0000000008000eb8       0x18 Audio/wav_player.o
                0x0000000008000eb8                audioI2S_fullTransfer_Callback
 .text.main     0x0000000008000ed0      0x138 Core/Src/main.o
                0x0000000008000ed0                main
 .text.SystemClock_Config
                0x0000000008001008      0x104 Core/Src/main.o
                0x0000000008001008                SystemClock_Config
 .text.MX_I2C1_Init
                0x000000000800110c       0x5c Core/Src/main.o
 .text.MX_I2S3_Init
                0x0000000008001168       0x5c Core/Src/main.o
 .text.MX_DMA_Init
                0x00000000080011c4       0x40 Core/Src/main.o
 .text.MX_GPIO_Init
                0x0000000008001204      0x124 Core/Src/main.o
 .text.Error_Handler
                0x0000000008001328        0xe Core/Src/main.o
                0x0000000008001328                Error_Handler
 *fill*         0x0000000008001336        0x2 
 .text.HAL_MspInit
                0x0000000008001338       0x50 Core/Src/stm32f4xx_hal_msp.o
                0x0000000008001338                HAL_MspInit
 .text.HAL_I2C_MspInit
                0x0000000008001388       0x90 Core/Src/stm32f4xx_hal_msp.o
                0x0000000008001388                HAL_I2C_MspInit
 .text.HAL_I2S_MspInit
                0x0000000008001418      0x14c Core/Src/stm32f4xx_hal_msp.o
                0x0000000008001418                HAL_I2S_MspInit
 .text.NMI_Handler
                0x0000000008001564        0xe Core/Src/stm32f4xx_it.o
                0x0000000008001564                NMI_Handler
 .text.HardFault_Handler
                0x0000000008001572        0x6 Core/Src/stm32f4xx_it.o
                0x0000000008001572                HardFault_Handler
 .text.MemManage_Handler
                0x0000000008001578        0x6 Core/Src/stm32f4xx_it.o
                0x0000000008001578                MemManage_Handler
 .text.BusFault_Handler
                0x000000000800157e        0x6 Core/Src/stm32f4xx_it.o
                0x000000000800157e                BusFault_Handler
 .text.UsageFault_Handler
                0x0000000008001584        0x6 Core/Src/stm32f4xx_it.o
                0x0000000008001584                UsageFault_Handler
 .text.SVC_Handler
                0x000000000800158a        0xe Core/Src/stm32f4xx_it.o
                0x000000000800158a                SVC_Handler
 .text.DebugMon_Handler
                0x0000000008001598        0xe Core/Src/stm32f4xx_it.o
                0x0000000008001598                DebugMon_Handler
 .text.PendSV_Handler
                0x00000000080015a6        0xe Core/Src/stm32f4xx_it.o
                0x00000000080015a6                PendSV_Handler
 .text.SysTick_Handler
                0x00000000080015b4        0xc Core/Src/stm32f4xx_it.o
                0x00000000080015b4                SysTick_Handler
 .text.DMA1_Stream5_IRQHandler
                0x00000000080015c0       0x14 Core/Src/stm32f4xx_it.o
                0x00000000080015c0                DMA1_Stream5_IRQHandler
 .text.OTG_FS_IRQHandler
                0x00000000080015d4       0x14 Core/Src/stm32f4xx_it.o
                0x00000000080015d4                OTG_FS_IRQHandler
 .text._sbrk    0x00000000080015e8       0x6c Core/Src/sysmem.o
                0x00000000080015e8                _sbrk
 .text.SystemInit
                0x0000000008001654       0x2c Core/Src/system_stm32f4xx.o
                0x0000000008001654                SystemInit
 .text.Reset_Handler
                0x0000000008001680       0x50 Core/Startup/startup_stm32f407vgtx.o
                0x0000000008001680                Reset_Handler
 .text.Default_Handler
                0x00000000080016d0        0x2 Core/Startup/startup_stm32f407vgtx.o
                0x00000000080016d0                RTC_Alarm_IRQHandler
                0x00000000080016d0                HASH_RNG_IRQHandler
                0x00000000080016d0                EXTI2_IRQHandler
                0x00000000080016d0                TIM8_CC_IRQHandler
                0x00000000080016d0                TIM1_CC_IRQHandler
                0x00000000080016d0                DMA2_Stream5_IRQHandler
                0x00000000080016d0                PVD_IRQHandler
                0x00000000080016d0                SDIO_IRQHandler
                0x00000000080016d0                TAMP_STAMP_IRQHandler
                0x00000000080016d0                CAN2_RX1_IRQHandler
                0x00000000080016d0                EXTI3_IRQHandler
                0x00000000080016d0                TIM8_TRG_COM_TIM14_IRQHandler
                0x00000000080016d0                TIM1_UP_TIM10_IRQHandler
                0x00000000080016d0                TIM8_UP_TIM13_IRQHandler
                0x00000000080016d0                I2C3_ER_IRQHandler
                0x00000000080016d0                EXTI0_IRQHandler
                0x00000000080016d0                I2C2_EV_IRQHandler
                0x00000000080016d0                DMA1_Stream2_IRQHandler
                0x00000000080016d0                CAN1_RX0_IRQHandler
                0x00000000080016d0                FPU_IRQHandler
                0x00000000080016d0                OTG_HS_WKUP_IRQHandler
                0x00000000080016d0                CAN2_SCE_IRQHandler
                0x00000000080016d0                DMA2_Stream2_IRQHandler
                0x00000000080016d0                SPI1_IRQHandler
                0x00000000080016d0                TIM6_DAC_IRQHandler
                0x00000000080016d0                TIM1_BRK_TIM9_IRQHandler
                0x00000000080016d0                DCMI_IRQHandler
                0x00000000080016d0                CAN2_RX0_IRQHandler
                0x00000000080016d0                DMA2_Stream3_IRQHandler
                0x00000000080016d0                USART6_IRQHandler
                0x00000000080016d0                USART3_IRQHandler
                0x00000000080016d0                CAN1_RX1_IRQHandler
                0x00000000080016d0                UART5_IRQHandler
                0x00000000080016d0                DMA2_Stream0_IRQHandler
                0x00000000080016d0                TIM4_IRQHandler
                0x00000000080016d0                I2C1_EV_IRQHandler
                0x00000000080016d0                DMA1_Stream6_IRQHandler
                0x00000000080016d0                DMA1_Stream1_IRQHandler
                0x00000000080016d0                UART4_IRQHandler
                0x00000000080016d0                TIM3_IRQHandler
                0x00000000080016d0                RCC_IRQHandler
                0x00000000080016d0                TIM8_BRK_TIM12_IRQHandler
                0x00000000080016d0                Default_Handler
                0x00000000080016d0                EXTI15_10_IRQHandler
                0x00000000080016d0                ADC_IRQHandler
                0x00000000080016d0                DMA1_Stream7_IRQHandler
                0x00000000080016d0                TIM7_IRQHandler
                0x00000000080016d0                CAN2_TX_IRQHandler
                0x00000000080016d0                TIM5_IRQHandler
                0x00000000080016d0                DMA2_Stream7_IRQHandler
                0x00000000080016d0                I2C3_EV_IRQHandler
                0x00000000080016d0                EXTI9_5_IRQHandler
                0x00000000080016d0                RTC_WKUP_IRQHandler
                0x00000000080016d0                ETH_WKUP_IRQHandler
                0x00000000080016d0                SPI2_IRQHandler
                0x00000000080016d0                OTG_HS_EP1_IN_IRQHandler
                0x00000000080016d0                DMA1_Stream0_IRQHandler
                0x00000000080016d0                CAN1_TX_IRQHandler
                0x00000000080016d0                EXTI4_IRQHandler
                0x00000000080016d0                FSMC_IRQHandler
                0x00000000080016d0                ETH_IRQHandler
                0x00000000080016d0                OTG_HS_EP1_OUT_IRQHandler
                0x00000000080016d0                WWDG_IRQHandler
                0x00000000080016d0                TIM2_IRQHandler
                0x00000000080016d0                OTG_FS_WKUP_IRQHandler
                0x00000000080016d0                TIM1_TRG_COM_TIM11_IRQHandler
                0x00000000080016d0                OTG_HS_IRQHandler
                0x00000000080016d0                EXTI1_IRQHandler
                0x00000000080016d0                USART2_IRQHandler
                0x00000000080016d0                I2C2_ER_IRQHandler
                0x00000000080016d0                DMA2_Stream1_IRQHandler
                0x00000000080016d0                CAN1_SCE_IRQHandler
                0x00000000080016d0                FLASH_IRQHandler
                0x00000000080016d0                DMA2_Stream4_IRQHandler
                0x00000000080016d0                USART1_IRQHandler
                0x00000000080016d0                SPI3_IRQHandler
                0x00000000080016d0                DMA1_Stream4_IRQHandler
                0x00000000080016d0                I2C1_ER_IRQHandler
                0x00000000080016d0                DMA2_Stream6_IRQHandler
                0x00000000080016d0                DMA1_Stream3_IRQHandler
 *fill*         0x00000000080016d2        0x2 
 .text.HAL_Init
                0x00000000080016d4       0x44 Drivers/STM32F4xx_HAL_Driver/Src/stm32f4xx_hal.o
                0x00000000080016d4                HAL_Init
 .text.HAL_InitTick
                0x0000000008001718       0x60 Drivers/STM32F4xx_HAL_Driver/Src/stm32f4xx_hal.o
                0x0000000008001718                HAL_InitTick
 .text.HAL_IncTick
                0x0000000008001778       0x28 Drivers/STM32F4xx_HAL_Driver/Src/stm32f4xx_hal.o
                0x0000000008001778                HAL_IncTick
 .text.HAL_GetTick
                0x00000000080017a0       0x18 Drivers/STM32F4xx_HAL_Driver/Src/stm32f4xx_hal.o
                0x00000000080017a0                HAL_GetTick
 .text.HAL_Delay
                0x00000000080017b8       0x44 Drivers/STM32F4xx_HAL_Driver/Src/stm32f4xx_hal.o
                0x00000000080017b8                HAL_Delay
 .text.__NVIC_SetPriorityGrouping
                0x00000000080017fc       0x48 Drivers/STM32F4xx_HAL_Driver/Src/stm32f4xx_hal_cortex.o
 .text.__NVIC_GetPriorityGrouping
                0x0000000008001844       0x1c Drivers/STM32F4xx_HAL_Driver/Src/stm32f4xx_hal_cortex.o
 .text.__NVIC_EnableIRQ
                0x0000000008001860       0x3c Drivers/STM32F4xx_HAL_Driver/Src/stm32f4xx_hal_cortex.o
 .text.__NVIC_SetPriority
                0x000000000800189c       0x54 Drivers/STM32F4xx_HAL_Driver/Src/stm32f4xx_hal_cortex.o
 .text.NVIC_EncodePriority
                0x00000000080018f0       0x66 Drivers/STM32F4xx_HAL_Driver/Src/stm32f4xx_hal_cortex.o
 *fill*         0x0000000008001956        0x2 
 .text.SysTick_Config
                0x0000000008001958       0x44 Drivers/STM32F4xx_HAL_Driver/Src/stm32f4xx_hal_cortex.o
 .text.HAL_NVIC_SetPriorityGrouping
                0x000000000800199c       0x16 Drivers/STM32F4xx_HAL_Driver/Src/stm32f4xx_hal_cortex.o
                0x000000000800199c                HAL_NVIC_SetPriorityGrouping
 .text.HAL_NVIC_SetPriority
                0x00000000080019b2       0x38 Drivers/STM32F4xx_HAL_Driver/Src/stm32f4xx_hal_cortex.o
                0x00000000080019b2                HAL_NVIC_SetPriority
 .text.HAL_NVIC_EnableIRQ
                0x00000000080019ea       0x1c Drivers/STM32F4xx_HAL_Driver/Src/stm32f4xx_hal_cortex.o
                0x00000000080019ea                HAL_NVIC_EnableIRQ
 .text.HAL_SYSTICK_Config
                0x0000000008001a06       0x18 Drivers/STM32F4xx_HAL_Driver/Src/stm32f4xx_hal_cortex.o
                0x0000000008001a06                HAL_SYSTICK_Config
 *fill*         0x0000000008001a1e        0x2 
 .text.HAL_DMA_Init
                0x0000000008001a20      0x15c Drivers/STM32F4xx_HAL_Driver/Src/stm32f4xx_hal_dma.o
                0x0000000008001a20                HAL_DMA_Init
 .text.HAL_DMA_Start_IT
                0x0000000008001b7c       0xb0 Drivers/STM32F4xx_HAL_Driver/Src/stm32f4xx_hal_dma.o
                0x0000000008001b7c                HAL_DMA_Start_IT
 .text.HAL_DMA_IRQHandler
                0x0000000008001c2c      0x314 Drivers/STM32F4xx_HAL_Driver/Src/stm32f4xx_hal_dma.o
                0x0000000008001c2c                HAL_DMA_IRQHandler
 .text.DMA_SetConfig
                0x0000000008001f40       0x5c Drivers/STM32F4xx_HAL_Driver/Src/stm32f4xx_hal_dma.o
 .text.DMA_CalcBaseAndBitshift
                0x0000000008001f9c       0x6c Drivers/STM32F4xx_HAL_Driver/Src/stm32f4xx_hal_dma.o
 .text.DMA_CheckFifoParam
                0x0000000008002008       0xf4 Drivers/STM32F4xx_HAL_Driver/Src/stm32f4xx_hal_dma.o
 .text.HAL_GPIO_Init
                0x00000000080020fc      0x334 Drivers/STM32F4xx_HAL_Driver/Src/stm32f4xx_hal_gpio.o
                0x00000000080020fc                HAL_GPIO_Init
 .text.HAL_GPIO_ReadPin
                0x0000000008002430       0x30 Drivers/STM32F4xx_HAL_Driver/Src/stm32f4xx_hal_gpio.o
                0x0000000008002430                HAL_GPIO_ReadPin
 .text.HAL_GPIO_WritePin
                0x0000000008002460       0x32 Drivers/STM32F4xx_HAL_Driver/Src/stm32f4xx_hal_gpio.o
                0x0000000008002460                HAL_GPIO_WritePin
 .text.HAL_HCD_Init
                0x0000000008002492       0xc4 Drivers/STM32F4xx_HAL_Driver/Src/stm32f4xx_hal_hcd.o
                0x0000000008002492                HAL_HCD_Init
 .text.HAL_HCD_HC_Init
                0x0000000008002556      0x130 Drivers/STM32F4xx_HAL_Driver/Src/stm32f4xx_hal_hcd.o
                0x0000000008002556                HAL_HCD_HC_Init
 .text.HAL_HCD_HC_Halt
                0x0000000008002686       0x46 Drivers/STM32F4xx_HAL_Driver/Src/stm32f4xx_hal_hcd.o
                0x0000000008002686                HAL_HCD_HC_Halt
 .text.HAL_HCD_HC_SubmitRequest
                0x00000000080026cc      0x2e4 Drivers/STM32F4xx_HAL_Driver/Src/stm32f4xx_hal_hcd.o
                0x00000000080026cc                HAL_HCD_HC_SubmitRequest
 .text.HAL_HCD_IRQHandler
                0x00000000080029b0      0x208 Drivers/STM32F4xx_HAL_Driver/Src/stm32f4xx_hal_hcd.o
                0x00000000080029b0                HAL_HCD_IRQHandler
 .text.HAL_HCD_Start
                0x0000000008002bb8       0x46 Drivers/STM32F4xx_HAL_Driver/Src/stm32f4xx_hal_hcd.o
                0x0000000008002bb8                HAL_HCD_Start
 .text.HAL_HCD_Stop
                0x0000000008002bfe       0x3a Drivers/STM32F4xx_HAL_Driver/Src/stm32f4xx_hal_hcd.o
                0x0000000008002bfe                HAL_HCD_Stop
 .text.HAL_HCD_ResetPort
                0x0000000008002c38       0x1c Drivers/STM32F4xx_HAL_Driver/Src/stm32f4xx_hal_hcd.o
                0x0000000008002c38                HAL_HCD_ResetPort
 .text.HAL_HCD_HC_GetURBState
                0x0000000008002c54       0x2a Drivers/STM32F4xx_HAL_Driver/Src/stm32f4xx_hal_hcd.o
                0x0000000008002c54                HAL_HCD_HC_GetURBState
 .text.HAL_HCD_HC_GetXferCount
                0x0000000008002c7e       0x2a Drivers/STM32F4xx_HAL_Driver/Src/stm32f4xx_hal_hcd.o
                0x0000000008002c7e                HAL_HCD_HC_GetXferCount
 .text.HAL_HCD_GetCurrentFrame
                0x0000000008002ca8       0x1c Drivers/STM32F4xx_HAL_Driver/Src/stm32f4xx_hal_hcd.o
                0x0000000008002ca8                HAL_HCD_GetCurrentFrame
 .text.HAL_HCD_GetCurrentSpeed
                0x0000000008002cc4       0x1c Drivers/STM32F4xx_HAL_Driver/Src/stm32f4xx_hal_hcd.o
                0x0000000008002cc4                HAL_HCD_GetCurrentSpeed
 .text.HCD_HC_IN_IRQHandler
                0x0000000008002ce0      0x86a Drivers/STM32F4xx_HAL_Driver/Src/stm32f4xx_hal_hcd.o
 .text.HCD_HC_OUT_IRQHandler
                0x000000000800354a      0x6ea Drivers/STM32F4xx_HAL_Driver/Src/stm32f4xx_hal_hcd.o
 .text.HCD_RXQLVL_IRQHandler
                0x0000000008003c34      0x158 Drivers/STM32F4xx_HAL_Driver/Src/stm32f4xx_hal_hcd.o
 .text.HCD_Port_IRQHandler
                0x0000000008003d8c       0xe6 Drivers/STM32F4xx_HAL_Driver/Src/stm32f4xx_hal_hcd.o
 *fill*         0x0000000008003e72        0x2 
 .text.HAL_I2C_Init
                0x0000000008003e74      0x270 Drivers/STM32F4xx_HAL_Driver/Src/stm32f4xx_hal_i2c.o
                0x0000000008003e74                HAL_I2C_Init
 .text.HAL_I2C_Master_Transmit
                0x00000000080040e4      0x1fc Drivers/STM32F4xx_HAL_Driver/Src/stm32f4xx_hal_i2c.o
                0x00000000080040e4                HAL_I2C_Master_Transmit
 .text.HAL_I2C_Master_Receive
                0x00000000080042e0      0x44c Drivers/STM32F4xx_HAL_Driver/Src/stm32f4xx_hal_i2c.o
                0x00000000080042e0                HAL_I2C_Master_Receive
 .text.I2C_MasterRequestWrite
                0x000000000800472c      0x104 Drivers/STM32F4xx_HAL_Driver/Src/stm32f4xx_hal_i2c.o
 .text.I2C_MasterRequestRead
                0x0000000008004830      0x19c Drivers/STM32F4xx_HAL_Driver/Src/stm32f4xx_hal_i2c.o
 .text.I2C_WaitOnFlagUntilTimeout
                0x00000000080049cc       0xae Drivers/STM32F4xx_HAL_Driver/Src/stm32f4xx_hal_i2c.o
 .text.I2C_WaitOnMasterAddressFlagUntilTimeout
                0x0000000008004a7a       0xfe Drivers/STM32F4xx_HAL_Driver/Src/stm32f4xx_hal_i2c.o
 .text.I2C_WaitOnTXEFlagUntilTimeout
                0x0000000008004b78       0x82 Drivers/STM32F4xx_HAL_Driver/Src/stm32f4xx_hal_i2c.o
 .text.I2C_WaitOnBTFFlagUntilTimeout
                0x0000000008004bfa       0x82 Drivers/STM32F4xx_HAL_Driver/Src/stm32f4xx_hal_i2c.o
 .text.I2C_WaitOnRXNEFlagUntilTimeout
                0x0000000008004c7c       0xac Drivers/STM32F4xx_HAL_Driver/Src/stm32f4xx_hal_i2c.o
 .text.I2C_IsAcknowledgeFailed
                0x0000000008004d28       0x5e Drivers/STM32F4xx_HAL_Driver/Src/stm32f4xx_hal_i2c.o
 *fill*         0x0000000008004d86        0x2 
 .text.HAL_I2S_Init
                0x0000000008004d88      0x280 Drivers/STM32F4xx_HAL_Driver/Src/stm32f4xx_hal_i2s.o
                0x0000000008004d88                HAL_I2S_Init
 .text.HAL_I2S_Transmit_DMA
                0x0000000008005008      0x150 Drivers/STM32F4xx_HAL_Driver/Src/stm32f4xx_hal_i2s.o
                0x0000000008005008                HAL_I2S_Transmit_DMA
 .text.HAL_I2S_RxCpltCallback
                0x0000000008005158       0x14 Drivers/STM32F4xx_HAL_Driver/Src/stm32f4xx_hal_i2s.o
                0x0000000008005158                HAL_I2S_RxCpltCallback
 .text.HAL_I2S_ErrorCallback
                0x000000000800516c       0x14 Drivers/STM32F4xx_HAL_Driver/Src/stm32f4xx_hal_i2s.o
                0x000000000800516c                HAL_I2S_ErrorCallback
 .text.I2S_DMATxCplt
                0x0000000008005180       0x42 Drivers/STM32F4xx_HAL_Driver/Src/stm32f4xx_hal_i2s.o
 .text.I2S_DMATxHalfCplt
                0x00000000080051c2       0x1c Drivers/STM32F4xx_HAL_Driver/Src/stm32f4xx_hal_i2s.o
 .text.I2S_DMAError
                0x00000000080051de       0x4c Drivers/STM32F4xx_HAL_Driver/Src/stm32f4xx_hal_i2s.o
 .text.I2S_Transmit_IT
                0x000000000800522a       0x5c Drivers/STM32F4xx_HAL_Driver/Src/stm32f4xx_hal_i2s.o
 .text.I2S_Receive_IT
                0x0000000008005286       0x5e Drivers/STM32F4xx_HAL_Driver/Src/stm32f4xx_hal_i2s.o
 .text.I2S_IRQHandler
                0x00000000080052e4      0x114 Drivers/STM32F4xx_HAL_Driver/Src/stm32f4xx_hal_i2s.o
 .text.HAL_I2SEx_FullDuplex_IRQHandler
                0x00000000080053f8      0x2a8 Drivers/STM32F4xx_HAL_Driver/Src/stm32f4xx_hal_i2s_ex.o
                0x00000000080053f8                HAL_I2SEx_FullDuplex_IRQHandler
 .text.HAL_I2SEx_TxRxCpltCallback
                0x00000000080056a0       0x14 Drivers/STM32F4xx_HAL_Driver/Src/stm32f4xx_hal_i2s_ex.o
                0x00000000080056a0                HAL_I2SEx_TxRxCpltCallback
 .text.I2SEx_TxISR_I2S
                0x00000000080056b4       0x62 Drivers/STM32F4xx_HAL_Driver/Src/stm32f4xx_hal_i2s_ex.o
 *fill*         0x0000000008005716        0x2 
 .text.I2SEx_TxISR_I2SExt
                0x0000000008005718       0x98 Drivers/STM32F4xx_HAL_Driver/Src/stm32f4xx_hal_i2s_ex.o
 .text.I2SEx_RxISR_I2S
                0x00000000080057b0       0x64 Drivers/STM32F4xx_HAL_Driver/Src/stm32f4xx_hal_i2s_ex.o
 .text.I2SEx_RxISR_I2SExt
                0x0000000008005814       0x98 Drivers/STM32F4xx_HAL_Driver/Src/stm32f4xx_hal_i2s_ex.o
 .text.HAL_RCC_OscConfig
                0x00000000080058ac      0x4e0 Drivers/STM32F4xx_HAL_Driver/Src/stm32f4xx_hal_rcc.o
                0x00000000080058ac                HAL_RCC_OscConfig
 .text.HAL_RCC_ClockConfig
                0x0000000008005d8c      0x1cc Drivers/STM32F4xx_HAL_Driver/Src/stm32f4xx_hal_rcc.o
                0x0000000008005d8c                HAL_RCC_ClockConfig
 .text.HAL_RCC_GetSysClockFreq
                0x0000000008005f58      0x1b0 Drivers/STM32F4xx_HAL_Driver/Src/stm32f4xx_hal_rcc.o
                0x0000000008005f58                HAL_RCC_GetSysClockFreq
 .text.HAL_RCC_GetHCLKFreq
                0x0000000008006108       0x18 Drivers/STM32F4xx_HAL_Driver/Src/stm32f4xx_hal_rcc.o
                0x0000000008006108                HAL_RCC_GetHCLKFreq
 .text.HAL_RCC_GetPCLK1Freq
                0x0000000008006120       0x28 Drivers/STM32F4xx_HAL_Driver/Src/stm32f4xx_hal_rcc.o
                0x0000000008006120                HAL_RCC_GetPCLK1Freq
 .text.HAL_RCCEx_PeriphCLKConfig
                0x0000000008006148      0x1c4 Drivers/STM32F4xx_HAL_Driver/Src/stm32f4xx_hal_rcc_ex.o
                0x0000000008006148                HAL_RCCEx_PeriphCLKConfig
 .text.HAL_RCCEx_GetPeriphCLKConfig
                0x000000000800630c       0x58 Drivers/STM32F4xx_HAL_Driver/Src/stm32f4xx_hal_rcc_ex.o
                0x000000000800630c                HAL_RCCEx_GetPeriphCLKConfig
 .text.HAL_RCCEx_GetPeriphCLKFreq
                0x0000000008006364       0xb8 Drivers/STM32F4xx_HAL_Driver/Src/stm32f4xx_hal_rcc_ex.o
                0x0000000008006364                HAL_RCCEx_GetPeriphCLKFreq
 .text.USB_CoreInit
                0x000000000800641c       0xc2 Drivers/STM32F4xx_HAL_Driver/Src/stm32f4xx_ll_usb.o
                0x000000000800641c                USB_CoreInit
 .text.USB_EnableGlobalInt
                0x00000000080064de       0x22 Drivers/STM32F4xx_HAL_Driver/Src/stm32f4xx_ll_usb.o
                0x00000000080064de                USB_EnableGlobalInt
 .text.USB_DisableGlobalInt
                0x0000000008006500       0x22 Drivers/STM32F4xx_HAL_Driver/Src/stm32f4xx_ll_usb.o
                0x0000000008006500                USB_DisableGlobalInt
 .text.USB_SetCurrentMode
                0x0000000008006522       0x54 Drivers/STM32F4xx_HAL_Driver/Src/stm32f4xx_ll_usb.o
                0x0000000008006522                USB_SetCurrentMode
 *fill*         0x0000000008006576        0x2 
 .text.USB_FlushTxFifo
                0x0000000008006578       0x4c Drivers/STM32F4xx_HAL_Driver/Src/stm32f4xx_ll_usb.o
                0x0000000008006578                USB_FlushTxFifo
 .text.USB_FlushRxFifo
                0x00000000080065c4       0x44 Drivers/STM32F4xx_HAL_Driver/Src/stm32f4xx_ll_usb.o
                0x00000000080065c4                USB_FlushRxFifo
 .text.USB_WritePacket
                0x0000000008006608       0x6a Drivers/STM32F4xx_HAL_Driver/Src/stm32f4xx_ll_usb.o
                0x0000000008006608                USB_WritePacket
 .text.USB_ReadPacket
                0x0000000008006672       0x52 Drivers/STM32F4xx_HAL_Driver/Src/stm32f4xx_ll_usb.o
                0x0000000008006672                USB_ReadPacket
 .text.USB_ReadInterrupts
                0x00000000080066c4       0x26 Drivers/STM32F4xx_HAL_Driver/Src/stm32f4xx_ll_usb.o
                0x00000000080066c4                USB_ReadInterrupts
 .text.USB_GetMode
                0x00000000080066ea       0x1c Drivers/STM32F4xx_HAL_Driver/Src/stm32f4xx_ll_usb.o
                0x00000000080066ea                USB_GetMode
 *fill*         0x0000000008006706        0x2 
 .text.USB_CoreReset
                0x0000000008006708       0x68 Drivers/STM32F4xx_HAL_Driver/Src/stm32f4xx_ll_usb.o
 .text.USB_HostInit
                0x0000000008006770      0x178 Drivers/STM32F4xx_HAL_Driver/Src/stm32f4xx_ll_usb.o
                0x0000000008006770                USB_HostInit
 .text.USB_InitFSLSPClkSel
                0x00000000080068e8       0x74 Drivers/STM32F4xx_HAL_Driver/Src/stm32f4xx_ll_usb.o
                0x00000000080068e8                USB_InitFSLSPClkSel
 .text.USB_ResetPort
                0x000000000800695c       0x54 Drivers/STM32F4xx_HAL_Driver/Src/stm32f4xx_ll_usb.o
                0x000000000800695c                USB_ResetPort
 .text.USB_DriveVbus
                0x00000000080069b0       0x72 Drivers/STM32F4xx_HAL_Driver/Src/stm32f4xx_ll_usb.o
                0x00000000080069b0                USB_DriveVbus
 .text.USB_GetHostSpeed
                0x0000000008006a22       0x2e Drivers/STM32F4xx_HAL_Driver/Src/stm32f4xx_ll_usb.o
                0x0000000008006a22                USB_GetHostSpeed
 .text.USB_GetCurrentFrame
                0x0000000008006a50       0x22 Drivers/STM32F4xx_HAL_Driver/Src/stm32f4xx_ll_usb.o
                0x0000000008006a50                USB_GetCurrentFrame
 *fill*         0x0000000008006a72        0x2 
 .text.USB_HC_Init
                0x0000000008006a74      0x214 Drivers/STM32F4xx_HAL_Driver/Src/stm32f4xx_ll_usb.o
                0x0000000008006a74                USB_HC_Init
 .text.USB_HC_StartXfer
                0x0000000008006c88      0x28c Drivers/STM32F4xx_HAL_Driver/Src/stm32f4xx_ll_usb.o
                0x0000000008006c88                USB_HC_StartXfer
 .text.USB_HC_ReadInterrupt
                0x0000000008006f14       0x22 Drivers/STM32F4xx_HAL_Driver/Src/stm32f4xx_ll_usb.o
                0x0000000008006f14                USB_HC_ReadInterrupt
 .text.USB_HC_Halt
                0x0000000008006f36      0x1fe Drivers/STM32F4xx_HAL_Driver/Src/stm32f4xx_ll_usb.o
                0x0000000008006f36                USB_HC_Halt
 .text.USB_DoPing
                0x0000000008007134       0x78 Drivers/STM32F4xx_HAL_Driver/Src/stm32f4xx_ll_usb.o
                0x0000000008007134                USB_DoPing
 .text.USB_StopHost
                0x00000000080071ac      0x10c Drivers/STM32F4xx_HAL_Driver/Src/stm32f4xx_ll_usb.o
                0x00000000080071ac                USB_StopHost
 .text.MX_FATFS_Init
                0x00000000080072b8       0x24 FATFS/App/fatfs.o
                0x00000000080072b8                MX_FATFS_Init
 .text.get_fattime
                0x00000000080072dc       0x10 FATFS/App/fatfs.o
                0x00000000080072dc                get_fattime
 .text.USBH_initialize
                0x00000000080072ec       0x18 FATFS/Target/usbh_diskio.o
                0x00000000080072ec                USBH_initialize
 .text.USBH_status
                0x0000000008007304       0x38 FATFS/Target/usbh_diskio.o
                0x0000000008007304                USBH_status
 .text.USBH_read
                0x000000000800733c       0x70 FATFS/Target/usbh_diskio.o
                0x000000000800733c                USBH_read
 .text.USBH_write
                0x00000000080073ac       0x84 FATFS/Target/usbh_diskio.o
                0x00000000080073ac                USBH_write
 .text.USBH_ioctl
                0x0000000008007430       0xd8 FATFS/Target/usbh_diskio.o
                0x0000000008007430                USBH_ioctl
 .text.USBH_MSC_InterfaceInit
                0x0000000008007508      0x216 Middlewares/ST/STM32_USB_Host_Library/Class/MSC/Src/usbh_msc.o
 .text.USBH_MSC_InterfaceDeInit
                0x000000000800771e       0x8c Middlewares/ST/STM32_USB_Host_Library/Class/MSC/Src/usbh_msc.o
 .text.USBH_MSC_ClassRequest
                0x00000000080077aa       0xc8 Middlewares/ST/STM32_USB_Host_Library/Class/MSC/Src/usbh_msc.o
 *fill*         0x0000000008007872        0x2 
 .text.USBH_MSC_Process
                0x0000000008007874      0x520 Middlewares/ST/STM32_USB_Host_Library/Class/MSC/Src/usbh_msc.o
 .text.USBH_MSC_SOFProcess
                0x0000000008007d94       0x16 Middlewares/ST/STM32_USB_Host_Library/Class/MSC/Src/usbh_msc.o
 .text.USBH_MSC_RdWrProcess
                0x0000000008007daa      0x194 Middlewares/ST/STM32_USB_Host_Library/Class/MSC/Src/usbh_msc.o
 .text.USBH_MSC_UnitIsReady
                0x0000000008007f3e       0x4c Middlewares/ST/STM32_USB_Host_Library/Class/MSC/Src/usbh_msc.o
                0x0000000008007f3e                USBH_MSC_UnitIsReady
 .text.USBH_MSC_GetLUNInfo
                0x0000000008007f8a       0x48 Middlewares/ST/STM32_USB_Host_Library/Class/MSC/Src/usbh_msc.o
                0x0000000008007f8a                USBH_MSC_GetLUNInfo
 .text.USBH_MSC_Read
                0x0000000008007fd2       0xd2 Middlewares/ST/STM32_USB_Host_Library/Class/MSC/Src/usbh_msc.o
                0x0000000008007fd2                USBH_MSC_Read
 .text.USBH_MSC_Write
                0x00000000080080a4       0xd2 Middlewares/ST/STM32_USB_Host_Library/Class/MSC/Src/usbh_msc.o
                0x00000000080080a4                USBH_MSC_Write
 .text.USBH_MSC_BOT_REQ_Reset
                0x0000000008008176       0x3a Middlewares/ST/STM32_USB_Host_Library/Class/MSC/Src/usbh_msc_bot.o
                0x0000000008008176                USBH_MSC_BOT_REQ_Reset
 .text.USBH_MSC_BOT_REQ_GetMaxLUN
                0x00000000080081b0       0x3c Middlewares/ST/STM32_USB_Host_Library/Class/MSC/Src/usbh_msc_bot.o
                0x00000000080081b0                USBH_MSC_BOT_REQ_GetMaxLUN
 .text.USBH_MSC_BOT_Init
                0x00000000080081ec       0x44 Middlewares/ST/STM32_USB_Host_Library/Class/MSC/Src/usbh_msc_bot.o
                0x00000000080081ec                USBH_MSC_BOT_Init
 .text.USBH_MSC_BOT_Process
                0x0000000008008230      0x3a4 Middlewares/ST/STM32_USB_Host_Library/Class/MSC/Src/usbh_msc_bot.o
                0x0000000008008230                USBH_MSC_BOT_Process
 .text.USBH_MSC_BOT_Abort
                0x00000000080085d4       0x58 Middlewares/ST/STM32_USB_Host_Library/Class/MSC/Src/usbh_msc_bot.o
 .text.USBH_MSC_DecodeCSW
                0x000000000800862c       0x88 Middlewares/ST/STM32_USB_Host_Library/Class/MSC/Src/usbh_msc_bot.o
 .text.USBH_MSC_SCSI_TestUnitReady
                0x00000000080086b4       0x86 Middlewares/ST/STM32_USB_Host_Library/Class/MSC/Src/usbh_msc_scsi.o
                0x00000000080086b4                USBH_MSC_SCSI_TestUnitReady
 .text.USBH_MSC_SCSI_ReadCapacity
                0x000000000800873a       0xf6 Middlewares/ST/STM32_USB_Host_Library/Class/MSC/Src/usbh_msc_scsi.o
                0x000000000800873a                USBH_MSC_SCSI_ReadCapacity
 .text.USBH_MSC_SCSI_Inquiry
                0x0000000008008830      0x14a Middlewares/ST/STM32_USB_Host_Library/Class/MSC/Src/usbh_msc_scsi.o
                0x0000000008008830                USBH_MSC_SCSI_Inquiry
 .text.USBH_MSC_SCSI_RequestSense
                0x000000000800897a       0xf2 Middlewares/ST/STM32_USB_Host_Library/Class/MSC/Src/usbh_msc_scsi.o
                0x000000000800897a                USBH_MSC_SCSI_RequestSense
 .text.USBH_MSC_SCSI_Write
                0x0000000008008a6c       0xd6 Middlewares/ST/STM32_USB_Host_Library/Class/MSC/Src/usbh_msc_scsi.o
                0x0000000008008a6c                USBH_MSC_SCSI_Write
 .text.USBH_MSC_SCSI_Read
                0x0000000008008b42       0xd6 Middlewares/ST/STM32_USB_Host_Library/Class/MSC/Src/usbh_msc_scsi.o
                0x0000000008008b42                USBH_MSC_SCSI_Read
 .text.USBH_Init
                0x0000000008008c18       0x74 Middlewares/ST/STM32_USB_Host_Library/Core/Src/usbh_core.o
                0x0000000008008c18                USBH_Init
 .text.DeInitStateMachine
                0x0000000008008c8c       0xa8 Middlewares/ST/STM32_USB_Host_Library/Core/Src/usbh_core.o
 .text.USBH_RegisterClass
                0x0000000008008d34       0x54 Middlewares/ST/STM32_USB_Host_Library/Core/Src/usbh_core.o
                0x0000000008008d34                USBH_RegisterClass
 .text.USBH_SelectInterface
                0x0000000008008d88       0x38 Middlewares/ST/STM32_USB_Host_Library/Core/Src/usbh_core.o
                0x0000000008008d88                USBH_SelectInterface
 .text.USBH_FindInterface
                0x0000000008008dc0       0x8c Middlewares/ST/STM32_USB_Host_Library/Core/Src/usbh_core.o
                0x0000000008008dc0                USBH_FindInterface
 .text.USBH_Start
                0x0000000008008e4c       0x20 Middlewares/ST/STM32_USB_Host_Library/Core/Src/usbh_core.o
                0x0000000008008e4c                USBH_Start
 .text.USBH_Process
                0x0000000008008e6c      0x3c0 Middlewares/ST/STM32_USB_Host_Library/Core/Src/usbh_core.o
                0x0000000008008e6c                USBH_Process
 .text.USBH_HandleEnum
                0x000000000800922c      0x3c8 Middlewares/ST/STM32_USB_Host_Library/Core/Src/usbh_core.o
 .text.USBH_LL_SetTimer
                0x00000000080095f4       0x1e Middlewares/ST/STM32_USB_Host_Library/Core/Src/usbh_core.o
                0x00000000080095f4                USBH_LL_SetTimer
 .text.USBH_LL_IncTimer
                0x0000000008009612       0x24 Middlewares/ST/STM32_USB_Host_Library/Core/Src/usbh_core.o
                0x0000000008009612                USBH_LL_IncTimer
 .text.USBH_HandleSof
                0x0000000008009636       0x30 Middlewares/ST/STM32_USB_Host_Library/Core/Src/usbh_core.o
 .text.USBH_LL_PortEnabled
                0x0000000008009666       0x1c Middlewares/ST/STM32_USB_Host_Library/Core/Src/usbh_core.o
                0x0000000008009666                USBH_LL_PortEnabled
 .text.USBH_LL_PortDisabled
                0x0000000008009682       0x1c Middlewares/ST/STM32_USB_Host_Library/Core/Src/usbh_core.o
                0x0000000008009682                USBH_LL_PortDisabled
 .text.USBH_LL_Connect
                0x000000000800969e       0x2e Middlewares/ST/STM32_USB_Host_Library/Core/Src/usbh_core.o
                0x000000000800969e                USBH_LL_Connect
 .text.USBH_LL_Disconnect
                0x00000000080096cc       0x48 Middlewares/ST/STM32_USB_Host_Library/Core/Src/usbh_core.o
                0x00000000080096cc                USBH_LL_Disconnect
 .text.USBH_Get_DevDesc
                0x0000000008009714       0x50 Middlewares/ST/STM32_USB_Host_Library/Core/Src/usbh_ctlreq.o
                0x0000000008009714                USBH_Get_DevDesc
 .text.USBH_Get_CfgDesc
                0x0000000008009764       0x48 Middlewares/ST/STM32_USB_Host_Library/Core/Src/usbh_ctlreq.o
                0x0000000008009764                USBH_Get_CfgDesc
 .text.USBH_Get_StringDesc
                0x00000000080097ac       0x56 Middlewares/ST/STM32_USB_Host_Library/Core/Src/usbh_ctlreq.o
                0x00000000080097ac                USBH_Get_StringDesc
 .text.USBH_GetDescriptor
                0x0000000008009802       0x6a Middlewares/ST/STM32_USB_Host_Library/Core/Src/usbh_ctlreq.o
                0x0000000008009802                USBH_GetDescriptor
 .text.USBH_SetAddress
                0x000000000800986c       0x48 Middlewares/ST/STM32_USB_Host_Library/Core/Src/usbh_ctlreq.o
                0x000000000800986c                USBH_SetAddress
 .text.USBH_SetCfg
                0x00000000080098b4       0x46 Middlewares/ST/STM32_USB_Host_Library/Core/Src/usbh_ctlreq.o
                0x00000000080098b4                USBH_SetCfg
 .text.USBH_SetFeature
                0x00000000080098fa       0x48 Middlewares/ST/STM32_USB_Host_Library/Core/Src/usbh_ctlreq.o
                0x00000000080098fa                USBH_SetFeature
 .text.USBH_ClrFeature
                0x0000000008009942       0x48 Middlewares/ST/STM32_USB_Host_Library/Core/Src/usbh_ctlreq.o
                0x0000000008009942                USBH_ClrFeature
 .text.USBH_ParseDevDesc
                0x000000000800998a       0xe0 Middlewares/ST/STM32_USB_Host_Library/Core/Src/usbh_ctlreq.o
 .text.USBH_ParseCfgDesc
                0x0000000008009a6a      0x144 Middlewares/ST/STM32_USB_Host_Library/Core/Src/usbh_ctlreq.o
 .text.USBH_ParseInterfaceDesc
                0x0000000008009bae       0x5e Middlewares/ST/STM32_USB_Host_Library/Core/Src/usbh_ctlreq.o
 .text.USBH_ParseEPDesc
                0x0000000008009c0c       0x5a Middlewares/ST/STM32_USB_Host_Library/Core/Src/usbh_ctlreq.o
 .text.USBH_ParseStringDesc
                0x0000000008009c66       0x66 Middlewares/ST/STM32_USB_Host_Library/Core/Src/usbh_ctlreq.o
 .text.USBH_GetNextDesc
                0x0000000008009ccc       0x36 Middlewares/ST/STM32_USB_Host_Library/Core/Src/usbh_ctlreq.o
                0x0000000008009ccc                USBH_GetNextDesc
 .text.USBH_CtlReq
                0x0000000008009d02       0x7a Middlewares/ST/STM32_USB_Host_Library/Core/Src/usbh_ctlreq.o
                0x0000000008009d02                USBH_CtlReq
 .text.USBH_HandleControl
                0x0000000008009d7c      0x2ec Middlewares/ST/STM32_USB_Host_Library/Core/Src/usbh_ctlreq.o
 .text.USBH_CtlSendSetup
                0x000000000800a068       0x34 Middlewares/ST/STM32_USB_Host_Library/Core/Src/usbh_ioreq.o
                0x000000000800a068                USBH_CtlSendSetup
 .text.USBH_CtlSendData
                0x000000000800a09c       0x4a Middlewares/ST/STM32_USB_Host_Library/Core/Src/usbh_ioreq.o
                0x000000000800a09c                USBH_CtlSendData
 .text.USBH_CtlReceiveData
                0x000000000800a0e6       0x3c Middlewares/ST/STM32_USB_Host_Library/Core/Src/usbh_ioreq.o
                0x000000000800a0e6                USBH_CtlReceiveData
 .text.USBH_BulkSendData
                0x000000000800a122       0x4a Middlewares/ST/STM32_USB_Host_Library/Core/Src/usbh_ioreq.o
                0x000000000800a122                USBH_BulkSendData
 .text.USBH_BulkReceiveData
                0x000000000800a16c       0x3c Middlewares/ST/STM32_USB_Host_Library/Core/Src/usbh_ioreq.o
                0x000000000800a16c                USBH_BulkReceiveData
 .text.USBH_OpenPipe
                0x000000000800a1a8       0x3e Middlewares/ST/STM32_USB_Host_Library/Core/Src/usbh_pipes.o
                0x000000000800a1a8                USBH_OpenPipe
 .text.USBH_ClosePipe
                0x000000000800a1e6       0x20 Middlewares/ST/STM32_USB_Host_Library/Core/Src/usbh_pipes.o
                0x000000000800a1e6                USBH_ClosePipe
 .text.USBH_AllocPipe
                0x000000000800a206       0x42 Middlewares/ST/STM32_USB_Host_Library/Core/Src/usbh_pipes.o
                0x000000000800a206                USBH_AllocPipe
 .text.USBH_FreePipe
                0x000000000800a248       0x3c Middlewares/ST/STM32_USB_Host_Library/Core/Src/usbh_pipes.o
                0x000000000800a248                USBH_FreePipe
 .text.USBH_GetFreePipe
                0x000000000800a284       0x48 Middlewares/ST/STM32_USB_Host_Library/Core/Src/usbh_pipes.o
 .text.disk_status
                0x000000000800a2cc       0x34 Middlewares/Third_Party/FatFs/src/diskio.o
                0x000000000800a2cc                disk_status
 .text.disk_initialize
                0x000000000800a300       0x4c Middlewares/Third_Party/FatFs/src/diskio.o
                0x000000000800a300                disk_initialize
 .text.disk_read
                0x000000000800a34c       0x40 Middlewares/Third_Party/FatFs/src/diskio.o
                0x000000000800a34c                disk_read
 .text.disk_write
                0x000000000800a38c       0x40 Middlewares/Third_Party/FatFs/src/diskio.o
                0x000000000800a38c                disk_write
 .text.disk_ioctl
                0x000000000800a3cc       0x3c Middlewares/Third_Party/FatFs/src/diskio.o
                0x000000000800a3cc                disk_ioctl
 .text.ld_word  0x000000000800a408       0x30 Middlewares/Third_Party/FatFs/src/ff.o
 .text.ld_dword
                0x000000000800a438       0x46 Middlewares/Third_Party/FatFs/src/ff.o
 .text.st_word  0x000000000800a47e       0x36 Middlewares/Third_Party/FatFs/src/ff.o
 .text.st_dword
                0x000000000800a4b4       0x58 Middlewares/Third_Party/FatFs/src/ff.o
 .text.mem_cpy  0x000000000800a50c       0x42 Middlewares/Third_Party/FatFs/src/ff.o
 .text.mem_set  0x000000000800a54e       0x34 Middlewares/Third_Party/FatFs/src/ff.o
 .text.mem_cmp  0x000000000800a582       0x4e Middlewares/Third_Party/FatFs/src/ff.o
 .text.chk_chr  0x000000000800a5d0       0x36 Middlewares/Third_Party/FatFs/src/ff.o
 *fill*         0x000000000800a606        0x2 
 .text.chk_lock
                0x000000000800a608       0xb8 Middlewares/Third_Party/FatFs/src/ff.o
 .text.enq_lock
                0x000000000800a6c0       0x44 Middlewares/Third_Party/FatFs/src/ff.o
 .text.inc_lock
                0x000000000800a704      0x11c Middlewares/Third_Party/FatFs/src/ff.o
 .text.dec_lock
                0x000000000800a820       0x78 Middlewares/Third_Party/FatFs/src/ff.o
 .text.clear_lock
                0x000000000800a898       0x48 Middlewares/Third_Party/FatFs/src/ff.o
 .text.sync_window
                0x000000000800a8e0       0x88 Middlewares/Third_Party/FatFs/src/ff.o
 .text.move_window
                0x000000000800a968       0x5a Middlewares/Third_Party/FatFs/src/ff.o
 *fill*         0x000000000800a9c2        0x2 
 .text.sync_fs  0x000000000800a9c4       0xdc Middlewares/Third_Party/FatFs/src/ff.o
 .text.clust2sect
                0x000000000800aaa0       0x3e Middlewares/Third_Party/FatFs/src/ff.o
 .text.get_fat  0x000000000800aade      0x14a Middlewares/Third_Party/FatFs/src/ff.o
 .text.put_fat  0x000000000800ac28      0x1ce Middlewares/Third_Party/FatFs/src/ff.o
 .text.remove_chain
                0x000000000800adf6       0xca Middlewares/Third_Party/FatFs/src/ff.o
 .text.create_chain
                0x000000000800aec0      0x130 Middlewares/Third_Party/FatFs/src/ff.o
 .text.clmt_clust
                0x000000000800aff0       0x68 Middlewares/Third_Party/FatFs/src/ff.o
 .text.dir_sdi  0x000000000800b058       0xf6 Middlewares/Third_Party/FatFs/src/ff.o
 .text.dir_next
                0x000000000800b14e      0x18a Middlewares/Third_Party/FatFs/src/ff.o
 .text.dir_alloc
                0x000000000800b2d8       0x8e Middlewares/Third_Party/FatFs/src/ff.o
 .text.ld_clust
                0x000000000800b366       0x3e Middlewares/Third_Party/FatFs/src/ff.o
 .text.st_clust
                0x000000000800b3a4       0x40 Middlewares/Third_Party/FatFs/src/ff.o
 .text.dir_find
                0x000000000800b3e4       0xaa Middlewares/Third_Party/FatFs/src/ff.o
 .text.dir_register
                0x000000000800b48e       0x64 Middlewares/Third_Party/FatFs/src/ff.o
 *fill*         0x000000000800b4f2        0x2 
 .text.create_name
                0x000000000800b4f4      0x128 Middlewares/Third_Party/FatFs/src/ff.o
 .text.follow_path
                0x000000000800b61c       0xe2 Middlewares/Third_Party/FatFs/src/ff.o
 .text.get_ldnumber
                0x000000000800b6fe       0x88 Middlewares/Third_Party/FatFs/src/ff.o
 *fill*         0x000000000800b786        0x2 
 .text.check_fs
                0x000000000800b788       0xac Middlewares/Third_Party/FatFs/src/ff.o
 .text.find_volume
                0x000000000800b834      0x498 Middlewares/Third_Party/FatFs/src/ff.o
 .text.validate
                0x000000000800bccc       0x6a Middlewares/Third_Party/FatFs/src/ff.o
 *fill*         0x000000000800bd36        0x2 
 .text.f_mount  0x000000000800bd38       0x8c Middlewares/Third_Party/FatFs/src/ff.o
                0x000000000800bd38                f_mount
 .text.f_open   0x000000000800bdc4      0x37c Middlewares/Third_Party/FatFs/src/ff.o
                0x000000000800bdc4                f_open
 .text.f_read   0x000000000800c140      0x27e Middlewares/Third_Party/FatFs/src/ff.o
                0x000000000800c140                f_read
 .text.f_sync   0x000000000800c3be       0xfc Middlewares/Third_Party/FatFs/src/ff.o
                0x000000000800c3be                f_sync
 .text.f_close  0x000000000800c4ba       0x54 Middlewares/Third_Party/FatFs/src/ff.o
                0x000000000800c4ba                f_close
 .text.f_lseek  0x000000000800c50e      0x412 Middlewares/Third_Party/FatFs/src/ff.o
                0x000000000800c50e                f_lseek
 .text.FATFS_LinkDriverEx
                0x000000000800c920       0x98 Middlewares/Third_Party/FatFs/src/ff_gen_drv.o
                0x000000000800c920                FATFS_LinkDriverEx
 .text.FATFS_LinkDriver
                0x000000000800c9b8       0x1e Middlewares/Third_Party/FatFs/src/ff_gen_drv.o
                0x000000000800c9b8                FATFS_LinkDriver
 *fill*         0x000000000800c9d6        0x2 
 .text.MX_USB_HOST_Init
                0x000000000800c9d8       0x4c USB_HOST/App/usb_host.o
                0x000000000800c9d8                MX_USB_HOST_Init
 .text.MX_USB_HOST_Process
                0x000000000800ca24       0x14 USB_HOST/App/usb_host.o
                0x000000000800ca24                MX_USB_HOST_Process
 .text.USBH_UserProcess
                0x000000000800ca38       0x5c USB_HOST/App/usb_host.o
 .text.HAL_HCD_MspInit
                0x000000000800ca94       0xc4 USB_HOST/Target/usbh_conf.o
                0x000000000800ca94                HAL_HCD_MspInit
 .text.HAL_HCD_SOF_Callback
                0x000000000800cb58       0x1c USB_HOST/Target/usbh_conf.o
                0x000000000800cb58                HAL_HCD_SOF_Callback
 .text.HAL_HCD_Connect_Callback
                0x000000000800cb74       0x1c USB_HOST/Target/usbh_conf.o
                0x000000000800cb74                HAL_HCD_Connect_Callback
 .text.HAL_HCD_Disconnect_Callback
                0x000000000800cb90       0x1c USB_HOST/Target/usbh_conf.o
                0x000000000800cb90                HAL_HCD_Disconnect_Callback
 .text.HAL_HCD_HC_NotifyURBChange_Callback
                0x000000000800cbac       0x1c USB_HOST/Target/usbh_conf.o
                0x000000000800cbac                HAL_HCD_HC_NotifyURBChange_Callback
 .text.HAL_HCD_PortEnabled_Callback
                0x000000000800cbc8       0x1c USB_HOST/Target/usbh_conf.o
                0x000000000800cbc8                HAL_HCD_PortEnabled_Callback
 .text.HAL_HCD_PortDisabled_Callback
                0x000000000800cbe4       0x1c USB_HOST/Target/usbh_conf.o
                0x000000000800cbe4                HAL_HCD_PortDisabled_Callback
 .text.USBH_LL_Init
                0x000000000800cc00       0x78 USB_HOST/Target/usbh_conf.o
                0x000000000800cc00                USBH_LL_Init
 .text.USBH_LL_Start
                0x000000000800cc78       0x36 USB_HOST/Target/usbh_conf.o
                0x000000000800cc78                USBH_LL_Start
 .text.USBH_LL_Stop
                0x000000000800ccae       0x36 USB_HOST/Target/usbh_conf.o
                0x000000000800ccae                USBH_LL_Stop
 .text.USBH_LL_GetSpeed
                0x000000000800cce4       0x4a USB_HOST/Target/usbh_conf.o
                0x000000000800cce4                USBH_LL_GetSpeed
 .text.USBH_LL_ResetPort
                0x000000000800cd2e       0x36 USB_HOST/Target/usbh_conf.o
                0x000000000800cd2e                USBH_LL_ResetPort
 .text.USBH_LL_GetLastXferSize
                0x000000000800cd64       0x26 USB_HOST/Target/usbh_conf.o
                0x000000000800cd64                USBH_LL_GetLastXferSize
 .text.USBH_LL_OpenPipe
                0x000000000800cd8a       0x5e USB_HOST/Target/usbh_conf.o
                0x000000000800cd8a                USBH_LL_OpenPipe
 .text.USBH_LL_ClosePipe
                0x000000000800cde8       0x3e USB_HOST/Target/usbh_conf.o
                0x000000000800cde8                USBH_LL_ClosePipe
 .text.USBH_LL_SubmitURB
                0x000000000800ce26       0x62 USB_HOST/Target/usbh_conf.o
                0x000000000800ce26                USBH_LL_SubmitURB
 .text.USBH_LL_GetURBState
                0x000000000800ce88       0x26 USB_HOST/Target/usbh_conf.o
                0x000000000800ce88                USBH_LL_GetURBState
 .text.USBH_LL_DriverVBUS
                0x000000000800ceae       0x1c USB_HOST/Target/usbh_conf.o
                0x000000000800ceae                USBH_LL_DriverVBUS
 .text.USBH_LL_SetToggle
                0x000000000800ceca       0x66 USB_HOST/Target/usbh_conf.o
                0x000000000800ceca                USBH_LL_SetToggle
 .text.USBH_LL_GetToggle
                0x000000000800cf30       0x66 USB_HOST/Target/usbh_conf.o
                0x000000000800cf30                USBH_LL_GetToggle
 .text.USBH_Delay
                0x000000000800cf96       0x16 USB_HOST/Target/usbh_conf.o
                0x000000000800cf96                USBH_Delay
 .text.USBH_Get_USB_Status
                0x000000000800cfac       0x58 USB_HOST/Target/usbh_conf.o
                0x000000000800cfac                USBH_Get_USB_Status
 .text.__errno  0x000000000800d004        0xc c:/st/stm32cubeide_1.4.0/stm32cubeide/plugins/com.st.stm32cube.ide.mcu.externaltools.gnu-tools-for-stm32.7-2018-q2-update.win32_1.5.0.202011040924/tools/bin/../lib/gcc/arm-none-eabi/7.3.1/../../../../arm-none-eabi/lib/thumb/v7e-m/fpv4-sp/hard\libc_nano.a(lib_a-errno.o)
                0x000000000800d004                __errno
 .text.__libc_init_array
                0x000000000800d010       0x48 c:/st/stm32cubeide_1.4.0/stm32cubeide/plugins/com.st.stm32cube.ide.mcu.externaltools.gnu-tools-for-stm32.7-2018-q2-update.win32_1.5.0.202011040924/tools/bin/../lib/gcc/arm-none-eabi/7.3.1/../../../../arm-none-eabi/lib/thumb/v7e-m/fpv4-sp/hard\libc_nano.a(lib_a-init.o)
                0x000000000800d010                __libc_init_array
 .text.malloc   0x000000000800d058       0x10 c:/st/stm32cubeide_1.4.0/stm32cubeide/plugins/com.st.stm32cube.ide.mcu.externaltools.gnu-tools-for-stm32.7-2018-q2-update.win32_1.5.0.202011040924/tools/bin/../lib/gcc/arm-none-eabi/7.3.1/../../../../arm-none-eabi/lib/thumb/v7e-m/fpv4-sp/hard\libc_nano.a(lib_a-malloc.o)
                0x000000000800d058                malloc
 .text.free     0x000000000800d068       0x10 c:/st/stm32cubeide_1.4.0/stm32cubeide/plugins/com.st.stm32cube.ide.mcu.externaltools.gnu-tools-for-stm32.7-2018-q2-update.win32_1.5.0.202011040924/tools/bin/../lib/gcc/arm-none-eabi/7.3.1/../../../../arm-none-eabi/lib/thumb/v7e-m/fpv4-sp/hard\libc_nano.a(lib_a-malloc.o)
                0x000000000800d068                free
 .text.memcpy   0x000000000800d078       0x16 c:/st/stm32cubeide_1.4.0/stm32cubeide/plugins/com.st.stm32cube.ide.mcu.externaltools.gnu-tools-for-stm32.7-2018-q2-update.win32_1.5.0.202011040924/tools/bin/../lib/gcc/arm-none-eabi/7.3.1/../../../../arm-none-eabi/lib/thumb/v7e-m/fpv4-sp/hard\libc_nano.a(lib_a-memcpy-stub.o)
                0x000000000800d078                memcpy
 .text.memset   0x000000000800d08e       0x10 c:/st/stm32cubeide_1.4.0/stm32cubeide/plugins/com.st.stm32cube.ide.mcu.externaltools.gnu-tools-for-stm32.7-2018-q2-update.win32_1.5.0.202011040924/tools/bin/../lib/gcc/arm-none-eabi/7.3.1/../../../../arm-none-eabi/lib/thumb/v7e-m/fpv4-sp/hard\libc_nano.a(lib_a-memset.o)
                0x000000000800d08e                memset
 *fill*         0x000000000800d09e        0x2 
 .text._free_r  0x000000000800d0a0       0x9c c:/st/stm32cubeide_1.4.0/stm32cubeide/plugins/com.st.stm32cube.ide.mcu.externaltools.gnu-tools-for-stm32.7-2018-q2-update.win32_1.5.0.202011040924/tools/bin/../lib/gcc/arm-none-eabi/7.3.1/../../../../arm-none-eabi/lib/thumb/v7e-m/fpv4-sp/hard\libc_nano.a(lib_a-nano-freer.o)
                0x000000000800d0a0                _free_r
 .text._malloc_r
                0x000000000800d13c       0xb4 c:/st/stm32cubeide_1.4.0/stm32cubeide/plugins/com.st.stm32cube.ide.mcu.externaltools.gnu-tools-for-stm32.7-2018-q2-update.win32_1.5.0.202011040924/tools/bin/../lib/gcc/arm-none-eabi/7.3.1/../../../../arm-none-eabi/lib/thumb/v7e-m/fpv4-sp/hard\libc_nano.a(lib_a-nano-mallocr.o)
                0x000000000800d13c                _malloc_r
 .text._sbrk_r  0x000000000800d1f0       0x20 c:/st/stm32cubeide_1.4.0/stm32cubeide/plugins/com.st.stm32cube.ide.mcu.externaltools.gnu-tools-for-stm32.7-2018-q2-update.win32_1.5.0.202011040924/tools/bin/../lib/gcc/arm-none-eabi/7.3.1/../../../../arm-none-eabi/lib/thumb/v7e-m/fpv4-sp/hard\libc_nano.a(lib_a-sbrkr.o)
                0x000000000800d1f0                _sbrk_r
 .text.__malloc_lock
                0x000000000800d210        0x2 c:/st/stm32cubeide_1.4.0/stm32cubeide/plugins/com.st.stm32cube.ide.mcu.externaltools.gnu-tools-for-stm32.7-2018-q2-update.win32_1.5.0.202011040924/tools/bin/../lib/gcc/arm-none-eabi/7.3.1/../../../../arm-none-eabi/lib/thumb/v7e-m/fpv4-sp/hard\libc_nano.a(lib_a-mlock.o)
                0x000000000800d210                __malloc_lock
 .text.__malloc_unlock
                0x000000000800d212        0x2 c:/st/stm32cubeide_1.4.0/stm32cubeide/plugins/com.st.stm32cube.ide.mcu.externaltools.gnu-tools-for-stm32.7-2018-q2-update.win32_1.5.0.202011040924/tools/bin/../lib/gcc/arm-none-eabi/7.3.1/../../../../arm-none-eabi/lib/thumb/v7e-m/fpv4-sp/hard\libc_nano.a(lib_a-mlock.o)
                0x000000000800d212                __malloc_unlock
 *(.glue_7)
 .glue_7        0x000000000800d214        0x0 linker stubs
 *(.glue_7t)
 .glue_7t       0x000000000800d214        0x0 linker stubs
 *(.eh_frame)
 .eh_frame      0x000000000800d214        0x0 c:/st/stm32cubeide_1.4.0/stm32cubeide/plugins/com.st.stm32cube.ide.mcu.externaltools.gnu-tools-for-stm32.7-2018-q2-update.win32_1.5.0.202011040924/tools/bin/../lib/gcc/arm-none-eabi/7.3.1/thumb/v7e-m/fpv4-sp/hard/crtbegin.o
 *(.init)
 .init          0x000000000800d214        0x4 c:/st/stm32cubeide_1.4.0/stm32cubeide/plugins/com.st.stm32cube.ide.mcu.externaltools.gnu-tools-for-stm32.7-2018-q2-update.win32_1.5.0.202011040924/tools/bin/../lib/gcc/arm-none-eabi/7.3.1/thumb/v7e-m/fpv4-sp/hard/crti.o
                0x000000000800d214                _init
 .init          0x000000000800d218        0x8 c:/st/stm32cubeide_1.4.0/stm32cubeide/plugins/com.st.stm32cube.ide.mcu.externaltools.gnu-tools-for-stm32.7-2018-q2-update.win32_1.5.0.202011040924/tools/bin/../lib/gcc/arm-none-eabi/7.3.1/thumb/v7e-m/fpv4-sp/hard/crtn.o
 *(.fini)
 .fini          0x000000000800d220        0x4 c:/st/stm32cubeide_1.4.0/stm32cubeide/plugins/com.st.stm32cube.ide.mcu.externaltools.gnu-tools-for-stm32.7-2018-q2-update.win32_1.5.0.202011040924/tools/bin/../lib/gcc/arm-none-eabi/7.3.1/thumb/v7e-m/fpv4-sp/hard/crti.o
                0x000000000800d220                _fini
 .fini          0x000000000800d224        0x8 c:/st/stm32cubeide_1.4.0/stm32cubeide/plugins/com.st.stm32cube.ide.mcu.externaltools.gnu-tools-for-stm32.7-2018-q2-update.win32_1.5.0.202011040924/tools/bin/../lib/gcc/arm-none-eabi/7.3.1/thumb/v7e-m/fpv4-sp/hard/crtn.o
                0x000000000800d22c                . = ALIGN (0x4)
                0x000000000800d22c                _etext = .

.vfp11_veneer   0x000000000800d22c        0x0
 .vfp11_veneer  0x000000000800d22c        0x0 linker stubs

.v4_bx          0x000000000800d22c        0x0
 .v4_bx         0x000000000800d22c        0x0 linker stubs

.iplt           0x000000000800d22c        0x0
 .iplt          0x000000000800d22c        0x0 c:/st/stm32cubeide_1.4.0/stm32cubeide/plugins/com.st.stm32cube.ide.mcu.externaltools.gnu-tools-for-stm32.7-2018-q2-update.win32_1.5.0.202011040924/tools/bin/../lib/gcc/arm-none-eabi/7.3.1/thumb/v7e-m/fpv4-sp/hard/crtbegin.o

.rodata         0x000000000800d22c      0x170
                0x000000000800d22c                . = ALIGN (0x4)
 *(.rodata)
 .rodata        0x000000000800d22c       0x14 Core/Src/main.o
 .rodata        0x000000000800d240        0x4 Middlewares/ST/STM32_USB_Host_Library/Class/MSC/Src/usbh_msc.o
 .rodata        0x000000000800d244       0x44 Middlewares/Third_Party/FatFs/src/ff.o
 *(.rodata*)
 .rodata.I2SFreq
                0x000000000800d288       0x20 Audio/audioI2S.o
                0x000000000800d288                I2SFreq
 .rodata.I2SPLLN
                0x000000000800d2a8       0x20 Audio/audioI2S.o
                0x000000000800d2a8                I2SPLLN
 .rodata.I2SPLLR
                0x000000000800d2c8       0x20 Audio/audioI2S.o
                0x000000000800d2c8                I2SPLLR
 .rodata.AHBPrescTable
                0x000000000800d2e8       0x10 Core/Src/system_stm32f4xx.o
                0x000000000800d2e8                AHBPrescTable
 .rodata.APBPrescTable
                0x000000000800d2f8        0x8 Core/Src/system_stm32f4xx.o
                0x000000000800d2f8                APBPrescTable
 .rodata.flagBitshiftOffset.8157
                0x000000000800d300        0x8 Drivers/STM32F4xx_HAL_Driver/Src/stm32f4xx_hal_dma.o
 .rodata.USBH_Driver
                0x000000000800d308       0x14 FATFS/Target/usbh_diskio.o
                0x000000000800d308                USBH_Driver
 .rodata.ExCvt  0x000000000800d31c       0x80 Middlewares/Third_Party/FatFs/src/ff.o
                0x000000000800d39c                . = ALIGN (0x4)

.ARM.extab      0x000000000800d39c        0x0
                0x000000000800d39c                . = ALIGN (0x4)
 *(.ARM.extab* .gnu.linkonce.armextab.*)
                0x000000000800d39c                . = ALIGN (0x4)

.ARM            0x000000000800d39c        0x8
                0x000000000800d39c                . = ALIGN (0x4)
                0x000000000800d39c                __exidx_start = .
 *(.ARM.exidx*)
 .ARM.exidx     0x000000000800d39c        0x8 c:/st/stm32cubeide_1.4.0/stm32cubeide/plugins/com.st.stm32cube.ide.mcu.externaltools.gnu-tools-for-stm32.7-2018-q2-update.win32_1.5.0.202011040924/tools/bin/../lib/gcc/arm-none-eabi/7.3.1/thumb/v7e-m/fpv4-sp/hard\libgcc.a(_udivmoddi4.o)
                0x000000000800d3a4                __exidx_end = .
                0x000000000800d3a4                . = ALIGN (0x4)

.rel.dyn        0x000000000800d3a4        0x0
 .rel.iplt      0x000000000800d3a4        0x0 c:/st/stm32cubeide_1.4.0/stm32cubeide/plugins/com.st.stm32cube.ide.mcu.externaltools.gnu-tools-for-stm32.7-2018-q2-update.win32_1.5.0.202011040924/tools/bin/../lib/gcc/arm-none-eabi/7.3.1/thumb/v7e-m/fpv4-sp/hard/crtbegin.o

.preinit_array  0x000000000800d3a4        0x0
                0x000000000800d3a4                . = ALIGN (0x4)
                0x000000000800d3a4                PROVIDE (__preinit_array_start = .)
 *(.preinit_array*)
                0x000000000800d3a4                PROVIDE (__preinit_array_end = .)
                0x000000000800d3a4                . = ALIGN (0x4)

.init_array     0x000000000800d3a4        0x4
                0x000000000800d3a4                . = ALIGN (0x4)
                0x000000000800d3a4                PROVIDE (__init_array_start = .)
 *(SORT_BY_NAME(.init_array.*))
 *(.init_array*)
 .init_array    0x000000000800d3a4        0x4 c:/st/stm32cubeide_1.4.0/stm32cubeide/plugins/com.st.stm32cube.ide.mcu.externaltools.gnu-tools-for-stm32.7-2018-q2-update.win32_1.5.0.202011040924/tools/bin/../lib/gcc/arm-none-eabi/7.3.1/thumb/v7e-m/fpv4-sp/hard/crtbegin.o
                0x000000000800d3a8                PROVIDE (__init_array_end = .)
                0x000000000800d3a8                . = ALIGN (0x4)

.fini_array     0x000000000800d3a8        0x4
                0x000000000800d3a8                . = ALIGN (0x4)
                [!provide]                        PROVIDE (__fini_array_start = .)
 *(SORT_BY_NAME(.fini_array.*))
 *(.fini_array*)
 .fini_array    0x000000000800d3a8        0x4 c:/st/stm32cubeide_1.4.0/stm32cubeide/plugins/com.st.stm32cube.ide.mcu.externaltools.gnu-tools-for-stm32.7-2018-q2-update.win32_1.5.0.202011040924/tools/bin/../lib/gcc/arm-none-eabi/7.3.1/thumb/v7e-m/fpv4-sp/hard/crtbegin.o
                [!provide]                        PROVIDE (__fini_array_end = .)
                0x000000000800d3ac                . = ALIGN (0x4)
                0x000000000800d3ac                _sidata = LOADADDR (.data)

.data           0x0000000020000000       0x90 load address 0x000000000800d3ac
                0x0000000020000000                . = ALIGN (0x4)
                0x0000000020000000                _sdata = .
 *(.data)
 *(.data*)
 .data.SystemCoreClock
                0x0000000020000000        0x4 Core/Src/system_stm32f4xx.o
                0x0000000020000000                SystemCoreClock
 .data.uwTickPrio
                0x0000000020000004        0x4 Drivers/STM32F4xx_HAL_Driver/Src/stm32f4xx_hal.o
                0x0000000020000004                uwTickPrio
 .data.uwTickFreq
                0x0000000020000008        0x1 Drivers/STM32F4xx_HAL_Driver/Src/stm32f4xx_hal.o
                0x0000000020000008                uwTickFreq
 *fill*         0x0000000020000009        0x3 
 .data.USBH_msc
                0x000000002000000c       0x20 Middlewares/ST/STM32_USB_Host_Library/Class/MSC/Src/usbh_msc.o
                0x000000002000000c                USBH_msc
 .data._impure_ptr
                0x000000002000002c        0x4 c:/st/stm32cubeide_1.4.0/stm32cubeide/plugins/com.st.stm32cube.ide.mcu.externaltools.gnu-tools-for-stm32.7-2018-q2-update.win32_1.5.0.202011040924/tools/bin/../lib/gcc/arm-none-eabi/7.3.1/../../../../arm-none-eabi/lib/thumb/v7e-m/fpv4-sp/hard\libc_nano.a(lib_a-impure.o)
                0x000000002000002c                _impure_ptr
 .data.impure_data
                0x0000000020000030       0x60 c:/st/stm32cubeide_1.4.0/stm32cubeide/plugins/com.st.stm32cube.ide.mcu.externaltools.gnu-tools-for-stm32.7-2018-q2-update.win32_1.5.0.202011040924/tools/bin/../lib/gcc/arm-none-eabi/7.3.1/../../../../arm-none-eabi/lib/thumb/v7e-m/fpv4-sp/hard\libc_nano.a(lib_a-impure.o)
                0x0000000020000090                . = ALIGN (0x4)
                0x0000000020000090                _edata = .

.igot.plt       0x0000000020000090        0x0 load address 0x000000000800d43c
 .igot.plt      0x0000000020000090        0x0 c:/st/stm32cubeide_1.4.0/stm32cubeide/plugins/com.st.stm32cube.ide.mcu.externaltools.gnu-tools-for-stm32.7-2018-q2-update.win32_1.5.0.202011040924/tools/bin/../lib/gcc/arm-none-eabi/7.3.1/thumb/v7e-m/fpv4-sp/hard/crtbegin.o
                0x0000000020000090                . = ALIGN (0x4)

.bss            0x0000000020000090     0x1f08 load address 0x000000000800d43c
                0x0000000020000090                _sbss = .
                0x0000000020000090                __bss_start__ = _sbss
 *(.bss)
 .bss           0x0000000020000090       0x1c c:/st/stm32cubeide_1.4.0/stm32cubeide/plugins/com.st.stm32cube.ide.mcu.externaltools.gnu-tools-for-stm32.7-2018-q2-update.win32_1.5.0.202011040924/tools/bin/../lib/gcc/arm-none-eabi/7.3.1/thumb/v7e-m/fpv4-sp/hard/crtbegin.o
 *(.bss*)
 .bss.i2cx      0x00000000200000ac       0x54 Audio/MY_CS43L22.o
 .bss.hAudioI2S
                0x0000000020000100        0x4 Audio/audioI2S.o
 .bss.wavFile   0x0000000020000104      0x230 Audio/wav_player.o
 .bss.fileLength
                0x0000000020000334        0x4 Audio/wav_player.o
 .bss.audioBuffer
                0x0000000020000338     0x1000 Audio/wav_player.o
 .bss.audioRemainSize
                0x0000000020001338        0x4 Audio/wav_player.o
 .bss.samplingFreq
                0x000000002000133c        0x4 Audio/wav_player.o
 .bss.playerReadBytes
                0x0000000020001340        0x4 Audio/wav_player.o
 .bss.isFinished
                0x0000000020001344        0x1 Audio/wav_player.o
 .bss.playerControlSM
                0x0000000020001345        0x1 Audio/wav_player.o
 *fill*         0x0000000020001346        0x2 
 .bss.__sbrk_heap_end
                0x0000000020001348        0x4 Core/Src/sysmem.o
 .bss.tmpreg.8313
                0x000000002000134c        0x4 Drivers/STM32F4xx_HAL_Driver/Src/stm32f4xx_ll_usb.o
 .bss.FatFs     0x0000000020001350        0x4 Middlewares/Third_Party/FatFs/src/ff.o
 .bss.Fsid      0x0000000020001354        0x2 Middlewares/Third_Party/FatFs/src/ff.o
 *fill*         0x0000000020001356        0x2 
 .bss.Files     0x0000000020001358       0x20 Middlewares/Third_Party/FatFs/src/ff.o
 .bss.disk      0x0000000020001378        0xc Middlewares/Third_Party/FatFs/src/ff_gen_drv.o
                0x0000000020001378                disk
 .bss.Appli_state
                0x0000000020001384        0x1 USB_HOST/App/usb_host.o
                0x0000000020001384                Appli_state
 *fill*         0x0000000020001385        0x3 
 .bss.__malloc_free_list
                0x0000000020001388        0x4 c:/st/stm32cubeide_1.4.0/stm32cubeide/plugins/com.st.stm32cube.ide.mcu.externaltools.gnu-tools-for-stm32.7-2018-q2-update.win32_1.5.0.202011040924/tools/bin/../lib/gcc/arm-none-eabi/7.3.1/../../../../arm-none-eabi/lib/thumb/v7e-m/fpv4-sp/hard\libc_nano.a(lib_a-nano-mallocr.o)
                0x0000000020001388                __malloc_free_list
 .bss.__malloc_sbrk_start
                0x000000002000138c        0x4 c:/st/stm32cubeide_1.4.0/stm32cubeide/plugins/com.st.stm32cube.ide.mcu.externaltools.gnu-tools-for-stm32.7-2018-q2-update.win32_1.5.0.202011040924/tools/bin/../lib/gcc/arm-none-eabi/7.3.1/../../../../arm-none-eabi/lib/thumb/v7e-m/fpv4-sp/hard\libc_nano.a(lib_a-nano-mallocr.o)
                0x000000002000138c                __malloc_sbrk_start
 *(COMMON)
 COMMON         0x0000000020001390       0xfc Core/Src/main.o
                0x0000000020001390                hi2c1
                0x00000000200013e4                hdma_spi3_tx
                0x0000000020001444                hi2s3
 COMMON         0x000000002000148c        0x4 Drivers/STM32F4xx_HAL_Driver/Src/stm32f4xx_hal.o
                0x000000002000148c                uwTick
 COMMON         0x0000000020001490      0x465 FATFS/App/fatfs.o
                0x0000000020001490                USBHPath
                0x0000000020001494                USBHFile
                0x00000000200016c4                USBHFatFS
                0x00000000200018f4                retUSBH
 *fill*         0x00000000200018f5        0x3 
 COMMON         0x00000000200018f8      0x3d8 USB_HOST/App/usb_host.o
                0x00000000200018f8                hUsbHostFS
 COMMON         0x0000000020001cd0      0x2c4 USB_HOST/Target/usbh_conf.o
                0x0000000020001cd0                hhcd_USB_OTG_FS
 COMMON         0x0000000020001f94        0x4 c:/st/stm32cubeide_1.4.0/stm32cubeide/plugins/com.st.stm32cube.ide.mcu.externaltools.gnu-tools-for-stm32.7-2018-q2-update.win32_1.5.0.202011040924/tools/bin/../lib/gcc/arm-none-eabi/7.3.1/../../../../arm-none-eabi/lib/thumb/v7e-m/fpv4-sp/hard\libc_nano.a(lib_a-reent.o)
                0x0000000020001f94                errno
                0x0000000020001f98                . = ALIGN (0x4)
                0x0000000020001f98                _ebss = .
                0x0000000020001f98                __bss_end__ = _ebss

._user_heap_stack
                0x0000000020001f98     0x4000 load address 0x000000000800d43c
                0x0000000020001f98                . = ALIGN (0x8)
                [!provide]                        PROVIDE (end = .)
                0x0000000020001f98                PROVIDE (_end = .)
                0x0000000020003f98                . = (. + _Min_Heap_Size)
 *fill*         0x0000000020001f98     0x2000 
                0x0000000020005f98                . = (. + _Min_Stack_Size)
 *fill*         0x0000000020003f98     0x2000 
                0x0000000020005f98                . = ALIGN (0x8)

/DISCARD/
 libc.a(*)
 libm.a(*)
 libgcc.a(*)

.ARM.attributes
                0x0000000000000000       0x30
 *(.ARM.attributes)
 .ARM.attributes
                0x0000000000000000       0x22 c:/st/stm32cubeide_1.4.0/stm32cubeide/plugins/com.st.stm32cube.ide.mcu.externaltools.gnu-tools-for-stm32.7-2018-q2-update.win32_1.5.0.202011040924/tools/bin/../lib/gcc/arm-none-eabi/7.3.1/thumb/v7e-m/fpv4-sp/hard/crti.o
 .ARM.attributes
                0x0000000000000022       0x34 c:/st/stm32cubeide_1.4.0/stm32cubeide/plugins/com.st.stm32cube.ide.mcu.externaltools.gnu-tools-for-stm32.7-2018-q2-update.win32_1.5.0.202011040924/tools/bin/../lib/gcc/arm-none-eabi/7.3.1/thumb/v7e-m/fpv4-sp/hard/crtbegin.o
 .ARM.attributes
                0x0000000000000056       0x39 Audio/MY_CS43L22.o
 .ARM.attributes
                0x000000000000008f       0x39 Audio/audioI2S.o
 .ARM.attributes
                0x00000000000000c8       0x39 Audio/wav_player.o
 .ARM.attributes
                0x0000000000000101       0x39 Core/Src/main.o
 .ARM.attributes
                0x000000000000013a       0x39 Core/Src/stm32f4xx_hal_msp.o
 .ARM.attributes
                0x0000000000000173       0x39 Core/Src/stm32f4xx_it.o
 .ARM.attributes
                0x00000000000001ac       0x39 Core/Src/sysmem.o
 .ARM.attributes
                0x00000000000001e5       0x39 Core/Src/system_stm32f4xx.o
 .ARM.attributes
                0x000000000000021e       0x21 Core/Startup/startup_stm32f407vgtx.o
 .ARM.attributes
                0x000000000000023f       0x39 Drivers/STM32F4xx_HAL_Driver/Src/stm32f4xx_hal.o
 .ARM.attributes
                0x0000000000000278       0x39 Drivers/STM32F4xx_HAL_Driver/Src/stm32f4xx_hal_cortex.o
 .ARM.attributes
                0x00000000000002b1       0x39 Drivers/STM32F4xx_HAL_Driver/Src/stm32f4xx_hal_dma.o
 .ARM.attributes
                0x00000000000002ea       0x39 Drivers/STM32F4xx_HAL_Driver/Src/stm32f4xx_hal_gpio.o
 .ARM.attributes
                0x0000000000000323       0x39 Drivers/STM32F4xx_HAL_Driver/Src/stm32f4xx_hal_hcd.o
 .ARM.attributes
                0x000000000000035c       0x39 Drivers/STM32F4xx_HAL_Driver/Src/stm32f4xx_hal_i2c.o
 .ARM.attributes
                0x0000000000000395       0x39 Drivers/STM32F4xx_HAL_Driver/Src/stm32f4xx_hal_i2s.o
 .ARM.attributes
                0x00000000000003ce       0x39 Drivers/STM32F4xx_HAL_Driver/Src/stm32f4xx_hal_i2s_ex.o
 .ARM.attributes
                0x0000000000000407       0x39 Drivers/STM32F4xx_HAL_Driver/Src/stm32f4xx_hal_rcc.o
 .ARM.attributes
                0x0000000000000440       0x39 Drivers/STM32F4xx_HAL_Driver/Src/stm32f4xx_hal_rcc_ex.o
 .ARM.attributes
                0x0000000000000479       0x39 Drivers/STM32F4xx_HAL_Driver/Src/stm32f4xx_ll_usb.o
 .ARM.attributes
                0x00000000000004b2       0x39 FATFS/App/fatfs.o
 .ARM.attributes
                0x00000000000004eb       0x39 FATFS/Target/usbh_diskio.o
 .ARM.attributes
                0x0000000000000524       0x39 Middlewares/ST/STM32_USB_Host_Library/Class/MSC/Src/usbh_msc.o
 .ARM.attributes
                0x000000000000055d       0x39 Middlewares/ST/STM32_USB_Host_Library/Class/MSC/Src/usbh_msc_bot.o
 .ARM.attributes
                0x0000000000000596       0x39 Middlewares/ST/STM32_USB_Host_Library/Class/MSC/Src/usbh_msc_scsi.o
 .ARM.attributes
                0x00000000000005cf       0x39 Middlewares/ST/STM32_USB_Host_Library/Core/Src/usbh_core.o
 .ARM.attributes
                0x0000000000000608       0x39 Middlewares/ST/STM32_USB_Host_Library/Core/Src/usbh_ctlreq.o
 .ARM.attributes
                0x0000000000000641       0x39 Middlewares/ST/STM32_USB_Host_Library/Core/Src/usbh_ioreq.o
 .ARM.attributes
                0x000000000000067a       0x39 Middlewares/ST/STM32_USB_Host_Library/Core/Src/usbh_pipes.o
 .ARM.attributes
                0x00000000000006b3       0x39 Middlewares/Third_Party/FatFs/src/diskio.o
 .ARM.attributes
                0x00000000000006ec       0x39 Middlewares/Third_Party/FatFs/src/ff.o
 .ARM.attributes
                0x0000000000000725       0x39 Middlewares/Third_Party/FatFs/src/ff_gen_drv.o
 .ARM.attributes
                0x000000000000075e       0x39 USB_HOST/App/usb_host.o
 .ARM.attributes
                0x0000000000000797       0x39 USB_HOST/Target/usbh_conf.o
 .ARM.attributes
                0x00000000000007d0       0x34 c:/st/stm32cubeide_1.4.0/stm32cubeide/plugins/com.st.stm32cube.ide.mcu.externaltools.gnu-tools-for-stm32.7-2018-q2-update.win32_1.5.0.202011040924/tools/bin/../lib/gcc/arm-none-eabi/7.3.1/../../../../arm-none-eabi/lib/thumb/v7e-m/fpv4-sp/hard\libc_nano.a(lib_a-errno.o)
 .ARM.attributes
                0x0000000000000804       0x34 c:/st/stm32cubeide_1.4.0/stm32cubeide/plugins/com.st.stm32cube.ide.mcu.externaltools.gnu-tools-for-stm32.7-2018-q2-update.win32_1.5.0.202011040924/tools/bin/../lib/gcc/arm-none-eabi/7.3.1/../../../../arm-none-eabi/lib/thumb/v7e-m/fpv4-sp/hard\libc_nano.a(lib_a-impure.o)
 .ARM.attributes
                0x0000000000000838       0x34 c:/st/stm32cubeide_1.4.0/stm32cubeide/plugins/com.st.stm32cube.ide.mcu.externaltools.gnu-tools-for-stm32.7-2018-q2-update.win32_1.5.0.202011040924/tools/bin/../lib/gcc/arm-none-eabi/7.3.1/../../../../arm-none-eabi/lib/thumb/v7e-m/fpv4-sp/hard\libc_nano.a(lib_a-init.o)
 .ARM.attributes
                0x000000000000086c       0x34 c:/st/stm32cubeide_1.4.0/stm32cubeide/plugins/com.st.stm32cube.ide.mcu.externaltools.gnu-tools-for-stm32.7-2018-q2-update.win32_1.5.0.202011040924/tools/bin/../lib/gcc/arm-none-eabi/7.3.1/../../../../arm-none-eabi/lib/thumb/v7e-m/fpv4-sp/hard\libc_nano.a(lib_a-malloc.o)
 .ARM.attributes
                0x00000000000008a0       0x34 c:/st/stm32cubeide_1.4.0/stm32cubeide/plugins/com.st.stm32cube.ide.mcu.externaltools.gnu-tools-for-stm32.7-2018-q2-update.win32_1.5.0.202011040924/tools/bin/../lib/gcc/arm-none-eabi/7.3.1/../../../../arm-none-eabi/lib/thumb/v7e-m/fpv4-sp/hard\libc_nano.a(lib_a-memcpy-stub.o)
 .ARM.attributes
                0x00000000000008d4       0x34 c:/st/stm32cubeide_1.4.0/stm32cubeide/plugins/com.st.stm32cube.ide.mcu.externaltools.gnu-tools-for-stm32.7-2018-q2-update.win32_1.5.0.202011040924/tools/bin/../lib/gcc/arm-none-eabi/7.3.1/../../../../arm-none-eabi/lib/thumb/v7e-m/fpv4-sp/hard\libc_nano.a(lib_a-memset.o)
 .ARM.attributes
                0x0000000000000908       0x34 c:/st/stm32cubeide_1.4.0/stm32cubeide/plugins/com.st.stm32cube.ide.mcu.externaltools.gnu-tools-for-stm32.7-2018-q2-update.win32_1.5.0.202011040924/tools/bin/../lib/gcc/arm-none-eabi/7.3.1/../../../../arm-none-eabi/lib/thumb/v7e-m/fpv4-sp/hard\libc_nano.a(lib_a-nano-freer.o)
 .ARM.attributes
                0x000000000000093c       0x34 c:/st/stm32cubeide_1.4.0/stm32cubeide/plugins/com.st.stm32cube.ide.mcu.externaltools.gnu-tools-for-stm32.7-2018-q2-update.win32_1.5.0.202011040924/tools/bin/../lib/gcc/arm-none-eabi/7.3.1/../../../../arm-none-eabi/lib/thumb/v7e-m/fpv4-sp/hard\libc_nano.a(lib_a-nano-mallocr.o)
 .ARM.attributes
                0x0000000000000970       0x34 c:/st/stm32cubeide_1.4.0/stm32cubeide/plugins/com.st.stm32cube.ide.mcu.externaltools.gnu-tools-for-stm32.7-2018-q2-update.win32_1.5.0.202011040924/tools/bin/../lib/gcc/arm-none-eabi/7.3.1/../../../../arm-none-eabi/lib/thumb/v7e-m/fpv4-sp/hard\libc_nano.a(lib_a-sbrkr.o)
 .ARM.attributes
                0x00000000000009a4       0x34 c:/st/stm32cubeide_1.4.0/stm32cubeide/plugins/com.st.stm32cube.ide.mcu.externaltools.gnu-tools-for-stm32.7-2018-q2-update.win32_1.5.0.202011040924/tools/bin/../lib/gcc/arm-none-eabi/7.3.1/../../../../arm-none-eabi/lib/thumb/v7e-m/fpv4-sp/hard\libc_nano.a(lib_a-mlock.o)
 .ARM.attributes
                0x00000000000009d8       0x34 c:/st/stm32cubeide_1.4.0/stm32cubeide/plugins/com.st.stm32cube.ide.mcu.externaltools.gnu-tools-for-stm32.7-2018-q2-update.win32_1.5.0.202011040924/tools/bin/../lib/gcc/arm-none-eabi/7.3.1/../../../../arm-none-eabi/lib/thumb/v7e-m/fpv4-sp/hard\libc_nano.a(lib_a-reent.o)
 .ARM.attributes
                0x0000000000000a0c       0x22 c:/st/stm32cubeide_1.4.0/stm32cubeide/plugins/com.st.stm32cube.ide.mcu.externaltools.gnu-tools-for-stm32.7-2018-q2-update.win32_1.5.0.202011040924/tools/bin/../lib/gcc/arm-none-eabi/7.3.1/thumb/v7e-m/fpv4-sp/hard\libgcc.a(_aeabi_uldivmod.o)
 .ARM.attributes
                0x0000000000000a2e       0x34 c:/st/stm32cubeide_1.4.0/stm32cubeide/plugins/com.st.stm32cube.ide.mcu.externaltools.gnu-tools-for-stm32.7-2018-q2-update.win32_1.5.0.202011040924/tools/bin/../lib/gcc/arm-none-eabi/7.3.1/thumb/v7e-m/fpv4-sp/hard\libgcc.a(_udivmoddi4.o)
 .ARM.attributes
                0x0000000000000a62       0x22 c:/st/stm32cubeide_1.4.0/stm32cubeide/plugins/com.st.stm32cube.ide.mcu.externaltools.gnu-tools-for-stm32.7-2018-q2-update.win32_1.5.0.202011040924/tools/bin/../lib/gcc/arm-none-eabi/7.3.1/thumb/v7e-m/fpv4-sp/hard\libgcc.a(_dvmd_tls.o)
 .ARM.attributes
                0x0000000000000a84       0x22 c:/st/stm32cubeide_1.4.0/stm32cubeide/plugins/com.st.stm32cube.ide.mcu.externaltools.gnu-tools-for-stm32.7-2018-q2-update.win32_1.5.0.202011040924/tools/bin/../lib/gcc/arm-none-eabi/7.3.1/thumb/v7e-m/fpv4-sp/hard/crtn.o
OUTPUT(WAV_Player.elf elf32-littlearm)

.debug_info     0x0000000000000000    0x27481
 .debug_info    0x0000000000000000      0xb3f Audio/MY_CS43L22.o
 .debug_info    0x0000000000000b3f      0x8fb Audio/audioI2S.o
 .debug_info    0x000000000000143a     0x1897 Audio/wav_player.o
 .debug_info    0x0000000000002cd1     0x255d Core/Src/main.o
 .debug_info    0x000000000000522e      0xce0 Core/Src/stm32f4xx_hal_msp.o
 .debug_info    0x0000000000005f0e      0x8f6 Core/Src/stm32f4xx_it.o
 .debug_info    0x0000000000006804      0x985 Core/Src/sysmem.o
 .debug_info    0x0000000000007189      0x554 Core/Src/system_stm32f4xx.o
 .debug_info    0x00000000000076dd       0x22 Core/Startup/startup_stm32f407vgtx.o
 .debug_info    0x00000000000076ff      0x945 Drivers/STM32F4xx_HAL_Driver/Src/stm32f4xx_hal.o
 .debug_info    0x0000000000008044      0xe28 Drivers/STM32F4xx_HAL_Driver/Src/stm32f4xx_hal_cortex.o
 .debug_info    0x0000000000008e6c      0x968 Drivers/STM32F4xx_HAL_Driver/Src/stm32f4xx_hal_dma.o
 .debug_info    0x00000000000097d4      0x7b5 Drivers/STM32F4xx_HAL_Driver/Src/stm32f4xx_hal_gpio.o
 .debug_info    0x0000000000009f89      0xe5f Drivers/STM32F4xx_HAL_Driver/Src/stm32f4xx_hal_hcd.o
 .debug_info    0x000000000000ade8     0x2426 Drivers/STM32F4xx_HAL_Driver/Src/stm32f4xx_hal_i2c.o
 .debug_info    0x000000000000d20e      0xe5e Drivers/STM32F4xx_HAL_Driver/Src/stm32f4xx_hal_i2s.o
 .debug_info    0x000000000000e06c      0xb76 Drivers/STM32F4xx_HAL_Driver/Src/stm32f4xx_hal_i2s_ex.o
 .debug_info    0x000000000000ebe2      0x904 Drivers/STM32F4xx_HAL_Driver/Src/stm32f4xx_hal_rcc.o
 .debug_info    0x000000000000f4e6      0x5ae Drivers/STM32F4xx_HAL_Driver/Src/stm32f4xx_hal_rcc_ex.o
 .debug_info    0x000000000000fa94     0x18dd Drivers/STM32F4xx_HAL_Driver/Src/stm32f4xx_ll_usb.o
 .debug_info    0x0000000000011371     0x15b4 FATFS/App/fatfs.o
 .debug_info    0x0000000000012925     0x16a9 FATFS/Target/usbh_diskio.o
 .debug_info    0x0000000000013fce     0x1b22 Middlewares/ST/STM32_USB_Host_Library/Class/MSC/Src/usbh_msc.o
 .debug_info    0x0000000000015af0     0x193b Middlewares/ST/STM32_USB_Host_Library/Class/MSC/Src/usbh_msc_bot.o
 .debug_info    0x000000000001742b     0x1997 Middlewares/ST/STM32_USB_Host_Library/Class/MSC/Src/usbh_msc_scsi.o
 .debug_info    0x0000000000018dc2     0x16b2 Middlewares/ST/STM32_USB_Host_Library/Core/Src/usbh_core.o
 .debug_info    0x000000000001a474     0x1772 Middlewares/ST/STM32_USB_Host_Library/Core/Src/usbh_ctlreq.o
 .debug_info    0x000000000001bbe6     0x14df Middlewares/ST/STM32_USB_Host_Library/Core/Src/usbh_ioreq.o
 .debug_info    0x000000000001d0c5     0x1321 Middlewares/ST/STM32_USB_Host_Library/Core/Src/usbh_pipes.o
 .debug_info    0x000000000001e3e6     0x1505 Middlewares/Third_Party/FatFs/src/diskio.o
 .debug_info    0x000000000001f8eb     0x3285 Middlewares/Third_Party/FatFs/src/ff.o
 .debug_info    0x0000000000022b70     0x149d Middlewares/Third_Party/FatFs/src/ff_gen_drv.o
 .debug_info    0x000000000002400d     0x1274 USB_HOST/App/usb_host.o
 .debug_info    0x0000000000025281     0x2200 USB_HOST/Target/usbh_conf.o

.debug_abbrev   0x0000000000000000     0x4e96
 .debug_abbrev  0x0000000000000000      0x18e Audio/MY_CS43L22.o
 .debug_abbrev  0x000000000000018e      0x207 Audio/audioI2S.o
 .debug_abbrev  0x0000000000000395      0x2e4 Audio/wav_player.o
 .debug_abbrev  0x0000000000000679      0x301 Core/Src/main.o
 .debug_abbrev  0x000000000000097a      0x18c Core/Src/stm32f4xx_hal_msp.o
 .debug_abbrev  0x0000000000000b06      0x190 Core/Src/stm32f4xx_it.o
 .debug_abbrev  0x0000000000000c96      0x19b Core/Src/sysmem.o
 .debug_abbrev  0x0000000000000e31      0x12b Core/Src/system_stm32f4xx.o
 .debug_abbrev  0x0000000000000f5c       0x12 Core/Startup/startup_stm32f407vgtx.o
 .debug_abbrev  0x0000000000000f6e      0x1c7 Drivers/STM32F4xx_HAL_Driver/Src/stm32f4xx_hal.o
 .debug_abbrev  0x0000000000001135      0x2fa Drivers/STM32F4xx_HAL_Driver/Src/stm32f4xx_hal_cortex.o
 .debug_abbrev  0x000000000000142f      0x229 Drivers/STM32F4xx_HAL_Driver/Src/stm32f4xx_hal_dma.o
 .debug_abbrev  0x0000000000001658      0x1c9 Drivers/STM32F4xx_HAL_Driver/Src/stm32f4xx_hal_gpio.o
 .debug_abbrev  0x0000000000001821      0x255 Drivers/STM32F4xx_HAL_Driver/Src/stm32f4xx_hal_hcd.o
 .debug_abbrev  0x0000000000001a76      0x254 Drivers/STM32F4xx_HAL_Driver/Src/stm32f4xx_hal_i2c.o
 .debug_abbrev  0x0000000000001cca      0x21b Drivers/STM32F4xx_HAL_Driver/Src/stm32f4xx_hal_i2s.o
 .debug_abbrev  0x0000000000001ee5      0x246 Drivers/STM32F4xx_HAL_Driver/Src/stm32f4xx_hal_i2s_ex.o
 .debug_abbrev  0x000000000000212b      0x245 Drivers/STM32F4xx_HAL_Driver/Src/stm32f4xx_hal_rcc.o
 .debug_abbrev  0x0000000000002370      0x173 Drivers/STM32F4xx_HAL_Driver/Src/stm32f4xx_hal_rcc_ex.o
 .debug_abbrev  0x00000000000024e3      0x26d Drivers/STM32F4xx_HAL_Driver/Src/stm32f4xx_ll_usb.o
 .debug_abbrev  0x0000000000002750      0x262 FATFS/App/fatfs.o
 .debug_abbrev  0x00000000000029b2      0x288 FATFS/Target/usbh_diskio.o
 .debug_abbrev  0x0000000000002c3a      0x30e Middlewares/ST/STM32_USB_Host_Library/Class/MSC/Src/usbh_msc.o
 .debug_abbrev  0x0000000000002f48      0x2cf Middlewares/ST/STM32_USB_Host_Library/Class/MSC/Src/usbh_msc_bot.o
 .debug_abbrev  0x0000000000003217      0x2b5 Middlewares/ST/STM32_USB_Host_Library/Class/MSC/Src/usbh_msc_scsi.o
 .debug_abbrev  0x00000000000034cc      0x362 Middlewares/ST/STM32_USB_Host_Library/Core/Src/usbh_core.o
 .debug_abbrev  0x000000000000382e      0x31b Middlewares/ST/STM32_USB_Host_Library/Core/Src/usbh_ctlreq.o
 .debug_abbrev  0x0000000000003b49      0x279 Middlewares/ST/STM32_USB_Host_Library/Core/Src/usbh_ioreq.o
 .debug_abbrev  0x0000000000003dc2      0x2b1 Middlewares/ST/STM32_USB_Host_Library/Core/Src/usbh_pipes.o
 .debug_abbrev  0x0000000000004073      0x295 Middlewares/Third_Party/FatFs/src/diskio.o
 .debug_abbrev  0x0000000000004308      0x31b Middlewares/Third_Party/FatFs/src/ff.o
 .debug_abbrev  0x0000000000004623      0x2c2 Middlewares/Third_Party/FatFs/src/ff_gen_drv.o
 .debug_abbrev  0x00000000000048e5      0x268 USB_HOST/App/usb_host.o
 .debug_abbrev  0x0000000000004b4d      0x349 USB_HOST/Target/usbh_conf.o

.debug_aranges  0x0000000000000000     0x1448
 .debug_aranges
                0x0000000000000000       0x58 Audio/MY_CS43L22.o
 .debug_aranges
                0x0000000000000058       0x88 Audio/audioI2S.o
 .debug_aranges
                0x00000000000000e0       0x70 Audio/wav_player.o
 .debug_aranges
                0x0000000000000150       0x50 Core/Src/main.o
 .debug_aranges
                0x00000000000001a0       0x40 Core/Src/stm32f4xx_hal_msp.o
 .debug_aranges