Archive member included to satisfy reference by file (symbol)

c:/st/stm32cubeide_1.5.0/stm32cubeide/plugins/com.st.stm32cube.ide.mcu.externaltools.gnu-tools-for-stm32.7-2018-q2-update.win32_1.5.0.202011040924/tools/bin/../lib/gcc/arm-none-eabi/7.3.1/../../../../arm-none-eabi/lib/thumb/v7e-m/fpv4-sp/hard\libc_nano.a(lib_a-errno.o)
                              Core/Src/syscalls.o (__errno)
c:/st/stm32cubeide_1.5.0/stm32cubeide/plugins/com.st.stm32cube.ide.mcu.externaltools.gnu-tools-for-stm32.7-2018-q2-update.win32_1.5.0.202011040924/tools/bin/../lib/gcc/arm-none-eabi/7.3.1/../../../../arm-none-eabi/lib/thumb/v7e-m/fpv4-sp/hard\libc_nano.a(lib_a-exit.o)
                              c:/st/stm32cubeide_1.5.0/stm32cubeide/plugins/com.st.stm32cube.ide.mcu.externaltools.gnu-tools-for-stm32.7-2018-q2-update.win32_1.5.0.202011040924/tools/bin/../lib/gcc/arm-none-eabi/7.3.1/../../../../arm-none-eabi/lib/thumb/v7e-m/fpv4-sp/hard/crt0.o (exit)
c:/st/stm32cubeide_1.5.0/stm32cubeide/plugins/com.st.stm32cube.ide.mcu.externaltools.gnu-tools-for-stm32.7-2018-q2-update.win32_1.5.0.202011040924/tools/bin/../lib/gcc/arm-none-eabi/7.3.1/../../../../arm-none-eabi/lib/thumb/v7e-m/fpv4-sp/hard\libc_nano.a(lib_a-impure.o)
                              c:/st/stm32cubeide_1.5.0/stm32cubeide/plugins/com.st.stm32cube.ide.mcu.externaltools.gnu-tools-for-stm32.7-2018-q2-update.win32_1.5.0.202011040924/tools/bin/../lib/gcc/arm-none-eabi/7.3.1/../../../../arm-none-eabi/lib/thumb/v7e-m/fpv4-sp/hard\libc_nano.a(lib_a-exit.o) (_global_impure_ptr)
c:/st/stm32cubeide_1.5.0/stm32cubeide/plugins/com.st.stm32cube.ide.mcu.externaltools.gnu-tools-for-stm32.7-2018-q2-update.win32_1.5.0.202011040924/tools/bin/../lib/gcc/arm-none-eabi/7.3.1/../../../../arm-none-eabi/lib/thumb/v7e-m/fpv4-sp/hard\libc_nano.a(lib_a-init.o)
                              c:/st/stm32cubeide_1.5.0/stm32cubeide/plugins/com.st.stm32cube.ide.mcu.externaltools.gnu-tools-for-stm32.7-2018-q2-update.win32_1.5.0.202011040924/tools/bin/../lib/gcc/arm-none-eabi/7.3.1/../../../../arm-none-eabi/lib/thumb/v7e-m/fpv4-sp/hard/crt0.o (__libc_init_array)
c:/st/stm32cubeide_1.5.0/stm32cubeide/plugins/com.st.stm32cube.ide.mcu.externaltools.gnu-tools-for-stm32.7-2018-q2-update.win32_1.5.0.202011040924/tools/bin/../lib/gcc/arm-none-eabi/7.3.1/../../../../arm-none-eabi/lib/thumb/v7e-m/fpv4-sp/hard\libc_nano.a(lib_a-malloc.o)
                              Middlewares/ST/STM32_USB_Host_Library/Class/MSC/Src/usbh_msc.o (malloc)
c:/st/stm32cubeide_1.5.0/stm32cubeide/plugins/com.st.stm32cube.ide.mcu.externaltools.gnu-tools-for-stm32.7-2018-q2-update.win32_1.5.0.202011040924/tools/bin/../lib/gcc/arm-none-eabi/7.3.1/../../../../arm-none-eabi/lib/thumb/v7e-m/fpv4-sp/hard\libc_nano.a(lib_a-memcpy-stub.o)
                              Audio/MY_CS43L22.o (memcpy)
c:/st/stm32cubeide_1.5.0/stm32cubeide/plugins/com.st.stm32cube.ide.mcu.externaltools.gnu-tools-for-stm32.7-2018-q2-update.win32_1.5.0.202011040924/tools/bin/../lib/gcc/arm-none-eabi/7.3.1/../../../../arm-none-eabi/lib/thumb/v7e-m/fpv4-sp/hard\libc_nano.a(lib_a-memset.o)
                              c:/st/stm32cubeide_1.5.0/stm32cubeide/plugins/com.st.stm32cube.ide.mcu.externaltools.gnu-tools-for-stm32.7-2018-q2-update.win32_1.5.0.202011040924/tools/bin/../lib/gcc/arm-none-eabi/7.3.1/../../../../arm-none-eabi/lib/thumb/v7e-m/fpv4-sp/hard/crt0.o (memset)
c:/st/stm32cubeide_1.5.0/stm32cubeide/plugins/com.st.stm32cube.ide.mcu.externaltools.gnu-tools-for-stm32.7-2018-q2-update.win32_1.5.0.202011040924/tools/bin/../lib/gcc/arm-none-eabi/7.3.1/../../../../arm-none-eabi/lib/thumb/v7e-m/fpv4-sp/hard\libc_nano.a(lib_a-nano-freer.o)
                              c:/st/stm32cubeide_1.5.0/stm32cubeide/plugins/com.st.stm32cube.ide.mcu.externaltools.gnu-tools-for-stm32.7-2018-q2-update.win32_1.5.0.202011040924/tools/bin/../lib/gcc/arm-none-eabi/7.3.1/../../../../arm-none-eabi/lib/thumb/v7e-m/fpv4-sp/hard\libc_nano.a(lib_a-malloc.o) (_free_r)
c:/st/stm32cubeide_1.5.0/stm32cubeide/plugins/com.st.stm32cube.ide.mcu.externaltools.gnu-tools-for-stm32.7-2018-q2-update.win32_1.5.0.202011040924/tools/bin/../lib/gcc/arm-none-eabi/7.3.1/../../../../arm-none-eabi/lib/thumb/v7e-m/fpv4-sp/hard\libc_nano.a(lib_a-nano-mallocr.o)
                              c:/st/stm32cubeide_1.5.0/stm32cubeide/plugins/com.st.stm32cube.ide.mcu.externaltools.gnu-tools-for-stm32.7-2018-q2-update.win32_1.5.0.202011040924/tools/bin/../lib/gcc/arm-none-eabi/7.3.1/../../../../arm-none-eabi/lib/thumb/v7e-m/fpv4-sp/hard\libc_nano.a(lib_a-malloc.o) (_malloc_r)
c:/st/stm32cubeide_1.5.0/stm32cubeide/plugins/com.st.stm32cube.ide.mcu.externaltools.gnu-tools-for-stm32.7-2018-q2-update.win32_1.5.0.202011040924/tools/bin/../lib/gcc/arm-none-eabi/7.3.1/../../../../arm-none-eabi/lib/thumb/v7e-m/fpv4-sp/hard\libc_nano.a(lib_a-sbrkr.o)
[...]
Memory Configuration

Name             Origin             Length             Attributes
CCMRAM           0x0000000010000000 0x0000000000010000 xrw
RAM              0x0000000020000000 0x0000000000020000 xrw
FLASH            0x0000000008000000 0x0000000000100000 xr
*default*        0x0000000000000000 0xffffffffffffffff

Linker script and memory map

LOAD c:/st/stm32cubeide_1.5.0/stm32cubeide/plugins/com.st.stm32cube.ide.mcu.externaltools.gnu-tools-for-stm32.7-2018-q2-update.win32_1.5.0.202011040924/tools/bin/../lib/gcc/arm-none-eabi/7.3.1/thumb/v7e-m/fpv4-sp/hard/crti.o
LOAD c:/st/stm32cubeide_1.5.0/stm32cubeide/plugins/com.st.stm32cube.ide.mcu.externaltools.gnu-tools-for-stm32.7-2018-q2-update.win32_1.5.0.202011040924/tools/bin/../lib/gcc/arm-none-eabi/7.3.1/thumb/v7e-m/fpv4-sp/hard/crtbegin.o
LOAD c:/st/stm32cubeide_1.5.0/stm32cubeide/plugins/com.st.stm32cube.ide.mcu.externaltools.gnu-tools-for-stm32.7-2018-q2-update.win32_1.5.0.202011040924/tools/bin/../lib/gcc/arm-none-eabi/7.3.1/../../../../arm-none-eabi/lib/thumb/v7e-m/fpv4-sp/hard/crt0.o
LOAD Audio/MY_CS43L22.o
LOAD Audio/audioI2S.o
LOAD Audio/wav_player.o
LOAD Core/Src/main.o
LOAD Core/Src/stm32f4xx_hal_msp.o
LOAD Core/Src/stm32f4xx_it.o
LOAD Core/Src/syscalls.o
LOAD Core/Src/sysmem.o
LOAD Core/Src/system_stm32f4xx.o
LOAD Core/Startup/startup_stm32f407vgtx.o
LOAD Drivers/STM32F4xx_HAL_Driver/Src/stm32f4xx_hal.o
LOAD Drivers/STM32F4xx_HAL_Driver/Src/stm32f4xx_hal_cortex.o
LOAD Drivers/STM32F4xx_HAL_Driver/Src/stm32f4xx_hal_dma.o
LOAD Drivers/STM32F4xx_HAL_Driver/Src/stm32f4xx_hal_dma_ex.o
LOAD Drivers/STM32F4xx_HAL_Driver/Src/stm32f4xx_hal_exti.o
LOAD Drivers/STM32F4xx_HAL_Driver/Src/stm32f4xx_hal_flash.o
LOAD Drivers/STM32F4xx_HAL_Driver/Src/stm32f4xx_hal_flash_ex.o
LOAD Drivers/STM32F4xx_HAL_Driver/Src/stm32f4xx_hal_flash_ramfunc.o
LOAD Drivers/STM32F4xx_HAL_Driver/Src/stm32f4xx_hal_gpio.o
LOAD Drivers/STM32F4xx_HAL_Driver/Src/stm32f4xx_hal_hcd.o
LOAD Drivers/STM32F4xx_HAL_Driver/Src/stm32f4xx_hal_i2c.o
LOAD Drivers/STM32F4xx_HAL_Driver/Src/stm32f4xx_hal_i2c_ex.o
LOAD Drivers/STM32F4xx_HAL_Driver/Src/stm32f4xx_hal_i2s.o
LOAD Drivers/STM32F4xx_HAL_Driver/Src/stm32f4xx_hal_i2s_ex.o
LOAD Drivers/STM32F4xx_HAL_Driver/Src/stm32f4xx_hal_pwr.o
LOAD Drivers/STM32F4xx_HAL_Driver/Src/stm32f4xx_hal_pwr_ex.o
LOAD Drivers/STM32F4xx_HAL_Driver/Src/stm32f4xx_hal_rcc.o
LOAD Drivers/STM32F4xx_HAL_Driver/Src/stm32f4xx_hal_rcc_ex.o
LOAD Drivers/STM32F4xx_HAL_Driver/Src/stm32f4xx_hal_tim.o
LOAD Drivers/STM32F4xx_HAL_Driver/Src/stm32f4xx_hal_tim_ex.o
LOAD Drivers/STM32F4xx_HAL_Driver/Src/stm32f4xx_ll_usb.o
LOAD FATFS/App/fatfs.o
LOAD FATFS/Target/usbh_diskio.o
LOAD FilteringFunctions/arm_fir_init_q31.o
LOAD FilteringFunctions/arm_fir_q31.o
LOAD Middlewares/ST/STM32_USB_Host_Library/Class/MSC/Src/usbh_msc.o
LOAD Middlewares/ST/STM32_USB_Host_Library/Class/MSC/Src/usbh_msc_bot.o
LOAD Middlewares/ST/STM32_USB_Host_Library/Class/MSC/Src/usbh_msc_scsi.o
LOAD Middlewares/ST/STM32_USB_Host_Library/Core/Src/usbh_core.o
LOAD Middlewares/ST/STM32_USB_Host_Library/Core/Src/usbh_ctlreq.o
LOAD Middlewares/ST/STM32_USB_Host_Library/Core/Src/usbh_ioreq.o
LOAD Middlewares/ST/STM32_USB_Host_Library/Core/Src/usbh_pipes.o
LOAD Middlewares/Third_Party/FatFs/src/diskio.o
LOAD Middlewares/Third_Party/FatFs/src/ff.o
LOAD Middlewares/Third_Party/FatFs/src/ff_gen_drv.o
LOAD Middlewares/Third_Party/FatFs/src/option/syscall.o
LOAD USB_HOST/App/usb_host.o
LOAD USB_HOST/Target/usbh_conf.o
START GROUP
LOAD c:/st/stm32cubeide_1.5.0/stm32cubeide/plugins/com.st.stm32cube.ide.mcu.externaltools.gnu-tools-for-stm32.7-2018-q2-update.win32_1.5.0.202011040924/tools/bin/../lib/gcc/arm-none-eabi/7.3.1/../../../../arm-none-eabi/lib/thumb/v7e-m/fpv4-sp/hard\libc_nano.a
LOAD c:/st/stm32cubeide_1.5.0/stm32cubeide/plugins/com.st.stm32cube.ide.mcu.externaltools.gnu-tools-for-stm32.7-2018-q2-update.win32_1.5.0.202011040924/tools/bin/../lib/gcc/arm-none-eabi/7.3.1/../../../../arm-none-eabi/lib/thumb/v7e-m/fpv4-sp/hard\libm.a
END GROUP
START GROUP
LOAD c:/st/stm32cubeide_1.5.0/stm32cubeide/plugins/com.st.stm32cube.ide.mcu.externaltools.gnu-tools-for-stm32.7-2018-q2-update.win32_1.5.0.202011040924/tools/bin/../lib/gcc/arm-none-eabi/7.3.1/thumb/v7e-m/fpv4-sp/hard\libgcc.a
LOAD c:/st/stm32cubeide_1.5.0/stm32cubeide/plugins/com.st.stm32cube.ide.mcu.externaltools.gnu-tools-for-stm32.7-2018-q2-update.win32_1.5.0.202011040924/tools/bin/../lib/gcc/arm-none-eabi/7.3.1/../../../../arm-none-eabi/lib/thumb/v7e-m/fpv4-sp/hard\libc_nano.a
END GROUP
START GROUP
LOAD c:/st/stm32cubeide_1.5.0/stm32cubeide/plugins/com.st.stm32cube.ide.mcu.externaltools.gnu-tools-for-stm32.7-2018-q2-update.win32_1.5.0.202011040924/tools/bin/../lib/gcc/arm-none-eabi/7.3.1/thumb/v7e-m/fpv4-sp/hard\libgcc.a
LOAD c:/st/stm32cubeide_1.5.0/stm32cubeide/plugins/com.st.stm32cube.ide.mcu.externaltools.gnu-tools-for-stm32.7-2018-q2-update.win32_1.5.0.202011040924/tools/bin/../lib/gcc/arm-none-eabi/7.3.1/../../../../arm-none-eabi/lib/thumb/v7e-m/fpv4-sp/hard\libc_nano.a
LOAD c:/st/stm32cubeide_1.5.0/stm32cubeide/plugins/com.st.stm32cube.ide.mcu.externaltools.gnu-tools-for-stm32.7-2018-q2-update.win32_1.5.0.202011040924/tools/bin/../lib/gcc/arm-none-eabi/7.3.1/../../../../arm-none-eabi/lib/thumb/v7e-m/fpv4-sp/hard\libnosys.a
END GROUP
START GROUP
LOAD c:/st/stm32cubeide_1.5.0/stm32cubeide/plugins/com.st.stm32cube.ide.mcu.externaltools.gnu-tools-for-stm32.7-2018-q2-update.win32_1.5.0.202011040924/tools/bin/../lib/gcc/arm-none-eabi/7.3.1/thumb/v7e-m/fpv4-sp/hard\libgcc.a
LOAD c:/st/stm32cubeide_1.5.0/stm32cubeide/plugins/com.st.stm32cube.ide.mcu.externaltools.gnu-tools-for-stm32.7-2018-q2-update.win32_1.5.0.202011040924/tools/bin/../lib/gcc/arm-none-eabi/7.3.1/../../../../arm-none-eabi/lib/thumb/v7e-m/fpv4-sp/hard\libc_nano.a
LOAD c:/st/stm32cubeide_1.5.0/stm32cubeide/plugins/com.st.stm32cube.ide.mcu.externaltools.gnu-tools-for-stm32.7-2018-q2-update.win32_1.5.0.202011040924/tools/bin/../lib/gcc/arm-none-eabi/7.3.1/../../../../arm-none-eabi/lib/thumb/v7e-m/fpv4-sp/hard\libnosys.a
END GROUP
LOAD c:/st/stm32cubeide_1.5.0/stm32cubeide/plugins/com.st.stm32cube.ide.mcu.externaltools.gnu-tools-for-stm32.7-2018-q2-update.win32_1.5.0.202011040924/tools/bin/../lib/gcc/arm-none-eabi/7.3.1/thumb/v7e-m/fpv4-sp/hard/crtend.o
LOAD c:/st/stm32cubeide_1.5.0/stm32cubeide/plugins/com.st.stm32cube.ide.mcu.externaltools.gnu-tools-for-stm32.7-2018-q2-update.win32_1.5.0.202011040924/tools/bin/../lib/gcc/arm-none-eabi/7.3.1/thumb/v7e-m/fpv4-sp/hard/crtn.o
                0x0000000020020000                _estack = (ORIGIN (RAM) + LENGTH (RAM))
                0x0000000000002000                _Min_Heap_Size = 0x2000
                0x0000000000002000                _Min_Stack_Size = 0x2000

.isr_vector     0x0000000008000000      0x188
                0x0000000008000000                . = ALIGN (0x4)
 *(.isr_vector)
 .isr_vector    0x0000000008000000      0x188 Core/Startup/startup_stm32f407vgtx.o
                0x0000000008000000                g_pfnVectors
                0x0000000008000188                . = ALIGN (0x4)

.text           0x0000000008000188     0xd930
                0x0000000008000188                . = ALIGN (0x4)
 *(.text)
 .text          0x0000000008000188       0x40 c:/st/stm32cubeide_1.5.0/stm32cubeide/plugins/com.st.stm32cube.ide.mcu.externaltools.gnu-tools-for-stm32.7-2018-q2-update.win32_1.5.0.202011040924/tools/bin/../lib/gcc/arm-none-eabi/7.3.1/thumb/v7e-m/fpv4-sp/hard/crtbegin.o
 .text          0x00000000080001c8       0x30 c:/st/stm32cubeide_1.5.0/stm32cubeide/plugins/com.st.stm32cube.ide.mcu.externaltools.gnu-tools-for-stm32.7-2018-q2-update.win32_1.5.0.202011040924/tools/bin/../lib/gcc/arm-none-eabi/7.3.1/thumb/v7e-m/fpv4-sp/hard\libgcc.a(_aeabi_uldivmod.o)
                0x00000000080001c8                __aeabi_uldivmod
 .text          0x00000000080001f8      0x2cc c:/st/stm32cubeide_1.5.0/stm32cubeide/plugins/com.st.stm32cube.ide.mcu.externaltools.gnu-tools-for-stm32.7-2018-q2-update.win32_1.5.0.202011040924/tools/bin/../lib/gcc/arm-none-eabi/7.3.1/thumb/v7e-m/fpv4-sp/hard\libgcc.a(_udivmoddi4.o)
                0x00000000080001f8                __udivmoddi4
 .text          0x00000000080004c4        0x4 c:/st/stm32cubeide_1.5.0/stm32cubeide/plugins/com.st.stm32cube.ide.mcu.externaltools.gnu-tools-for-stm32.7-2018-q2-update.win32_1.5.0.202011040924/tools/bin/../lib/gcc/arm-none-eabi/7.3.1/thumb/v7e-m/fpv4-sp/hard\libgcc.a(_dvmd_tls.o)
                0x00000000080004c4                __aeabi_idiv0
                0x00000000080004c4                __aeabi_ldiv0
 *(.text*)
 .text.write_register
                0x00000000080004c8       0x34 Audio/MY_CS43L22.o
 .text.read_register
                0x00000000080004fc       0x40 Audio/MY_CS43L22.o
 .text.CS43_Init
                0x000000000800053c      0x20c Audio/MY_CS43L22.o
                0x000000000800053c                CS43_Init
 .text.CS43_Enable_RightLeft
                0x0000000008000748       0x94 Audio/MY_CS43L22.o
                0x0000000008000748                CS43_Enable_RightLeft
 .text.CS43_SetVolume
                0x00000000080007dc       0x36 Audio/MY_CS43L22.o
                0x00000000080007dc                CS43_SetVolume
 .text.CS43_SetMute
                0x0000000008000812       0x7e Audio/MY_CS43L22.o
                0x0000000008000812                CS43_SetMute
 .text.CS43_Start
                0x0000000008000890       0x98 Audio/MY_CS43L22.o
                0x0000000008000890                CS43_Start
 .text.CS43_Stop
                0x0000000008000928       0x34 Audio/MY_CS43L22.o
                0x0000000008000928                CS43_Stop
 .text.audioI2S_pllClockConfig
                0x000000000800095c       0x98 Audio/audioI2S.o
 .text.I2S3_freqUpdate
                0x00000000080009f4       0x88 Audio/audioI2S.o
 .text.audioI2S_setHandle
                0x0000000008000a7c       0x20 Audio/audioI2S.o
                0x0000000008000a7c                audioI2S_setHandle
 .text.audioI2S_init
                0x0000000008000a9c       0x1e Audio/audioI2S.o
                0x0000000008000a9c                audioI2S_init
 *fill*         0x0000000008000aba        0x2 
 .text.audioI2S_play
                0x0000000008000abc       0x3c Audio/audioI2S.o
                0x0000000008000abc                audioI2S_play
 .text.audioI2S_pause
                0x0000000008000af8       0x1c Audio/audioI2S.o
                0x0000000008000af8                audioI2S_pause
 .text.audioI2S_resume
                0x0000000008000b14       0x1c Audio/audioI2S.o
                0x0000000008000b14                audioI2S_resume
 .text.audioI2S_stop
                0x0000000008000b30       0x1c Audio/audioI2S.o
                0x0000000008000b30                audioI2S_stop
 .text.HAL_I2S_TxCpltCallback
                0x0000000008000b4c       0x24 Audio/audioI2S.o
                0x0000000008000b4c                HAL_I2S_TxCpltCallback
 .text.HAL_I2S_TxHalfCpltCallback
                0x0000000008000b70       0x24 Audio/audioI2S.o
                0x0000000008000b70                HAL_I2S_TxHalfCpltCallback
 .text.util_calculate_filter
                0x0000000008000b94       0xd0 Audio/wav_player.o
                0x0000000008000b94                util_calculate_filter
 .text.wavPlayer_reset
                0x0000000008000c64       0x24 Audio/wav_player.o
 .text.wavPlayer_fileSelect
                0x0000000008000c88       0x54 Audio/wav_player.o
                0x0000000008000c88                wavPlayer_fileSelect
 .text.wavPlayer_play
                0x0000000008000cdc       0x6c Audio/wav_player.o
                0x0000000008000cdc                wavPlayer_play
 .text.wavPlayer_process
                0x0000000008000d48       0xf8 Audio/wav_player.o
                0x0000000008000d48                wavPlayer_process
 .text.wavPlayer_stop
                0x0000000008000e40       0x18 Audio/wav_player.o
                0x0000000008000e40                wavPlayer_stop
 .text.wavPlayer_pause
                0x0000000008000e58        0xc Audio/wav_player.o
                0x0000000008000e58                wavPlayer_pause
 .text.wavPlayer_resume
                0x0000000008000e64        0xc Audio/wav_player.o
                0x0000000008000e64                wavPlayer_resume
 .text.wavPlayer_isFinished
                0x0000000008000e70       0x18 Audio/wav_player.o
                0x0000000008000e70                wavPlayer_isFinished
 .text.audioI2S_halfTransfer_Callback
                0x0000000008000e88       0x18 Audio/wav_player.o
                0x0000000008000e88                audioI2S_halfTransfer_Callback
 .text.audioI2S_fullTransfer_Callback
                0x0000000008000ea0       0x18 Audio/wav_player.o
                0x0000000008000ea0                audioI2S_fullTransfer_Callback
 .text.main     0x0000000008000eb8      0x1a0 Core/Src/main.o
                0x0000000008000eb8                main
 .text.SystemClock_Config
                0x0000000008001058      0x104 Core/Src/main.o
                0x0000000008001058                SystemClock_Config
 .text.MX_I2C1_Init
                0x000000000800115c       0x5c Core/Src/main.o
 .text.MX_I2S3_Init
                0x00000000080011b8       0x5c Core/Src/main.o
 .text.MX_DMA_Init
                0x0000000008001214       0x40 Core/Src/main.o
 .text.MX_GPIO_Init
                0x0000000008001254      0x124 Core/Src/main.o
 .text.Error_Handler
                0x0000000008001378        0xe Core/Src/main.o
                0x0000000008001378                Error_Handler
 *fill*         0x0000000008001386        0x2 
 .text.HAL_MspInit
                0x0000000008001388       0x50 Core/Src/stm32f4xx_hal_msp.o
                0x0000000008001388                HAL_MspInit
 .text.HAL_I2C_MspInit
                0x00000000080013d8       0x90 Core/Src/stm32f4xx_hal_msp.o
                0x00000000080013d8                HAL_I2C_MspInit
 .text.HAL_I2S_MspInit
                0x0000000008001468      0x14c Core/Src/stm32f4xx_hal_msp.o
                0x0000000008001468                HAL_I2S_MspInit
 .text.NMI_Handler
                0x00000000080015b4        0xe Core/Src/stm32f4xx_it.o
                0x00000000080015b4                NMI_Handler
 .text.HardFault_Handler
                0x00000000080015c2        0x6 Core/Src/stm32f4xx_it.o
                0x00000000080015c2                HardFault_Handler
 .text.MemManage_Handler
                0x00000000080015c8        0x6 Core/Src/stm32f4xx_it.o
                0x00000000080015c8                MemManage_Handler
 .text.BusFault_Handler
                0x00000000080015ce        0x6 Core/Src/stm32f4xx_it.o
                0x00000000080015ce                BusFault_Handler
 .text.UsageFault_Handler
                0x00000000080015d4        0x6 Core/Src/stm32f4xx_it.o
                0x00000000080015d4                UsageFault_Handler
 .text.SVC_Handler
                0x00000000080015da        0xe Core/Src/stm32f4xx_it.o
                0x00000000080015da                SVC_Handler
 .text.DebugMon_Handler
                0x00000000080015e8        0xe Core/Src/stm32f4xx_it.o
                0x00000000080015e8                DebugMon_Handler
 .text.PendSV_Handler
                0x00000000080015f6        0xe Core/Src/stm32f4xx_it.o
                0x00000000080015f6                PendSV_Handler
 .text.SysTick_Handler
                0x0000000008001604        0xc Core/Src/stm32f4xx_it.o
                0x0000000008001604                SysTick_Handler
 .text.DMA1_Stream5_IRQHandler
                0x0000000008001610       0x14 Core/Src/stm32f4xx_it.o
                0x0000000008001610                DMA1_Stream5_IRQHandler
 .text.OTG_FS_IRQHandler
                0x0000000008001624       0x14 Core/Src/stm32f4xx_it.o
                0x0000000008001624                OTG_FS_IRQHandler
 .text._sbrk    0x0000000008001638       0x6c Core/Src/sysmem.o
                0x0000000008001638                _sbrk
 .text.SystemInit
                0x00000000080016a4       0x2c Core/Src/system_stm32f4xx.o
                0x00000000080016a4                SystemInit
 .text.Reset_Handler
                0x00000000080016d0       0x50 Core/Startup/startup_stm32f407vgtx.o
                0x00000000080016d0                Reset_Handler
 .text.Default_Handler
                0x0000000008001720        0x2 Core/Startup/startup_stm32f407vgtx.o
                0x0000000008001720                RTC_Alarm_IRQHandler
                0x0000000008001720                HASH_RNG_IRQHandler
                0x0000000008001720                EXTI2_IRQHandler
                0x0000000008001720                TIM8_CC_IRQHandler
                0x0000000008001720                TIM1_CC_IRQHandler
                0x0000000008001720                DMA2_Stream5_IRQHandler
                0x0000000008001720                PVD_IRQHandler
                0x0000000008001720                SDIO_IRQHandler
                0x0000000008001720                TAMP_STAMP_IRQHandler
                0x0000000008001720                CAN2_RX1_IRQHandler
                0x0000000008001720                EXTI3_IRQHandler
                0x0000000008001720                TIM8_TRG_COM_TIM14_IRQHandler
                0x0000000008001720                TIM1_UP_TIM10_IRQHandler
                0x0000000008001720                TIM8_UP_TIM13_IRQHandler
                0x0000000008001720                I2C3_ER_IRQHandler
                0x0000000008001720                EXTI0_IRQHandler
                0x0000000008001720                I2C2_EV_IRQHandler
                0x0000000008001720                DMA1_Stream2_IRQHandler
                0x0000000008001720                CAN1_RX0_IRQHandler
                0x0000000008001720                FPU_IRQHandler
                0x0000000008001720                OTG_HS_WKUP_IRQHandler
                0x0000000008001720                CAN2_SCE_IRQHandler
                0x0000000008001720                DMA2_Stream2_IRQHandler
                0x0000000008001720                SPI1_IRQHandler
                0x0000000008001720                TIM6_DAC_IRQHandler
                0x0000000008001720                TIM1_BRK_TIM9_IRQHandler
                0x0000000008001720                DCMI_IRQHandler
                0x0000000008001720                CAN2_RX0_IRQHandler
                0x0000000008001720                DMA2_Stream3_IRQHandler
                0x0000000008001720                USART6_IRQHandler
                0x0000000008001720                USART3_IRQHandler
                0x0000000008001720                CAN1_RX1_IRQHandler
                0x0000000008001720                UART5_IRQHandler
                0x0000000008001720                DMA2_Stream0_IRQHandler
                0x0000000008001720                TIM4_IRQHandler
                0x0000000008001720                I2C1_EV_IRQHandler
                0x0000000008001720                DMA1_Stream6_IRQHandler
                0x0000000008001720                DMA1_Stream1_IRQHandler
                0x0000000008001720                UART4_IRQHandler
                0x0000000008001720                TIM3_IRQHandler
                0x0000000008001720                RCC_IRQHandler
                0x0000000008001720                TIM8_BRK_TIM12_IRQHandler
                0x0000000008001720                Default_Handler
                0x0000000008001720                EXTI15_10_IRQHandler
                0x0000000008001720                ADC_IRQHandler
                0x0000000008001720                DMA1_Stream7_IRQHandler
                0x0000000008001720                TIM7_IRQHandler
                0x0000000008001720                CAN2_TX_IRQHandler
                0x0000000008001720                TIM5_IRQHandler
                0x0000000008001720                DMA2_Stream7_IRQHandler
                0x0000000008001720                I2C3_EV_IRQHandler
                0x0000000008001720                EXTI9_5_IRQHandler
                0x0000000008001720                RTC_WKUP_IRQHandler
                0x0000000008001720                ETH_WKUP_IRQHandler
                0x0000000008001720                SPI2_IRQHandler
                0x0000000008001720                OTG_HS_EP1_IN_IRQHandler
                0x0000000008001720                DMA1_Stream0_IRQHandler
                0x0000000008001720                CAN1_TX_IRQHandler
                0x0000000008001720                EXTI4_IRQHandler
                0x0000000008001720                FSMC_IRQHandler
                0x0000000008001720                ETH_IRQHandler
                0x0000000008001720                OTG_HS_EP1_OUT_IRQHandler
                0x0000000008001720                WWDG_IRQHandler
                0x0000000008001720                TIM2_IRQHandler
                0x0000000008001720                OTG_FS_WKUP_IRQHandler
                0x0000000008001720                TIM1_TRG_COM_TIM11_IRQHandler
                0x0000000008001720                OTG_HS_IRQHandler
                0x0000000008001720                EXTI1_IRQHandler
                0x0000000008001720                USART2_IRQHandler
                0x0000000008001720                I2C2_ER_IRQHandler
                0x0000000008001720                DMA2_Stream1_IRQHandler
                0x0000000008001720                CAN1_SCE_IRQHandler
                0x0000000008001720                FLASH_IRQHandler
                0x0000000008001720                DMA2_Stream4_IRQHandler
                0x0000000008001720                USART1_IRQHandler
                0x0000000008001720                SPI3_IRQHandler
                0x0000000008001720                DMA1_Stream4_IRQHandler
                0x0000000008001720                I2C1_ER_IRQHandler
                0x0000000008001720                DMA2_Stream6_IRQHandler
                0x0000000008001720                DMA1_Stream3_IRQHandler
 *fill*         0x0000000008001722        0x2 
 .text.HAL_Init
                0x0000000008001724       0x44 Drivers/STM32F4xx_HAL_Driver/Src/stm32f4xx_hal.o
                0x0000000008001724                HAL_Init
 .text.HAL_InitTick
                0x0000000008001768       0x60 Drivers/STM32F4xx_HAL_Driver/Src/stm32f4xx_hal.o
                0x0000000008001768                HAL_InitTick
 .text.HAL_IncTick
                0x00000000080017c8       0x28 Drivers/STM32F4xx_HAL_Driver/Src/stm32f4xx_hal.o
                0x00000000080017c8                HAL_IncTick
 .text.HAL_GetTick
                0x00000000080017f0       0x18 Drivers/STM32F4xx_HAL_Driver/Src/stm32f4xx_hal.o
                0x00000000080017f0                HAL_GetTick
 .text.HAL_Delay
                0x0000000008001808       0x44 Drivers/STM32F4xx_HAL_Driver/Src/stm32f4xx_hal.o
                0x0000000008001808                HAL_Delay
 .text.__NVIC_SetPriorityGrouping
                0x000000000800184c       0x48 Drivers/STM32F4xx_HAL_Driver/Src/stm32f4xx_hal_cortex.o
 .text.__NVIC_GetPriorityGrouping
                0x0000000008001894       0x1c Drivers/STM32F4xx_HAL_Driver/Src/stm32f4xx_hal_cortex.o
 .text.__NVIC_EnableIRQ
                0x00000000080018b0       0x3c Drivers/STM32F4xx_HAL_Driver/Src/stm32f4xx_hal_cortex.o
 .text.__NVIC_SetPriority
                0x00000000080018ec       0x54 Drivers/STM32F4xx_HAL_Driver/Src/stm32f4xx_hal_cortex.o
 .text.NVIC_EncodePriority
                0x0000000008001940       0x66 Drivers/STM32F4xx_HAL_Driver/Src/stm32f4xx_hal_cortex.o
 *fill*         0x00000000080019a6        0x2 
 .text.SysTick_Config
                0x00000000080019a8       0x44 Drivers/STM32F4xx_HAL_Driver/Src/stm32f4xx_hal_cortex.o
 .text.HAL_NVIC_SetPriorityGrouping
                0x00000000080019ec       0x16 Drivers/STM32F4xx_HAL_Driver/Src/stm32f4xx_hal_cortex.o
                0x00000000080019ec                HAL_NVIC_SetPriorityGrouping
 .text.HAL_NVIC_SetPriority
                0x0000000008001a02       0x38 Drivers/STM32F4xx_HAL_Driver/Src/stm32f4xx_hal_cortex.o
                0x0000000008001a02                HAL_NVIC_SetPriority
 .text.HAL_NVIC_EnableIRQ
                0x0000000008001a3a       0x1c Drivers/STM32F4xx_HAL_Driver/Src/stm32f4xx_hal_cortex.o
                0x0000000008001a3a                HAL_NVIC_EnableIRQ
 .text.HAL_SYSTICK_Config
                0x0000000008001a56       0x18 Drivers/STM32F4xx_HAL_Driver/Src/stm32f4xx_hal_cortex.o
                0x0000000008001a56                HAL_SYSTICK_Config
 *fill*         0x0000000008001a6e        0x2 
 .text.HAL_DMA_Init
                0x0000000008001a70      0x15c Drivers/STM32F4xx_HAL_Driver/Src/stm32f4xx_hal_dma.o
                0x0000000008001a70                HAL_DMA_Init
 .text.HAL_DMA_Start_IT
                0x0000000008001bcc       0xb0 Drivers/STM32F4xx_HAL_Driver/Src/stm32f4xx_hal_dma.o
                0x0000000008001bcc                HAL_DMA_Start_IT
 .text.HAL_DMA_Abort
                0x0000000008001c7c       0xe0 Drivers/STM32F4xx_HAL_Driver/Src/stm32f4xx_hal_dma.o
                0x0000000008001c7c                HAL_DMA_Abort
 .text.HAL_DMA_IRQHandler
                0x0000000008001d5c      0x314 Drivers/STM32F4xx_HAL_Driver/Src/stm32f4xx_hal_dma.o
                0x0000000008001d5c                HAL_DMA_IRQHandler
 .text.DMA_SetConfig
                0x0000000008002070       0x5c Drivers/STM32F4xx_HAL_Driver/Src/stm32f4xx_hal_dma.o
 .text.DMA_CalcBaseAndBitshift
                0x00000000080020cc       0x6c Drivers/STM32F4xx_HAL_Driver/Src/stm32f4xx_hal_dma.o
 .text.DMA_CheckFifoParam
                0x0000000008002138       0xf4 Drivers/STM32F4xx_HAL_Driver/Src/stm32f4xx_hal_dma.o
 .text.HAL_GPIO_Init
                0x000000000800222c      0x334 Drivers/STM32F4xx_HAL_Driver/Src/stm32f4xx_hal_gpio.o
                0x000000000800222c                HAL_GPIO_Init
 .text.HAL_GPIO_ReadPin
                0x0000000008002560       0x30 Drivers/STM32F4xx_HAL_Driver/Src/stm32f4xx_hal_gpio.o
                0x0000000008002560                HAL_GPIO_ReadPin
 .text.HAL_GPIO_WritePin
                0x0000000008002590       0x32 Drivers/STM32F4xx_HAL_Driver/Src/stm32f4xx_hal_gpio.o
                0x0000000008002590                HAL_GPIO_WritePin
 .text.HAL_HCD_Init
                0x00000000080025c2       0xc4 Drivers/STM32F4xx_HAL_Driver/Src/stm32f4xx_hal_hcd.o
                0x00000000080025c2                HAL_HCD_Init
 .text.HAL_HCD_HC_Init
                0x0000000008002686      0x130 Drivers/STM32F4xx_HAL_Driver/Src/stm32f4xx_hal_hcd.o
                0x0000000008002686                HAL_HCD_HC_Init
 .text.HAL_HCD_HC_Halt
                0x00000000080027b6       0x46 Drivers/STM32F4xx_HAL_Driver/Src/stm32f4xx_hal_hcd.o
                0x00000000080027b6                HAL_HCD_HC_Halt
 .text.HAL_HCD_HC_SubmitRequest
                0x00000000080027fc      0x2e4 Drivers/STM32F4xx_HAL_Driver/Src/stm32f4xx_hal_hcd.o
                0x00000000080027fc                HAL_HCD_HC_SubmitRequest
 .text.HAL_HCD_IRQHandler
                0x0000000008002ae0      0x208 Drivers/STM32F4xx_HAL_Driver/Src/stm32f4xx_hal_hcd.o
                0x0000000008002ae0                HAL_HCD_IRQHandler
 .text.HAL_HCD_Start
                0x0000000008002ce8       0x46 Drivers/STM32F4xx_HAL_Driver/Src/stm32f4xx_hal_hcd.o
                0x0000000008002ce8                HAL_HCD_Start
 .text.HAL_HCD_Stop
                0x0000000008002d2e       0x3a Drivers/STM32F4xx_HAL_Driver/Src/stm32f4xx_hal_hcd.o
                0x0000000008002d2e                HAL_HCD_Stop
 .text.HAL_HCD_ResetPort
                0x0000000008002d68       0x1c Drivers/STM32F4xx_HAL_Driver/Src/stm32f4xx_hal_hcd.o
                0x0000000008002d68                HAL_HCD_ResetPort
 .text.HAL_HCD_HC_GetURBState
                0x0000000008002d84       0x2a Drivers/STM32F4xx_HAL_Driver/Src/stm32f4xx_hal_hcd.o
                0x0000000008002d84                HAL_HCD_HC_GetURBState
 .text.HAL_HCD_HC_GetXferCount
                0x0000000008002dae       0x2a Drivers/STM32F4xx_HAL_Driver/Src/stm32f4xx_hal_hcd.o
                0x0000000008002dae                HAL_HCD_HC_GetXferCount
 .text.HAL_HCD_GetCurrentFrame
                0x0000000008002dd8       0x1c Drivers/STM32F4xx_HAL_Driver/Src/stm32f4xx_hal_hcd.o
                0x0000000008002dd8                HAL_HCD_GetCurrentFrame
 .text.HAL_HCD_GetCurrentSpeed
                0x0000000008002df4       0x1c Drivers/STM32F4xx_HAL_Driver/Src/stm32f4xx_hal_hcd.o
                0x0000000008002df4                HAL_HCD_GetCurrentSpeed
 .text.HCD_HC_IN_IRQHandler
                0x0000000008002e10      0x86a Drivers/STM32F4xx_HAL_Driver/Src/stm32f4xx_hal_hcd.o
 .text.HCD_HC_OUT_IRQHandler
                0x000000000800367a      0x6ea Drivers/STM32F4xx_HAL_Driver/Src/stm32f4xx_hal_hcd.o
 .text.HCD_RXQLVL_IRQHandler
                0x0000000008003d64      0x158 Drivers/STM32F4xx_HAL_Driver/Src/stm32f4xx_hal_hcd.o
 .text.HCD_Port_IRQHandler
                0x0000000008003ebc       0xe6 Drivers/STM32F4xx_HAL_Driver/Src/stm32f4xx_hal_hcd.o
 *fill*         0x0000000008003fa2        0x2 
 .text.HAL_I2C_Init
                0x0000000008003fa4      0x270 Drivers/STM32F4xx_HAL_Driver/Src/stm32f4xx_hal_i2c.o
                0x0000000008003fa4                HAL_I2C_Init
 .text.HAL_I2C_Master_Transmit
                0x0000000008004214      0x1fc Drivers/STM32F4xx_HAL_Driver/Src/stm32f4xx_hal_i2c.o
                0x0000000008004214                HAL_I2C_Master_Transmit
 .text.HAL_I2C_Master_Receive
                0x0000000008004410      0x44c Drivers/STM32F4xx_HAL_Driver/Src/stm32f4xx_hal_i2c.o
                0x0000000008004410                HAL_I2C_Master_Receive
 .text.I2C_MasterRequestWrite
                0x000000000800485c      0x104 Drivers/STM32F4xx_HAL_Driver/Src/stm32f4xx_hal_i2c.o
 .text.I2C_MasterRequestRead
                0x0000000008004960      0x19c Drivers/STM32F4xx_HAL_Driver/Src/stm32f4xx_hal_i2c.o
 .text.I2C_WaitOnFlagUntilTimeout
                0x0000000008004afc       0xae Drivers/STM32F4xx_HAL_Driver/Src/stm32f4xx_hal_i2c.o
 .text.I2C_WaitOnMasterAddressFlagUntilTimeout
                0x0000000008004baa       0xfe Drivers/STM32F4xx_HAL_Driver/Src/stm32f4xx_hal_i2c.o
 .text.I2C_WaitOnTXEFlagUntilTimeout
                0x0000000008004ca8       0x82 Drivers/STM32F4xx_HAL_Driver/Src/stm32f4xx_hal_i2c.o
 .text.I2C_WaitOnBTFFlagUntilTimeout
                0x0000000008004d2a       0x82 Drivers/STM32F4xx_HAL_Driver/Src/stm32f4xx_hal_i2c.o
 .text.I2C_WaitOnRXNEFlagUntilTimeout
                0x0000000008004dac       0xac Drivers/STM32F4xx_HAL_Driver/Src/stm32f4xx_hal_i2c.o
 .text.I2C_IsAcknowledgeFailed
                0x0000000008004e58       0x5e Drivers/STM32F4xx_HAL_Driver/Src/stm32f4xx_hal_i2c.o
 *fill*         0x0000000008004eb6        0x2 
 .text.HAL_I2S_Init
                0x0000000008004eb8      0x280 Drivers/STM32F4xx_HAL_Driver/Src/stm32f4xx_hal_i2s.o
                0x0000000008004eb8                HAL_I2S_Init
 .text.HAL_I2S_Transmit_DMA
                0x0000000008005138      0x150 Drivers/STM32F4xx_HAL_Driver/Src/stm32f4xx_hal_i2s.o
                0x0000000008005138                HAL_I2S_Transmit_DMA
 .text.HAL_I2S_DMAPause
                0x0000000008005288       0xc4 Drivers/STM32F4xx_HAL_Driver/Src/stm32f4xx_hal_i2s.o
                0x0000000008005288                HAL_I2S_DMAPause
 .text.HAL_I2S_DMAResume
                0x000000000800534c      0x128 Drivers/STM32F4xx_HAL_Driver/Src/stm32f4xx_hal_i2s.o
                0x000000000800534c                HAL_I2S_DMAResume
 .text.HAL_I2S_DMAStop
                0x0000000008005474      0x3b4 Drivers/STM32F4xx_HAL_Driver/Src/stm32f4xx_hal_i2s.o
                0x0000000008005474                HAL_I2S_DMAStop
 .text.HAL_I2S_RxCpltCallback
                0x0000000008005828       0x14 Drivers/STM32F4xx_HAL_Driver/Src/stm32f4xx_hal_i2s.o
                0x0000000008005828                HAL_I2S_RxCpltCallback
 .text.HAL_I2S_ErrorCallback
                0x000000000800583c       0x14 Drivers/STM32F4xx_HAL_Driver/Src/stm32f4xx_hal_i2s.o
                0x000000000800583c                HAL_I2S_ErrorCallback
 .text.I2S_DMATxCplt
                0x0000000008005850       0x42 Drivers/STM32F4xx_HAL_Driver/Src/stm32f4xx_hal_i2s.o
 .text.I2S_DMATxHalfCplt
                0x0000000008005892       0x1c Drivers/STM32F4xx_HAL_Driver/Src/stm32f4xx_hal_i2s.o
 .text.I2S_DMAError
                0x00000000080058ae       0x4c Drivers/STM32F4xx_HAL_Driver/Src/stm32f4xx_hal_i2s.o
 .text.I2S_Transmit_IT
                0x00000000080058fa       0x5c Drivers/STM32F4xx_HAL_Driver/Src/stm32f4xx_hal_i2s.o
 .text.I2S_Receive_IT
                0x0000000008005956       0x5e Drivers/STM32F4xx_HAL_Driver/Src/stm32f4xx_hal_i2s.o
 .text.I2S_IRQHandler
                0x00000000080059b4      0x114 Drivers/STM32F4xx_HAL_Driver/Src/stm32f4xx_hal_i2s.o
 .text.I2S_WaitFlagStateUntilTimeout
                0x0000000008005ac8       0x72 Drivers/STM32F4xx_HAL_Driver/Src/stm32f4xx_hal_i2s.o
 *fill*         0x0000000008005b3a        0x2 
 .text.HAL_I2SEx_FullDuplex_IRQHandler
                0x0000000008005b3c      0x2a8 Drivers/STM32F4xx_HAL_Driver/Src/stm32f4xx_hal_i2s_ex.o
                0x0000000008005b3c                HAL_I2SEx_FullDuplex_IRQHandler
 .text.HAL_I2SEx_TxRxCpltCallback
                0x0000000008005de4       0x14 Drivers/STM32F4xx_HAL_Driver/Src/stm32f4xx_hal_i2s_ex.o
                0x0000000008005de4                HAL_I2SEx_TxRxCpltCallback
 .text.I2SEx_TxISR_I2S
                0x0000000008005df8       0x62 Drivers/STM32F4xx_HAL_Driver/Src/stm32f4xx_hal_i2s_ex.o
 *fill*         0x0000000008005e5a        0x2 
 .text.I2SEx_TxISR_I2SExt
                0x0000000008005e5c       0x98 Drivers/STM32F4xx_HAL_Driver/Src/stm32f4xx_hal_i2s_ex.o
 .text.I2SEx_RxISR_I2S
                0x0000000008005ef4       0x64 Drivers/STM32F4xx_HAL_Driver/Src/stm32f4xx_hal_i2s_ex.o
 .text.I2SEx_RxISR_I2SExt
                0x0000000008005f58       0x98 Drivers/STM32F4xx_HAL_Driver/Src/stm32f4xx_hal_i2s_ex.o
 .text.HAL_RCC_OscConfig
                0x0000000008005ff0      0x4e0 Drivers/STM32F4xx_HAL_Driver/Src/stm32f4xx_hal_rcc.o
                0x0000000008005ff0                HAL_RCC_OscConfig
 .text.HAL_RCC_ClockConfig
                0x00000000080064d0      0x1cc Drivers/STM32F4xx_HAL_Driver/Src/stm32f4xx_hal_rcc.o
                0x00000000080064d0                HAL_RCC_ClockConfig
 .text.HAL_RCC_GetSysClockFreq
                0x000000000800669c      0x1b0 Drivers/STM32F4xx_HAL_Driver/Src/stm32f4xx_hal_rcc.o
                0x000000000800669c                HAL_RCC_GetSysClockFreq
 .text.HAL_RCC_GetHCLKFreq
                0x000000000800684c       0x18 Drivers/STM32F4xx_HAL_Driver/Src/stm32f4xx_hal_rcc.o
                0x000000000800684c                HAL_RCC_GetHCLKFreq
 .text.HAL_RCC_GetPCLK1Freq
                0x0000000008006864       0x28 Drivers/STM32F4xx_HAL_Driver/Src/stm32f4xx_hal_rcc.o
                0x0000000008006864                HAL_RCC_GetPCLK1Freq
 .text.HAL_RCCEx_PeriphCLKConfig
                0x000000000800688c      0x1c4 Drivers/STM32F4xx_HAL_Driver/Src/stm32f4xx_hal_rcc_ex.o
                0x000000000800688c                HAL_RCCEx_PeriphCLKConfig
 .text.HAL_RCCEx_GetPeriphCLKConfig
                0x0000000008006a50       0x58 Drivers/STM32F4xx_HAL_Driver/Src/stm32f4xx_hal_rcc_ex.o
                0x0000000008006a50                HAL_RCCEx_GetPeriphCLKConfig
 .text.HAL_RCCEx_GetPeriphCLKFreq
                0x0000000008006aa8       0xb8 Drivers/STM32F4xx_HAL_Driver/Src/stm32f4xx_hal_rcc_ex.o
                0x0000000008006aa8                HAL_RCCEx_GetPeriphCLKFreq
 .text.USB_CoreInit
                0x0000000008006b60       0xc2 Drivers/STM32F4xx_HAL_Driver/Src/stm32f4xx_ll_usb.o
                0x0000000008006b60                USB_CoreInit
 .text.USB_EnableGlobalInt
                0x0000000008006c22       0x22 Drivers/STM32F4xx_HAL_Driver/Src/stm32f4xx_ll_usb.o
                0x0000000008006c22                USB_EnableGlobalInt
 .text.USB_DisableGlobalInt
                0x0000000008006c44       0x22 Drivers/STM32F4xx_HAL_Driver/Src/stm32f4xx_ll_usb.o
                0x0000000008006c44                USB_DisableGlobalInt
 .text.USB_SetCurrentMode
                0x0000000008006c66       0x54 Drivers/STM32F4xx_HAL_Driver/Src/stm32f4xx_ll_usb.o
                0x0000000008006c66                USB_SetCurrentMode
 *fill*         0x0000000008006cba        0x2 
 .text.USB_FlushTxFifo
                0x0000000008006cbc       0x4c Drivers/STM32F4xx_HAL_Driver/Src/stm32f4xx_ll_usb.o
                0x0000000008006cbc                USB_FlushTxFifo
 .text.USB_FlushRxFifo
                0x0000000008006d08       0x44 Drivers/STM32F4xx_HAL_Driver/Src/stm32f4xx_ll_usb.o
                0x0000000008006d08                USB_FlushRxFifo
 .text.USB_WritePacket
                0x0000000008006d4c       0x6a Drivers/STM32F4xx_HAL_Driver/Src/stm32f4xx_ll_usb.o
                0x0000000008006d4c                USB_WritePacket
 .text.USB_ReadPacket
                0x0000000008006db6       0x52 Drivers/STM32F4xx_HAL_Driver/Src/stm32f4xx_ll_usb.o
                0x0000000008006db6                USB_ReadPacket
 .text.USB_ReadInterrupts
                0x0000000008006e08       0x26 Drivers/STM32F4xx_HAL_Driver/Src/stm32f4xx_ll_usb.o
                0x0000000008006e08                USB_ReadInterrupts
 .text.USB_GetMode
                0x0000000008006e2e       0x1c Drivers/STM32F4xx_HAL_Driver/Src/stm32f4xx_ll_usb.o
                0x0000000008006e2e                USB_GetMode
 *fill*         0x0000000008006e4a        0x2 
 .text.USB_CoreReset
                0x0000000008006e4c       0x68 Drivers/STM32F4xx_HAL_Driver/Src/stm32f4xx_ll_usb.o
 .text.USB_HostInit
                0x0000000008006eb4      0x178 Drivers/STM32F4xx_HAL_Driver/Src/stm32f4xx_ll_usb.o
                0x0000000008006eb4                USB_HostInit
 .text.USB_InitFSLSPClkSel
                0x000000000800702c       0x74 Drivers/STM32F4xx_HAL_Driver/Src/stm32f4xx_ll_usb.o
                0x000000000800702c                USB_InitFSLSPClkSel
 .text.USB_ResetPort
                0x00000000080070a0       0x54 Drivers/STM32F4xx_HAL_Driver/Src/stm32f4xx_ll_usb.o
                0x00000000080070a0                USB_ResetPort
 .text.USB_DriveVbus
                0x00000000080070f4       0x72 Drivers/STM32F4xx_HAL_Driver/Src/stm32f4xx_ll_usb.o
                0x00000000080070f4                USB_DriveVbus
 .text.USB_GetHostSpeed
                0x0000000008007166       0x2e Drivers/STM32F4xx_HAL_Driver/Src/stm32f4xx_ll_usb.o
                0x0000000008007166                USB_GetHostSpeed
 .text.USB_GetCurrentFrame
                0x0000000008007194       0x22 Drivers/STM32F4xx_HAL_Driver/Src/stm32f4xx_ll_usb.o
                0x0000000008007194                USB_GetCurrentFrame
 *fill*         0x00000000080071b6        0x2 
 .text.USB_HC_Init
                0x00000000080071b8      0x214 Drivers/STM32F4xx_HAL_Driver/Src/stm32f4xx_ll_usb.o
                0x00000000080071b8                USB_HC_Init
 .text.USB_HC_StartXfer
                0x00000000080073cc      0x28c Drivers/STM32F4xx_HAL_Driver/Src/stm32f4xx_ll_usb.o
                0x00000000080073cc                USB_HC_StartXfer
 .text.USB_HC_ReadInterrupt
                0x0000000008007658       0x22 Drivers/STM32F4xx_HAL_Driver/Src/stm32f4xx_ll_usb.o
                0x0000000008007658                USB_HC_ReadInterrupt
 .text.USB_HC_Halt
                0x000000000800767a      0x1fe Drivers/STM32F4xx_HAL_Driver/Src/stm32f4xx_ll_usb.o
                0x000000000800767a                USB_HC_Halt
 .text.USB_DoPing
                0x0000000008007878       0x78 Drivers/STM32F4xx_HAL_Driver/Src/stm32f4xx_ll_usb.o
                0x0000000008007878                USB_DoPing
 .text.USB_StopHost
                0x00000000080078f0      0x10c Drivers/STM32F4xx_HAL_Driver/Src/stm32f4xx_ll_usb.o
                0x00000000080078f0                USB_StopHost
 .text.MX_FATFS_Init
                0x00000000080079fc       0x24 FATFS/App/fatfs.o
                0x00000000080079fc                MX_FATFS_Init
 .text.get_fattime
                0x0000000008007a20       0x10 FATFS/App/fatfs.o
                0x0000000008007a20                get_fattime
 .text.USBH_initialize
                0x0000000008007a30       0x18 FATFS/Target/usbh_diskio.o
                0x0000000008007a30                USBH_initialize
 .text.USBH_status
                0x0000000008007a48       0x38 FATFS/Target/usbh_diskio.o
                0x0000000008007a48                USBH_status
 .text.USBH_read
                0x0000000008007a80       0x70 FATFS/Target/usbh_diskio.o
                0x0000000008007a80                USBH_read
 .text.USBH_write
                0x0000000008007af0       0x84 FATFS/Target/usbh_diskio.o
                0x0000000008007af0                USBH_write
 .text.USBH_ioctl
                0x0000000008007b74       0xd8 FATFS/Target/usbh_diskio.o
                0x0000000008007b74                USBH_ioctl
 .text.arm_fir_init_q31
                0x0000000008007c4c       0x42 FilteringFunctions/arm_fir_init_q31.o
                0x0000000008007c4c                arm_fir_init_q31
 .text.arm_fir_q31
                0x0000000008007c8e      0x108 FilteringFunctions/arm_fir_q31.o
                0x0000000008007c8e                arm_fir_q31
 .text.USBH_MSC_InterfaceInit
                0x0000000008007d96      0x216 Middlewares/ST/STM32_USB_Host_Library/Class/MSC/Src/usbh_msc.o
 .text.USBH_MSC_InterfaceDeInit
                0x0000000008007fac       0x8c Middlewares/ST/STM32_USB_Host_Library/Class/MSC/Src/usbh_msc.o
 .text.USBH_MSC_ClassRequest
                0x0000000008008038       0xc8 Middlewares/ST/STM32_USB_Host_Library/Class/MSC/Src/usbh_msc.o
 .text.USBH_MSC_Process
                0x0000000008008100      0x520 Middlewares/ST/STM32_USB_Host_Library/Class/MSC/Src/usbh_msc.o
 .text.USBH_MSC_SOFProcess
                0x0000000008008620       0x16 Middlewares/ST/STM32_USB_Host_Library/Class/MSC/Src/usbh_msc.o
 .text.USBH_MSC_RdWrProcess
                0x0000000008008636      0x194 Middlewares/ST/STM32_USB_Host_Library/Class/MSC/Src/usbh_msc.o
 .text.USBH_MSC_UnitIsReady
                0x00000000080087ca       0x4c Middlewares/ST/STM32_USB_Host_Library/Class/MSC/Src/usbh_msc.o
                0x00000000080087ca                USBH_MSC_UnitIsReady
 .text.USBH_MSC_GetLUNInfo
                0x0000000008008816       0x48 Middlewares/ST/STM32_USB_Host_Library/Class/MSC/Src/usbh_msc.o
                0x0000000008008816                USBH_MSC_GetLUNInfo
 .text.USBH_MSC_Read
                0x000000000800885e       0xd2 Middlewares/ST/STM32_USB_Host_Library/Class/MSC/Src/usbh_msc.o
                0x000000000800885e                USBH_MSC_Read
 .text.USBH_MSC_Write
                0x0000000008008930       0xd2 Middlewares/ST/STM32_USB_Host_Library/Class/MSC/Src/usbh_msc.o
                0x0000000008008930                USBH_MSC_Write
 .text.USBH_MSC_BOT_REQ_Reset
                0x0000000008008a02       0x3a Middlewares/ST/STM32_USB_Host_Library/Class/MSC/Src/usbh_msc_bot.o
                0x0000000008008a02                USBH_MSC_BOT_REQ_Reset
 .text.USBH_MSC_BOT_REQ_GetMaxLUN
                0x0000000008008a3c       0x3c Middlewares/ST/STM32_USB_Host_Library/Class/MSC/Src/usbh_msc_bot.o
                0x0000000008008a3c                USBH_MSC_BOT_REQ_GetMaxLUN
 .text.USBH_MSC_BOT_Init
                0x0000000008008a78       0x44 Middlewares/ST/STM32_USB_Host_Library/Class/MSC/Src/usbh_msc_bot.o
                0x0000000008008a78                USBH_MSC_BOT_Init
 .text.USBH_MSC_BOT_Process
                0x0000000008008abc      0x3a4 Middlewares/ST/STM32_USB_Host_Library/Class/MSC/Src/usbh_msc_bot.o
                0x0000000008008abc                USBH_MSC_BOT_Process
 .text.USBH_MSC_BOT_Abort
                0x0000000008008e60       0x58 Middlewares/ST/STM32_USB_Host_Library/Class/MSC/Src/usbh_msc_bot.o
 .text.USBH_MSC_DecodeCSW
                0x0000000008008eb8       0x88 Middlewares/ST/STM32_USB_Host_Library/Class/MSC/Src/usbh_msc_bot.o
 .text.USBH_MSC_SCSI_TestUnitReady
                0x0000000008008f40       0x86 Middlewares/ST/STM32_USB_Host_Library/Class/MSC/Src/usbh_msc_scsi.o
                0x0000000008008f40                USBH_MSC_SCSI_TestUnitReady
 .text.USBH_MSC_SCSI_ReadCapacity
                0x0000000008008fc6       0xf6 Middlewares/ST/STM32_USB_Host_Library/Class/MSC/Src/usbh_msc_scsi.o
                0x0000000008008fc6                USBH_MSC_SCSI_ReadCapacity
 .text.USBH_MSC_SCSI_Inquiry
                0x00000000080090bc      0x14a Middlewares/ST/STM32_USB_Host_Library/Class/MSC/Src/usbh_msc_scsi.o
                0x00000000080090bc                USBH_MSC_SCSI_Inquiry
 .text.USBH_MSC_SCSI_RequestSense
                0x0000000008009206       0xf2 Middlewares/ST/STM32_USB_Host_Library/Class/MSC/Src/usbh_msc_scsi.o
                0x0000000008009206                USBH_MSC_SCSI_RequestSense
 .text.USBH_MSC_SCSI_Write
                0x00000000080092f8       0xd6 Middlewares/ST/STM32_USB_Host_Library/Class/MSC/Src/usbh_msc_scsi.o
                0x00000000080092f8                USBH_MSC_SCSI_Write
 .text.USBH_MSC_SCSI_Read
                0x00000000080093ce       0xd6 Middlewares/ST/STM32_USB_Host_Library/Class/MSC/Src/usbh_msc_scsi.o
                0x00000000080093ce                USBH_MSC_SCSI_Read
 .text.USBH_Init
                0x00000000080094a4       0x74 Middlewares/ST/STM32_USB_Host_Library/Core/Src/usbh_core.o
                0x00000000080094a4                USBH_Init
 .text.DeInitStateMachine
                0x0000000008009518       0xa8 Middlewares/ST/STM32_USB_Host_Library/Core/Src/usbh_core.o
 .text.USBH_RegisterClass
                0x00000000080095c0       0x54 Middlewares/ST/STM32_USB_Host_Library/Core/Src/usbh_core.o
                0x00000000080095c0                USBH_RegisterClass
 .text.USBH_SelectInterface
                0x0000000008009614       0x38 Middlewares/ST/STM32_USB_Host_Library/Core/Src/usbh_core.o
                0x0000000008009614                USBH_SelectInterface
 .text.USBH_FindInterface
                0x000000000800964c       0x8c Middlewares/ST/STM32_USB_Host_Library/Core/Src/usbh_core.o
                0x000000000800964c                USBH_FindInterface
 .text.USBH_Start
                0x00000000080096d8       0x20 Middlewares/ST/STM32_USB_Host_Library/Core/Src/usbh_core.o
                0x00000000080096d8                USBH_Start
 .text.USBH_Process
                0x00000000080096f8      0x3c0 Middlewares/ST/STM32_USB_Host_Library/Core/Src/usbh_core.o
                0x00000000080096f8                USBH_Process
 .text.USBH_HandleEnum
                0x0000000008009ab8      0x3c8 Middlewares/ST/STM32_USB_Host_Library/Core/Src/usbh_core.o
 .text.USBH_LL_SetTimer
                0x0000000008009e80       0x1e Middlewares/ST/STM32_USB_Host_Library/Core/Src/usbh_core.o
                0x0000000008009e80                USBH_LL_SetTimer
 .text.USBH_LL_IncTimer
                0x0000000008009e9e       0x24 Middlewares/ST/STM32_USB_Host_Library/Core/Src/usbh_core.o
                0x0000000008009e9e                USBH_LL_IncTimer
 .text.USBH_HandleSof
                0x0000000008009ec2       0x30 Middlewares/ST/STM32_USB_Host_Library/Core/Src/usbh_core.o
 .text.USBH_LL_PortEnabled
                0x0000000008009ef2       0x1c Middlewares/ST/STM32_USB_Host_Library/Core/Src/usbh_core.o
                0x0000000008009ef2                USBH_LL_PortEnabled
 .text.USBH_LL_PortDisabled
                0x0000000008009f0e       0x1c Middlewares/ST/STM32_USB_Host_Library/Core/Src/usbh_core.o
                0x0000000008009f0e                USBH_LL_PortDisabled
 .text.USBH_LL_Connect
                0x0000000008009f2a       0x2e Middlewares/ST/STM32_USB_Host_Library/Core/Src/usbh_core.o
                0x0000000008009f2a                USBH_LL_Connect
 .text.USBH_LL_Disconnect
                0x0000000008009f58       0x48 Middlewares/ST/STM32_USB_Host_Library/Core/Src/usbh_core.o
                0x0000000008009f58                USBH_LL_Disconnect
 .text.USBH_Get_DevDesc
                0x0000000008009fa0       0x50 Middlewares/ST/STM32_USB_Host_Library/Core/Src/usbh_ctlreq.o
                0x0000000008009fa0                USBH_Get_DevDesc
 .text.USBH_Get_CfgDesc
                0x0000000008009ff0       0x48 Middlewares/ST/STM32_USB_Host_Library/Core/Src/usbh_ctlreq.o
                0x0000000008009ff0                USBH_Get_CfgDesc
 .text.USBH_Get_StringDesc
                0x000000000800a038       0x56 Middlewares/ST/STM32_USB_Host_Library/Core/Src/usbh_ctlreq.o
                0x000000000800a038                USBH_Get_StringDesc
 .text.USBH_GetDescriptor
                0x000000000800a08e       0x6a Middlewares/ST/STM32_USB_Host_Library/Core/Src/usbh_ctlreq.o
                0x000000000800a08e                USBH_GetDescriptor
 .text.USBH_SetAddress
                0x000000000800a0f8       0x48 Middlewares/ST/STM32_USB_Host_Library/Core/Src/usbh_ctlreq.o
                0x000000000800a0f8                USBH_SetAddress
 .text.USBH_SetCfg
                0x000000000800a140       0x46 Middlewares/ST/STM32_USB_Host_Library/Core/Src/usbh_ctlreq.o
                0x000000000800a140                USBH_SetCfg
 .text.USBH_SetFeature
                0x000000000800a186       0x48 Middlewares/ST/STM32_USB_Host_Library/Core/Src/usbh_ctlreq.o
                0x000000000800a186                USBH_SetFeature
 .text.USBH_ClrFeature
                0x000000000800a1ce       0x48 Middlewares/ST/STM32_USB_Host_Library/Core/Src/usbh_ctlreq.o
                0x000000000800a1ce                USBH_ClrFeature
 .text.USBH_ParseDevDesc
                0x000000000800a216       0xe0 Middlewares/ST/STM32_USB_Host_Library/Core/Src/usbh_ctlreq.o
 .text.USBH_ParseCfgDesc
                0x000000000800a2f6      0x144 Middlewares/ST/STM32_USB_Host_Library/Core/Src/usbh_ctlreq.o
 .text.USBH_ParseInterfaceDesc
                0x000000000800a43a       0x5e Middlewares/ST/STM32_USB_Host_Library/Core/Src/usbh_ctlreq.o
 .text.USBH_ParseEPDesc
                0x000000000800a498       0x5a Middlewares/ST/STM32_USB_Host_Library/Core/Src/usbh_ctlreq.o
 .text.USBH_ParseStringDesc
                0x000000000800a4f2       0x66 Middlewares/ST/STM32_USB_Host_Library/Core/Src/usbh_ctlreq.o
 .text.USBH_GetNextDesc
                0x000000000800a558       0x36 Middlewares/ST/STM32_USB_Host_Library/Core/Src/usbh_ctlreq.o
                0x000000000800a558                USBH_GetNextDesc
 .text.USBH_CtlReq
                0x000000000800a58e       0x7a Middlewares/ST/STM32_USB_Host_Library/Core/Src/usbh_ctlreq.o
                0x000000000800a58e                USBH_CtlReq
 .text.USBH_HandleControl
                0x000000000800a608      0x2ec Middlewares/ST/STM32_USB_Host_Library/Core/Src/usbh_ctlreq.o
 .text.USBH_CtlSendSetup
                0x000000000800a8f4       0x34 Middlewares/ST/STM32_USB_Host_Library/Core/Src/usbh_ioreq.o
                0x000000000800a8f4                USBH_CtlSendSetup
 .text.USBH_CtlSendData
                0x000000000800a928       0x4a Middlewares/ST/STM32_USB_Host_Library/Core/Src/usbh_ioreq.o
                0x000000000800a928                USBH_CtlSendData
 .text.USBH_CtlReceiveData
                0x000000000800a972       0x3c Middlewares/ST/STM32_USB_Host_Library/Core/Src/usbh_ioreq.o
                0x000000000800a972                USBH_CtlReceiveData
 .text.USBH_BulkSendData
                0x000000000800a9ae       0x4a Middlewares/ST/STM32_USB_Host_Library/Core/Src/usbh_ioreq.o
                0x000000000800a9ae                USBH_BulkSendData
 .text.USBH_BulkReceiveData
                0x000000000800a9f8       0x3c Middlewares/ST/STM32_USB_Host_Library/Core/Src/usbh_ioreq.o
                0x000000000800a9f8                USBH_BulkReceiveData
 .text.USBH_OpenPipe
                0x000000000800aa34       0x3e Middlewares/ST/STM32_USB_Host_Library/Core/Src/usbh_pipes.o
                0x000000000800aa34                USBH_OpenPipe
 .text.USBH_ClosePipe
                0x000000000800aa72       0x20 Middlewares/ST/STM32_USB_Host_Library/Core/Src/usbh_pipes.o
                0x000000000800aa72                USBH_ClosePipe
 .text.USBH_AllocPipe
                0x000000000800aa92       0x42 Middlewares/ST/STM32_USB_Host_Library/Core/Src/usbh_pipes.o
                0x000000000800aa92                USBH_AllocPipe
 .text.USBH_FreePipe
                0x000000000800aad4       0x3c Middlewares/ST/STM32_USB_Host_Library/Core/Src/usbh_pipes.o
                0x000000000800aad4                USBH_FreePipe
 .text.USBH_GetFreePipe
                0x000000000800ab10       0x48 Middlewares/ST/STM32_USB_Host_Library/Core/Src/usbh_pipes.o
 .text.disk_status
                0x000000000800ab58       0x34 Middlewares/Third_Party/FatFs/src/diskio.o
                0x000000000800ab58                disk_status
 .text.disk_initialize
                0x000000000800ab8c       0x4c Middlewares/Third_Party/FatFs/src/diskio.o
                0x000000000800ab8c                disk_initialize
 .text.disk_read
                0x000000000800abd8       0x40 Middlewares/Third_Party/FatFs/src/diskio.o
                0x000000000800abd8                disk_read
 .text.disk_write
                0x000000000800ac18       0x40 Middlewares/Third_Party/FatFs/src/diskio.o
                0x000000000800ac18                disk_write
 .text.disk_ioctl
                0x000000000800ac58       0x3c Middlewares/Third_Party/FatFs/src/diskio.o
                0x000000000800ac58                disk_ioctl
 .text.ld_word  0x000000000800ac94       0x30 Middlewares/Third_Party/FatFs/src/ff.o
 .text.ld_dword
                0x000000000800acc4       0x46 Middlewares/Third_Party/FatFs/src/ff.o
 .text.st_word  0x000000000800ad0a       0x36 Middlewares/Third_Party/FatFs/src/ff.o
 .text.st_dword
                0x000000000800ad40       0x58 Middlewares/Third_Party/FatFs/src/ff.o
 .text.mem_cpy  0x000000000800ad98       0x42 Middlewares/Third_Party/FatFs/src/ff.o
 .text.mem_set  0x000000000800adda       0x34 Middlewares/Third_Party/FatFs/src/ff.o
 .text.mem_cmp  0x000000000800ae0e       0x4e Middlewares/Third_Party/FatFs/src/ff.o
 .text.chk_chr  0x000000000800ae5c       0x36 Middlewares/Third_Party/FatFs/src/ff.o
 *fill*         0x000000000800ae92        0x2 
 .text.chk_lock
                0x000000000800ae94       0xb8 Middlewares/Third_Party/FatFs/src/ff.o
 .text.enq_lock
                0x000000000800af4c       0x44 Middlewares/Third_Party/FatFs/src/ff.o
 .text.inc_lock
                0x000000000800af90      0x11c Middlewares/Third_Party/FatFs/src/ff.o
 .text.dec_lock
                0x000000000800b0ac       0x78 Middlewares/Third_Party/FatFs/src/ff.o
 .text.clear_lock
                0x000000000800b124       0x48 Middlewares/Third_Party/FatFs/src/ff.o
 .text.sync_window
                0x000000000800b16c       0x88 Middlewares/Third_Party/FatFs/src/ff.o
 .text.move_window
                0x000000000800b1f4       0x5a Middlewares/Third_Party/FatFs/src/ff.o
 *fill*         0x000000000800b24e        0x2 
 .text.sync_fs  0x000000000800b250       0xdc Middlewares/Third_Party/FatFs/src/ff.o
 .text.clust2sect
                0x000000000800b32c       0x3e Middlewares/Third_Party/FatFs/src/ff.o
 .text.get_fat  0x000000000800b36a      0x14a Middlewares/Third_Party/FatFs/src/ff.o
 .text.put_fat  0x000000000800b4b4      0x1ce Middlewares/Third_Party/FatFs/src/ff.o
 .text.remove_chain
                0x000000000800b682       0xca Middlewares/Third_Party/FatFs/src/ff.o
 .text.create_chain
                0x000000000800b74c      0x130 Middlewares/Third_Party/FatFs/src/ff.o
 .text.clmt_clust
                0x000000000800b87c       0x68 Middlewares/Third_Party/FatFs/src/ff.o
 .text.dir_sdi  0x000000000800b8e4       0xf6 Middlewares/Third_Party/FatFs/src/ff.o
 .text.dir_next
                0x000000000800b9da      0x18a Middlewares/Third_Party/FatFs/src/ff.o
 .text.dir_alloc
                0x000000000800bb64       0x8e Middlewares/Third_Party/FatFs/src/ff.o
 .text.ld_clust
                0x000000000800bbf2       0x3e Middlewares/Third_Party/FatFs/src/ff.o
 .text.st_clust
                0x000000000800bc30       0x40 Middlewares/Third_Party/FatFs/src/ff.o
 .text.dir_find
                0x000000000800bc70       0xaa Middlewares/Third_Party/FatFs/src/ff.o
 .text.dir_register
                0x000000000800bd1a       0x64 Middlewares/Third_Party/FatFs/src/ff.o
 *fill*         0x000000000800bd7e        0x2 
 .text.create_name
                0x000000000800bd80      0x128 Middlewares/Third_Party/FatFs/src/ff.o
 .text.follow_path
                0x000000000800bea8       0xe2 Middlewares/Third_Party/FatFs/src/ff.o
 .text.get_ldnumber
                0x000000000800bf8a       0x88 Middlewares/Third_Party/FatFs/src/ff.o
 *fill*         0x000000000800c012        0x2 
 .text.check_fs
                0x000000000800c014       0xac Middlewares/Third_Party/FatFs/src/ff.o
 .text.find_volume
                0x000000000800c0c0      0x498 Middlewares/Third_Party/FatFs/src/ff.o
 .text.validate
                0x000000000800c558       0x6a Middlewares/Third_Party/FatFs/src/ff.o
 *fill*         0x000000000800c5c2        0x2 
 .text.f_mount  0x000000000800c5c4       0x8c Middlewares/Third_Party/FatFs/src/ff.o
                0x000000000800c5c4                f_mount
 .text.f_open   0x000000000800c650      0x37c Middlewares/Third_Party/FatFs/src/ff.o
                0x000000000800c650                f_open
 .text.f_read   0x000000000800c9cc      0x27e Middlewares/Third_Party/FatFs/src/ff.o
                0x000000000800c9cc                f_read
 .text.f_sync   0x000000000800cc4a       0xfc Middlewares/Third_Party/FatFs/src/ff.o
                0x000000000800cc4a                f_sync
 .text.f_close  0x000000000800cd46       0x54 Middlewares/Third_Party/FatFs/src/ff.o
                0x000000000800cd46                f_close
 .text.f_lseek  0x000000000800cd9a      0x412 Middlewares/Third_Party/FatFs/src/ff.o
                0x000000000800cd9a                f_lseek
 .text.FATFS_LinkDriverEx
                0x000000000800d1ac       0x98 Middlewares/Third_Party/FatFs/src/ff_gen_drv.o
                0x000000000800d1ac                FATFS_LinkDriverEx
 .text.FATFS_LinkDriver
                0x000000000800d244       0x1e Middlewares/Third_Party/FatFs/src/ff_gen_drv.o
                0x000000000800d244                FATFS_LinkDriver
 *fill*         0x000000000800d262        0x2 
 .text.MX_USB_HOST_Init
                0x000000000800d264       0x4c USB_HOST/App/usb_host.o
                0x000000000800d264                MX_USB_HOST_Init
 .text.MX_USB_HOST_Process
                0x000000000800d2b0       0x14 USB_HOST/App/usb_host.o
                0x000000000800d2b0                MX_USB_HOST_Process
 .text.USBH_UserProcess
                0x000000000800d2c4       0x5c USB_HOST/App/usb_host.o
 .text.HAL_HCD_MspInit
                0x000000000800d320       0xc4 USB_HOST/Target/usbh_conf.o
                0x000000000800d320                HAL_HCD_MspInit
 .text.HAL_HCD_SOF_Callback
                0x000000000800d3e4       0x1c USB_HOST/Target/usbh_conf.o
                0x000000000800d3e4                HAL_HCD_SOF_Callback
 .text.HAL_HCD_Connect_Callback
                0x000000000800d400       0x1c USB_HOST/Target/usbh_conf.o
                0x000000000800d400                HAL_HCD_Connect_Callback
 .text.HAL_HCD_Disconnect_Callback
                0x000000000800d41c       0x1c USB_HOST/Target/usbh_conf.o
                0x000000000800d41c                HAL_HCD_Disconnect_Callback
 .text.HAL_HCD_HC_NotifyURBChange_Callback
                0x000000000800d438       0x1c USB_HOST/Target/usbh_conf.o
                0x000000000800d438                HAL_HCD_HC_NotifyURBChange_Callback
 .text.HAL_HCD_PortEnabled_Callback
                0x000000000800d454       0x1c USB_HOST/Target/usbh_conf.o
                0x000000000800d454                HAL_HCD_PortEnabled_Callback
 .text.HAL_HCD_PortDisabled_Callback
                0x000000000800d470       0x1c USB_HOST/Target/usbh_conf.o
                0x000000000800d470                HAL_HCD_PortDisabled_Callback
 .text.USBH_LL_Init
                0x000000000800d48c       0x78 USB_HOST/Target/usbh_conf.o
                0x000000000800d48c                USBH_LL_Init
 .text.USBH_LL_Start
                0x000000000800d504       0x36 USB_HOST/Target/usbh_conf.o
                0x000000000800d504                USBH_LL_Start
 .text.USBH_LL_Stop
                0x000000000800d53a       0x36 USB_HOST/Target/usbh_conf.o
                0x000000000800d53a                USBH_LL_Stop
 .text.USBH_LL_GetSpeed
                0x000000000800d570       0x4a USB_HOST/Target/usbh_conf.o
                0x000000000800d570                USBH_LL_GetSpeed
 .text.USBH_LL_ResetPort
                0x000000000800d5ba       0x36 USB_HOST/Target/usbh_conf.o
                0x000000000800d5ba                USBH_LL_ResetPort
 .text.USBH_LL_GetLastXferSize
                0x000000000800d5f0       0x26 USB_HOST/Target/usbh_conf.o
                0x000000000800d5f0                USBH_LL_GetLastXferSize
 .text.USBH_LL_OpenPipe
                0x000000000800d616       0x5e USB_HOST/Target/usbh_conf.o
                0x000000000800d616                USBH_LL_OpenPipe
 .text.USBH_LL_ClosePipe
                0x000000000800d674       0x3e USB_HOST/Target/usbh_conf.o
                0x000000000800d674                USBH_LL_ClosePipe
 .text.USBH_LL_SubmitURB
                0x000000000800d6b2       0x62 USB_HOST/Target/usbh_conf.o
                0x000000000800d6b2                USBH_LL_SubmitURB
 .text.USBH_LL_GetURBState
                0x000000000800d714       0x26 USB_HOST/Target/usbh_conf.o
                0x000000000800d714                USBH_LL_GetURBState
 .text.USBH_LL_DriverVBUS
                0x000000000800d73a       0x1c USB_HOST/Target/usbh_conf.o
                0x000000000800d73a                USBH_LL_DriverVBUS
 .text.USBH_LL_SetToggle
                0x000000000800d756       0x66 USB_HOST/Target/usbh_conf.o
                0x000000000800d756                USBH_LL_SetToggle
 .text.USBH_LL_GetToggle
                0x000000000800d7bc       0x66 USB_HOST/Target/usbh_conf.o
                0x000000000800d7bc                USBH_LL_GetToggle
 .text.USBH_Delay
                0x000000000800d822       0x16 USB_HOST/Target/usbh_conf.o
                0x000000000800d822                USBH_Delay
 .text.USBH_Get_USB_Status
                0x000000000800d838       0x58 USB_HOST/Target/usbh_conf.o
                0x000000000800d838                USBH_Get_USB_Status
 .text.__errno  0x000000000800d890        0xc c:/st/stm32cubeide_1.5.0/stm32cubeide/plugins/com.st.stm32cube.ide.mcu.externaltools.gnu-tools-for-stm32.7-2018-q2-update.win32_1.5.0.202011040924/tools/bin/../lib/gcc/arm-none-eabi/7.3.1/../../../../arm-none-eabi/lib/thumb/v7e-m/fpv4-sp/hard\libc_nano.a(lib_a-errno.o)
                0x000000000800d890                __errno
 .text.__libc_init_array
                0x000000000800d89c       0x48 c:/st/stm32cubeide_1.5.0/stm32cubeide/plugins/com.st.stm32cube.ide.mcu.externaltools.gnu-tools-for-stm32.7-2018-q2-update.win32_1.5.0.202011040924/tools/bin/../lib/gcc/arm-none-eabi/7.3.1/../../../../arm-none-eabi/lib/thumb/v7e-m/fpv4-sp/hard\libc_nano.a(lib_a-init.o)
                0x000000000800d89c                __libc_init_array
 .text.malloc   0x000000000800d8e4       0x10 c:/st/stm32cubeide_1.5.0/stm32cubeide/plugins/com.st.stm32cube.ide.mcu.externaltools.gnu-tools-for-stm32.7-2018-q2-update.win32_1.5.0.202011040924/tools/bin/../lib/gcc/arm-none-eabi/7.3.1/../../../../arm-none-eabi/lib/thumb/v7e-m/fpv4-sp/hard\libc_nano.a(lib_a-malloc.o)
                0x000000000800d8e4                malloc
 .text.free     0x000000000800d8f4       0x10 c:/st/stm32cubeide_1.5.0/stm32cubeide/plugins/com.st.stm32cube.ide.mcu.externaltools.gnu-tools-for-stm32.7-2018-q2-update.win32_1.5.0.202011040924/tools/bin/../lib/gcc/arm-none-eabi/7.3.1/../../../../arm-none-eabi/lib/thumb/v7e-m/fpv4-sp/hard\libc_nano.a(lib_a-malloc.o)
                0x000000000800d8f4                free
 .text.memcpy   0x000000000800d904       0x16 c:/st/stm32cubeide_1.5.0/stm32cubeide/plugins/com.st.stm32cube.ide.mcu.externaltools.gnu-tools-for-stm32.7-2018-q2-update.win32_1.5.0.202011040924/tools/bin/../lib/gcc/arm-none-eabi/7.3.1/../../../../arm-none-eabi/lib/thumb/v7e-m/fpv4-sp/hard\libc_nano.a(lib_a-memcpy-stub.o)
                0x000000000800d904                memcpy
 .text.memset   0x000000000800d91a       0x10 c:/st/stm32cubeide_1.5.0/stm32cubeide/plugins/com.st.stm32cube.ide.mcu.externaltools.gnu-tools-for-stm32.7-2018-q2-update.win32_1.5.0.202011040924/tools/bin/../lib/gcc/arm-none-eabi/7.3.1/../../../../arm-none-eabi/lib/thumb/v7e-m/fpv4-sp/hard\libc_nano.a(lib_a-memset.o)
                0x000000000800d91a                memset
 *fill*         0x000000000800d92a        0x2 
 .text._free_r  0x000000000800d92c       0x9c c:/st/stm32cubeide_1.5.0/stm32cubeide/plugins/com.st.stm32cube.ide.mcu.externaltools.gnu-tools-for-stm32.7-2018-q2-update.win32_1.5.0.202011040924/tools/bin/../lib/gcc/arm-none-eabi/7.3.1/../../../../arm-none-eabi/lib/thumb/v7e-m/fpv4-sp/hard\libc_nano.a(lib_a-nano-freer.o)
                0x000000000800d92c                _free_r
 .text._malloc_r
                0x000000000800d9c8       0xb4 c:/st/stm32cubeide_1.5.0/stm32cubeide/plugins/com.st.stm32cube.ide.mcu.externaltools.gnu-tools-for-stm32.7-2018-q2-update.win32_1.5.0.202011040924/tools/bin/../lib/gcc/arm-none-eabi/7.3.1/../../../../arm-none-eabi/lib/thumb/v7e-m/fpv4-sp/hard\libc_nano.a(lib_a-nano-mallocr.o)
                0x000000000800d9c8                _malloc_r
 .text._sbrk_r  0x000000000800da7c       0x20 c:/st/stm32cubeide_1.5.0/stm32cubeide/plugins/com.st.stm32cube.ide.mcu.externaltools.gnu-tools-for-stm32.7-2018-q2-update.win32_1.5.0.202011040924/tools/bin/../lib/gcc/arm-none-eabi/7.3.1/../../../../arm-none-eabi/lib/thumb/v7e-m/fpv4-sp/hard\libc_nano.a(lib_a-sbrkr.o)
                0x000000000800da7c                _sbrk_r
 .text.__malloc_lock
                0x000000000800da9c        0x2 c:/st/stm32cubeide_1.5.0/stm32cubeide/plugins/com.st.stm32cube.ide.mcu.externaltools.gnu-tools-for-stm32.7-2018-q2-update.win32_1.5.0.202011040924/tools/bin/../lib/gcc/arm-none-eabi/7.3.1/../../../../arm-none-eabi/lib/thumb/v7e-m/fpv4-sp/hard\libc_nano.a(lib_a-mlock.o)
                0x000000000800da9c                __malloc_lock
 .text.__malloc_unlock
                0x000000000800da9e        0x2 c:/st/stm32cubeide_1.5.0/stm32cubeide/plugins/com.st.stm32cube.ide.mcu.externaltools.gnu-tools-for-stm32.7-2018-q2-update.win32_1.5.0.202011040924/tools/bin/../lib/gcc/arm-none-eabi/7.3.1/../../../../arm-none-eabi/lib/thumb/v7e-m/fpv4-sp/hard\libc_nano.a(lib_a-mlock.o)
                0x000000000800da9e                __malloc_unlock
 *(.glue_7)
 .glue_7        0x000000000800daa0        0x0 linker stubs
 *(.glue_7t)
 .glue_7t       0x000000000800daa0        0x0 linker stubs
 *(.eh_frame)
 .eh_frame      0x000000000800daa0        0x0 c:/st/stm32cubeide_1.5.0/stm32cubeide/plugins/com.st.stm32cube.ide.mcu.externaltools.gnu-tools-for-stm32.7-2018-q2-update.win32_1.5.0.202011040924/tools/bin/../lib/gcc/arm-none-eabi/7.3.1/thumb/v7e-m/fpv4-sp/hard/crtbegin.o
 *(.init)
 .init          0x000000000800daa0        0x4 c:/st/stm32cubeide_1.5.0/stm32cubeide/plugins/com.st.stm32cube.ide.mcu.externaltools.gnu-tools-for-stm32.7-2018-q2-update.win32_1.5.0.202011040924/tools/bin/../lib/gcc/arm-none-eabi/7.3.1/thumb/v7e-m/fpv4-sp/hard/crti.o
                0x000000000800daa0                _init
 .init          0x000000000800daa4        0x8 c:/st/stm32cubeide_1.5.0/stm32cubeide/plugins/com.st.stm32cube.ide.mcu.externaltools.gnu-tools-for-stm32.7-2018-q2-update.win32_1.5.0.202011040924/tools/bin/../lib/gcc/arm-none-eabi/7.3.1/thumb/v7e-m/fpv4-sp/hard/crtn.o
 *(.fini)
 .fini          0x000000000800daac        0x4 c:/st/stm32cubeide_1.5.0/stm32cubeide/plugins/com.st.stm32cube.ide.mcu.externaltools.gnu-tools-for-stm32.7-2018-q2-update.win32_1.5.0.202011040924/tools/bin/../lib/gcc/arm-none-eabi/7.3.1/thumb/v7e-m/fpv4-sp/hard/crti.o
                0x000000000800daac                _fini
 .fini          0x000000000800dab0        0x8 c:/st/stm32cubeide_1.5.0/stm32cubeide/plugins/com.st.stm32cube.ide.mcu.externaltools.gnu-tools-for-stm32.7-2018-q2-update.win32_1.5.0.202011040924/tools/bin/../lib/gcc/arm-none-eabi/7.3.1/thumb/v7e-m/fpv4-sp/hard/crtn.o
                0x000000000800dab8                . = ALIGN (0x4)
                0x000000000800dab8                _etext = .

.vfp11_veneer   0x000000000800dab8        0x0
 .vfp11_veneer  0x000000000800dab8        0x0 linker stubs

.v4_bx          0x000000000800dab8        0x0
 .v4_bx         0x000000000800dab8        0x0 linker stubs

.iplt           0x000000000800dab8        0x0
 .iplt          0x000000000800dab8        0x0 c:/st/stm32cubeide_1.5.0/stm32cubeide/plugins/com.st.stm32cube.ide.mcu.externaltools.gnu-tools-for-stm32.7-2018-q2-update.win32_1.5.0.202011040924/tools/bin/../lib/gcc/arm-none-eabi/7.3.1/thumb/v7e-m/fpv4-sp/hard/crtbegin.o

.rodata         0x000000000800dab8      0x304
                0x000000000800dab8                . = ALIGN (0x4)
 *(.rodata)
 .rodata        0x000000000800dab8        0xd Core/Src/main.o
 *fill*         0x000000000800dac5        0x3 
 .rodata        0x000000000800dac8        0x4 Middlewares/ST/STM32_USB_Host_Library/Class/MSC/Src/usbh_msc.o
 .rodata        0x000000000800dacc       0x44 Middlewares/Third_Party/FatFs/src/ff.o
 *(.rodata*)
 .rodata.I2SFreq
                0x000000000800db10       0x20 Audio/audioI2S.o
                0x000000000800db10                I2SFreq
 .rodata.I2SPLLN
                0x000000000800db30       0x20 Audio/audioI2S.o
                0x000000000800db30                I2SPLLN
 .rodata.I2SPLLR
                0x000000000800db50       0x20 Audio/audioI2S.o
                0x000000000800db50                I2SPLLR
 .rodata.firCoeffs
                0x000000000800db70      0x198 Audio/wav_player.o
                0x000000000800db70                firCoeffs
 .rodata.AHBPrescTable
                0x000000000800dd08       0x10 Core/Src/system_stm32f4xx.o
                0x000000000800dd08                AHBPrescTable
 .rodata.APBPrescTable
                0x000000000800dd18        0x8 Core/Src/system_stm32f4xx.o
                0x000000000800dd18                APBPrescTable
 .rodata.flagBitshiftOffset.8157
                0x000000000800dd20        0x8 Drivers/STM32F4xx_HAL_Driver/Src/stm32f4xx_hal_dma.o
 .rodata.USBH_Driver
                0x000000000800dd28       0x14 FATFS/Target/usbh_diskio.o
                0x000000000800dd28                USBH_Driver
 .rodata.ExCvt  0x000000000800dd3c       0x80 Middlewares/Third_Party/FatFs/src/ff.o
                0x000000000800ddbc                . = ALIGN (0x4)

.ARM.extab      0x000000000800ddbc        0x0
                0x000000000800ddbc                . = ALIGN (0x4)
 *(.ARM.extab* .gnu.linkonce.armextab.*)
                0x000000000800ddbc                . = ALIGN (0x4)

.ARM            0x000000000800ddbc        0x8
                0x000000000800ddbc                . = ALIGN (0x4)
                0x000000000800ddbc                __exidx_start = .
 *(.ARM.exidx*)
 .ARM.exidx     0x000000000800ddbc        0x8 c:/st/stm32cubeide_1.5.0/stm32cubeide/plugins/com.st.stm32cube.ide.mcu.externaltools.gnu-tools-for-stm32.7-2018-q2-update.win32_1.5.0.202011040924/tools/bin/../lib/gcc/arm-none-eabi/7.3.1/thumb/v7e-m/fpv4-sp/hard\libgcc.a(_udivmoddi4.o)
                0x000000000800ddc4                __exidx_end = .
                0x000000000800ddc4                . = ALIGN (0x4)

.rel.dyn        0x000000000800ddc4        0x0
 .rel.iplt      0x000000000800ddc4        0x0 c:/st/stm32cubeide_1.5.0/stm32cubeide/plugins/com.st.stm32cube.ide.mcu.externaltools.gnu-tools-for-stm32.7-2018-q2-update.win32_1.5.0.202011040924/tools/bin/../lib/gcc/arm-none-eabi/7.3.1/thumb/v7e-m/fpv4-sp/hard/crtbegin.o

.preinit_array  0x000000000800ddc4        0x0
                0x000000000800ddc4                . = ALIGN (0x4)
                0x000000000800ddc4                PROVIDE (__preinit_array_start = .)
 *(.preinit_array*)
                0x000000000800ddc4                PROVIDE (__preinit_array_end = .)
                0x000000000800ddc4                . = ALIGN (0x4)

.init_array     0x000000000800ddc4        0x4
                0x000000000800ddc4                . = ALIGN (0x4)
                0x000000000800ddc4                PROVIDE (__init_array_start = .)
 *(SORT_BY_NAME(.init_array.*))
 *(.init_array*)
 .init_array    0x000000000800ddc4        0x4 c:/st/stm32cubeide_1.5.0/stm32cubeide/plugins/com.st.stm32cube.ide.mcu.externaltools.gnu-tools-for-stm32.7-2018-q2-update.win32_1.5.0.202011040924/tools/bin/../lib/gcc/arm-none-eabi/7.3.1/thumb/v7e-m/fpv4-sp/hard/crtbegin.o
                0x000000000800ddc8                PROVIDE (__init_array_end = .)
                0x000000000800ddc8                . = ALIGN (0x4)

.fini_array     0x000000000800ddc8        0x4
                0x000000000800ddc8                . = ALIGN (0x4)
                [!provide]                        PROVIDE (__fini_array_start = .)
 *(SORT_BY_NAME(.fini_array.*))
 *(.fini_array*)
 .fini_array    0x000000000800ddc8        0x4 c:/st/stm32cubeide_1.5.0/stm32cubeide/plugins/com.st.stm32cube.ide.mcu.externaltools.gnu-tools-for-stm32.7-2018-q2-update.win32_1.5.0.202011040924/tools/bin/../lib/gcc/arm-none-eabi/7.3.1/thumb/v7e-m/fpv4-sp/hard/crtbegin.o
                [!provide]                        PROVIDE (__fini_array_end = .)
                0x000000000800ddcc                . = ALIGN (0x4)
                0x000000000800ddcc                _sidata = LOADADDR (.data)

.data           0x0000000020000000       0x90 load address 0x000000000800ddcc
                0x0000000020000000                . = ALIGN (0x4)
                0x0000000020000000                _sdata = .
 *(.data)
 *(.data*)
 .data.SystemCoreClock
                0x0000000020000000        0x4 Core/Src/system_stm32f4xx.o
                0x0000000020000000                SystemCoreClock
 .data.uwTickPrio
                0x0000000020000004        0x4 Drivers/STM32F4xx_HAL_Driver/Src/stm32f4xx_hal.o
                0x0000000020000004                uwTickPrio
 .data.uwTickFreq
                0x0000000020000008        0x1 Drivers/STM32F4xx_HAL_Driver/Src/stm32f4xx_hal.o
                0x0000000020000008                uwTickFreq
 *fill*         0x0000000020000009        0x3 
 .data.USBH_msc
                0x000000002000000c       0x20 Middlewares/ST/STM32_USB_Host_Library/Class/MSC/Src/usbh_msc.o
                0x000000002000000c                USBH_msc
 .data._impure_ptr
                0x000000002000002c        0x4 c:/st/stm32cubeide_1.5.0/stm32cubeide/plugins/com.st.stm32cube.ide.mcu.externaltools.gnu-tools-for-stm32.7-2018-q2-update.win32_1.5.0.202011040924/tools/bin/../lib/gcc/arm-none-eabi/7.3.1/../../../../arm-none-eabi/lib/thumb/v7e-m/fpv4-sp/hard\libc_nano.a(lib_a-impure.o)
                0x000000002000002c                _impure_ptr
 .data.impure_data
                0x0000000020000030       0x60 c:/st/stm32cubeide_1.5.0/stm32cubeide/plugins/com.st.stm32cube.ide.mcu.externaltools.gnu-tools-for-stm32.7-2018-q2-update.win32_1.5.0.202011040924/tools/bin/../lib/gcc/arm-none-eabi/7.3.1/../../../../arm-none-eabi/lib/thumb/v7e-m/fpv4-sp/hard\libc_nano.a(lib_a-impure.o)
                0x0000000020000090                . = ALIGN (0x4)
                0x0000000020000090                _edata = .

.igot.plt       0x0000000020000090        0x0 load address 0x000000000800de5c
 .igot.plt      0x0000000020000090        0x0 c:/st/stm32cubeide_1.5.0/stm32cubeide/plugins/com.st.stm32cube.ide.mcu.externaltools.gnu-tools-for-stm32.7-2018-q2-update.win32_1.5.0.202011040924/tools/bin/../lib/gcc/arm-none-eabi/7.3.1/thumb/v7e-m/fpv4-sp/hard/crtbegin.o
                0x0000000020000090                . = ALIGN (0x4)

.bss            0x0000000020000090     0xa098 load address 0x000000000800de5c
                0x0000000020000090                _sbss = .
                0x0000000020000090                __bss_start__ = _sbss
 *(.bss)
 .bss           0x0000000020000090       0x1c c:/st/stm32cubeide_1.5.0/stm32cubeide/plugins/com.st.stm32cube.ide.mcu.externaltools.gnu-tools-for-stm32.7-2018-q2-update.win32_1.5.0.202011040924/tools/bin/../lib/gcc/arm-none-eabi/7.3.1/thumb/v7e-m/fpv4-sp/hard/crtbegin.o
 *(.bss*)
 .bss.i2cx      0x00000000200000ac       0x54 Audio/MY_CS43L22.o
 .bss.hAudioI2S
                0x0000000020000100        0x4 Audio/audioI2S.o
 .bss.wavFile   0x0000000020000104      0x230 Audio/wav_player.o
 .bss.fileLength
                0x0000000020000334        0x4 Audio/wav_player.o
 .bss.audioBuffer
                0x0000000020000338     0x1000 Audio/wav_player.o
 .bss.audioRemainSize
                0x0000000020001338        0x4 Audio/wav_player.o
 .bss.samplingFreq
                0x000000002000133c        0x4 Audio/wav_player.o
 .bss.playerReadBytes
                0x0000000020001340        0x4 Audio/wav_player.o
 .bss.isFinished
                0x0000000020001344        0x1 Audio/wav_player.o
 .bss.playerControlSM
                0x0000000020001345        0x1 Audio/wav_player.o
 *fill*         0x0000000020001346        0x2 
 .bss.firInput  0x0000000020001348     0x4000 Audio/wav_player.o
 .bss.firOutput
                0x0000000020005348     0x4000 Audio/wav_player.o
 .bss.firState  0x0000000020009348      0x190 Audio/wav_player.o
 .bss.__sbrk_heap_end
                0x00000000200094d8        0x4 Core/Src/sysmem.o
 .bss.tmpreg.8313
                0x00000000200094dc        0x4 Drivers/STM32F4xx_HAL_Driver/Src/stm32f4xx_ll_usb.o
 .bss.FatFs     0x00000000200094e0        0x4 Middlewares/Third_Party/FatFs/src/ff.o
 .bss.Fsid      0x00000000200094e4        0x2 Middlewares/Third_Party/FatFs/src/ff.o
 *fill*         0x00000000200094e6        0x2 
 .bss.Files     0x00000000200094e8       0x20 Middlewares/Third_Party/FatFs/src/ff.o
 .bss.disk      0x0000000020009508        0xc Middlewares/Third_Party/FatFs/src/ff_gen_drv.o
                0x0000000020009508                disk
 .bss.Appli_state
                0x0000000020009514        0x1 USB_HOST/App/usb_host.o
                0x0000000020009514                Appli_state
 *fill*         0x0000000020009515        0x3 
 .bss.__malloc_free_list
                0x0000000020009518        0x4 c:/st/stm32cubeide_1.5.0/stm32cubeide/plugins/com.st.stm32cube.ide.mcu.externaltools.gnu-tools-for-stm32.7-2018-q2-update.win32_1.5.0.202011040924/tools/bin/../lib/gcc/arm-none-eabi/7.3.1/../../../../arm-none-eabi/lib/thumb/v7e-m/fpv4-sp/hard\libc_nano.a(lib_a-nano-mallocr.o)
                0x0000000020009518                __malloc_free_list
 .bss.__malloc_sbrk_start
                0x000000002000951c        0x4 c:/st/stm32cubeide_1.5.0/stm32cubeide/plugins/com.st.stm32cube.ide.mcu.externaltools.gnu-tools-for-stm32.7-2018-q2-update.win32_1.5.0.202011040924/tools/bin/../lib/gcc/arm-none-eabi/7.3.1/../../../../arm-none-eabi/lib/thumb/v7e-m/fpv4-sp/hard\libc_nano.a(lib_a-nano-mallocr.o)
                0x000000002000951c                __malloc_sbrk_start
 *(COMMON)
 COMMON         0x0000000020009520       0xfc Core/Src/main.o
                0x0000000020009520                hi2c1
                0x0000000020009574                hdma_spi3_tx
                0x00000000200095d4                hi2s3
 COMMON         0x000000002000961c        0x4 Drivers/STM32F4xx_HAL_Driver/Src/stm32f4xx_hal.o
                0x000000002000961c                uwTick
 COMMON         0x0000000020009620      0x465 FATFS/App/fatfs.o
                0x0000000020009620                USBHPath
                0x0000000020009624                USBHFile
                0x0000000020009854                USBHFatFS
                0x0000000020009a84                retUSBH
 *fill*         0x0000000020009a85        0x3 
 COMMON         0x0000000020009a88      0x3d8 USB_HOST/App/usb_host.o
                0x0000000020009a88                hUsbHostFS
 COMMON         0x0000000020009e60      0x2c4 USB_HOST/Target/usbh_conf.o
                0x0000000020009e60                hhcd_USB_OTG_FS
 COMMON         0x000000002000a124        0x4 c:/st/stm32cubeide_1.5.0/stm32cubeide/plugins/com.st.stm32cube.ide.mcu.externaltools.gnu-tools-for-stm32.7-2018-q2-update.win32_1.5.0.202011040924/tools/bin/../lib/gcc/arm-none-eabi/7.3.1/../../../../arm-none-eabi/lib/thumb/v7e-m/fpv4-sp/hard\libc_nano.a(lib_a-reent.o)
                0x000000002000a124                errno
                0x000000002000a128                . = ALIGN (0x4)
                0x000000002000a128                _ebss = .
                0x000000002000a128                __bss_end__ = _ebss

._user_heap_stack
                0x000000002000a128     0x4000 load address 0x000000000800de5c
                0x000000002000a128                . = ALIGN (0x8)
                [!provide]                        PROVIDE (end = .)
                0x000000002000a128                PROVIDE (_end = .)
                0x000000002000c128                . = (. + _Min_Heap_Size)
 *fill*         0x000000002000a128     0x2000 
                0x000000002000e128                . = (. + _Min_Stack_Size)
 *fill*         0x000000002000c128     0x2000 
                0x000000002000e128                . = ALIGN (0x8)

/DISCARD/
 libc.a(*)
 libm.a(*)
 libgcc.a(*)

.ARM.attributes
                0x0000000000000000       0x30
 *(.ARM.attributes)
 .ARM.attributes
                0x0000000000000000       0x22 c:/st/stm32cubeide_1.5.0/stm32cubeide/plugins/com.st.stm32cube.ide.mcu.externaltools.gnu-tools-for-stm32.7-2018-q2-update.win32_1.5.0.202011040924/tools/bin/../lib/gcc/arm-none-eabi/7.3.1/thumb/v7e-m/fpv4-sp/hard/crti.o
 .ARM.attributes
                0x0000000000000022       0x34 c:/st/stm32cubeide_1.5.0/stm32cubeide/plugins/com.st.stm32cube.ide.mcu.externaltools.gnu-tools-for-stm32.7-2018-q2-update.win32_1.5.0.202011040924/tools/bin/../lib/gcc/arm-none-eabi/7.3.1/thumb/v7e-m/fpv4-sp/hard/crtbegin.o
 .ARM.attributes
                0x0000000000000056       0x39 Audio/MY_CS43L22.o
 .ARM.attributes
                0x000000000000008f       0x39 Audio/audioI2S.o
 .ARM.attributes
                0x00000000000000c8       0x39 Audio/wav_player.o
 .ARM.attributes
                0x0000000000000101       0x39 Core/Src/main.o
 .ARM.attributes
                0x000000000000013a       0x39 Core/Src/stm32f4xx_hal_msp.o
 .ARM.attributes
                0x0000000000000173       0x39 Core/Src/stm32f4xx_it.o
 .ARM.attributes
                0x00000000000001ac       0x39 Core/Src/sysmem.o
 .ARM.attributes
                0x00000000000001e5       0x39 Core/Src/system_stm32f4xx.o
 .ARM.attributes
                0x000000000000021e       0x21 Core/Startup/startup_stm32f407vgtx.o
 .ARM.attributes
                0x000000000000023f       0x39 Drivers/STM32F4xx_HAL_Driver/Src/stm32f4xx_hal.o
 .ARM.attributes
                0x0000000000000278       0x39 Drivers/STM32F4xx_HAL_Driver/Src/stm32f4xx_hal_cortex.o
 .ARM.attributes
                0x00000000000002b1       0x39 Drivers/STM32F4xx_HAL_Driver/Src/stm32f4xx_hal_dma.o
 .ARM.attributes
                0x00000000000002ea       0x39 Drivers/STM32F4xx_HAL_Driver/Src/stm32f4xx_hal_gpio.o
 .ARM.attributes
                0x0000000000000323       0x39 Drivers/STM32F4xx_HAL_Driver/Src/stm32f4xx_hal_hcd.o
 .ARM.attributes
                0x000000000000035c       0x39 Drivers/STM32F4xx_HAL_Driver/Src/stm32f4xx_hal_i2c.o
 .ARM.attributes
                0x0000000000000395       0x39 Drivers/STM32F4xx_HAL_Driver/Src/stm32f4xx_hal_i2s.o
 .ARM.attributes
                0x00000000000003ce       0x39 Drivers/STM32F4xx_HAL_Driver/Src/stm32f4xx_hal_i2s_ex.o
 .ARM.attributes
                0x0000000000000407       0x39 Drivers/STM32F4xx_HAL_Driver/Src/stm32f4xx_hal_rcc.o
 .ARM.attributes
                0x0000000000000440       0x39 Drivers/STM32F4xx_HAL_Driver/Src/stm32f4xx_hal_rcc_ex.o
 .ARM.attributes
                0x0000000000000479       0x39 Drivers/STM32F4xx_HAL_Driver/Src/stm32f4xx_ll_usb.o
 .ARM.attributes
                0x00000000000004b2       0x39 FATFS/App/fatfs.o
 .ARM.attributes
                0x00000000000004eb       0x39 FATFS/Target/usbh_diskio.o
 .ARM.attributes
                0x0000000000000524       0x39 FilteringFunctions/arm_fir_init_q31.o
 .ARM.attributes
                0x000000000000055d       0x39 FilteringFunctions/arm_fir_q31.o
 .ARM.attributes
                0x0000000000000596       0x39 Middlewares/ST/STM32_USB_Host_Library/Class/MSC/Src/usbh_msc.o
 .ARM.attributes
                0x00000000000005cf       0x39 Middlewares/ST/STM32_USB_Host_Library/Class/MSC/Src/usbh_msc_bot.o
 .ARM.attributes
                0x0000000000000608       0x39 Middlewares/ST/STM32_USB_Host_Library/Class/MSC/Src/usbh_msc_scsi.o
 .ARM.attributes
                0x0000000000000641       0x39 Middlewares/ST/STM32_USB_Host_Library/Core/Src/usbh_core.o
 .ARM.attributes
                0x000000000000067a       0x39 Middlewares/ST/STM32_USB_Host_Library/Core/Src/usbh_ctlreq.o
 .ARM.attributes
                0x00000000000006b3       0x39 Middlewares/ST/STM32_USB_Host_Library/Core/Src/usbh_ioreq.o
 .ARM.attributes
                0x00000000000006ec       0x39 Middlewares/ST/STM32_USB_Host_Library/Core/Src/usbh_pipes.o
 .ARM.attributes
                0x0000000000000725       0x39 Middlewares/Third_Party/FatFs/src/diskio.o
 .ARM.attributes
                0x000000000000075e       0x39 Middlewares/Third_Party/FatFs/src/ff.o
 .ARM.attributes
                0x0000000000000797       0x39 Middlewares/Third_Party/FatFs/src/ff_gen_drv.o
 .ARM.attributes
                0x00000000000007d0       0x39 USB_HOST/App/usb_host.o
 .ARM.attributes
                0x0000000000000809       0x39 USB_HOST/Target/usbh_conf.o
 .ARM.attributes
                0x0000000000000842       0x34 c:/st/stm32cubeide_1.5.0/stm32cubeide/plugins/com.st.stm32cube.ide.mcu.externaltools.gnu-tools-for-stm32.7-2018-q2-update.win32_1.5.0.202011040924/tools/bin/../lib/gcc/arm-none-eabi/7.3.1/../../../../arm-none-eabi/lib/thumb/v7e-m/fpv4-sp/hard\libc_nano.a(lib_a-errno.o)
 .ARM.attributes
                0x0000000000000876       0x34 c:/st/stm32cubeide_1.5.0/stm32cubeide/plugins/com.st.stm32cube.ide.mcu.externaltools.gnu-tools-for-stm32.7-2018-q2-update.win32_1.5.0.202011040924/tools/bin/../lib/gcc/arm-none-eabi/7.3.1/../../../../arm-none-eabi/lib/thumb/v7e-m/fpv4-sp/hard\libc_nano.a(lib_a-impure.o)
 .ARM.attributes
                0x00000000000008aa       0x34 c:/st/stm32cubeide_1.5.0/stm32cubeide/plugins/com.st.stm32cube.ide.mcu.externaltools.gnu-tools-for-stm32.7-2018-q2-update.win32_1.5.0.202011040924/tools/bin/../lib/gcc/arm-none-eabi/7.3.1/../../../../arm-none-eabi/lib/thumb/v7e-m/fpv4-sp/hard\libc_nano.a(lib_a-init.o)
 .ARM.attributes
                0x00000000000008de       0x34 c:/st/stm32cubeide_1.5.0/stm32cubeide/plugins/com.st.stm32cube.ide.mcu.externaltools.gnu-tools-for-stm32.7-2018-q2-update.win32_1.5.0.202011040924/tools/bin/../lib/gcc/arm-none-eabi/7.3.1/../../../../arm-none-eabi/lib/thumb/v7e-m/fpv4-sp/hard\libc_nano.a(lib_a-malloc.o)
 .ARM.attributes
                0x0000000000000912       0x34 c:/st/stm32cubeide_1.5.0/stm32cubeide/plugins/com.st.stm32cube.ide.mcu.externaltools.gnu-tools-for-stm32.7-2018-q2-update.win32_1.5.0.202011040924/tools/bin/../lib/gcc/arm-none-eabi/7.3.1/../../../../arm-none-eabi/lib/thumb/v7e-m/fpv4-sp/hard\libc_nano.a(lib_a-memcpy-stub.o)
 .ARM.attributes
                0x0000000000000946       0x34 c:/st/stm32cubeide_1.5.0/stm32cubeide/plugins/com.st.stm32cube.ide.mcu.externaltools.gnu-tools-for-stm32.7-2018-q2-update.win32_1.5.0.202011040924/tools/bin/../lib/gcc/arm-none-eabi/7.3.1/../../../../arm-none-eabi/lib/thumb/v7e-m/fpv4-sp/hard\libc_nano.a(lib_a-memset.o)
 .ARM.attributes
                0x000000000000097a       0x34 c:/st/stm32cubeide_1.5.0/stm32cubeide/plugins/com.st.stm32cube.ide.mcu.externaltools.gnu-tools-for-stm32.7-2018-q2-update.win32_1.5.0.202011040924/tools/bin/../lib/gcc/arm-none-eabi/7.3.1/../../../../arm-none-eabi/lib/thumb/v7e-m/fpv4-sp/hard\libc_nano.a(lib_a-nano-freer.o)
 .ARM.attributes
                0x00000000000009ae       0x34 c:/st/stm32cubeide_1.5.0/stm32cubeide/plugins/com.st.stm32cube.ide.mcu.externaltools.gnu-tools-for-stm32.7-2018-q2-update.win32_1.5.0.202011040924/tools/bin/../lib/gcc/arm-none-eabi/7.3.1/../../../../arm-none-eabi/lib/thumb/v7e-m/fpv4-sp/hard\libc_nano.a(lib_a-nano-mallocr.o)
 .ARM.attributes
                0x00000000000009e2       0x34 c:/st/stm32cubeide_1.5.0/stm32cubeide/plugins/com.st.stm32cube.ide.mcu.externaltools.gnu-tools-for-stm32.7-2018-q2-update.win32_1.5.0.202011040924/tools/bin/../lib/gcc/arm-none-eabi/7.3.1/../../../../arm-none-eabi/lib/thumb/v7e-m/fpv4-sp/hard\libc_nano.a(lib_a-sbrkr.o)
 .ARM.attributes
                0x0000000000000a16       0x34 c:/st/stm32cubeide_1.5.0/stm32cubeide/plugins/com.st.stm32cube.ide.mcu.externaltools.gnu-tools-for-stm32.7-2018-q2-update.win32_1.5.0.202011040924/tools/bin/../lib/gcc/arm-none-eabi/7.3.1/../../../../arm-none-eabi/lib/thumb/v7e-m/fpv4-sp/hard\libc_nano.a(lib_a-mlock.o)
 .ARM.attributes
                0x0000000000000a4a       0x34 c:/st/stm32cubeide_1.5.0/stm32cubeide/plugins/com.st.stm32cube.ide.mcu.externaltools.gnu-tools-for-stm32.7-2018-q2-update.win32_1.5.0.202011040924/tools/bin/../lib/gcc/arm-none-eabi/7.3.1/../../../../arm-none-eabi/lib/thumb/v7e-m/fpv4-sp/hard\libc_nano.a(lib_a-reent.o)
 .ARM.attributes
                0x0000000000000a7e       0x22 c:/st/stm32cubeide_1.5.0/stm32cubeide/plugins/com.st.stm32cube.ide.mcu.externaltools.gnu-tools-for-stm32.7-2018-q2-update.win32_1.5.0.202011040924/tools/bin/../lib/gcc/arm-none-eabi/7.3.1/thumb/v7e-m/fpv4-sp/hard\libgcc.a(_aeabi_uldivmod.o)
 .ARM.attributes
                0x0000000000000aa0       0x34 c:/st/stm32cubeide_1.5.0/stm32cubeide/plugins/com.st.stm32cube.ide.mcu.externaltools.gnu-tools-for-stm32.7-2018-q2-update.win32_1.5.0.202011040924/tools/bin/../lib/gcc/arm-none-eabi/7.3.1/thumb/v7e-m/fpv4-sp/hard\libgcc.a(_udivmoddi4.o)
 .ARM.attributes
                0x0000000000000ad4       0x22 c:/st/stm32cubeide_1.5.0/stm32cubeide/plugins/com.st.stm32cube.ide.mcu.externaltools.gnu-tools-for-stm32.7-2018-q2-update.win32_1.5.0.202011040924/tools/bin/../lib/gcc/arm-none-eabi/7.3.1/thumb/v7e-m/fpv4-sp/hard\libgcc.a(_dvmd_tls.o)
 .ARM.attributes
                0x0000000000000af6       0x22 c:/st/stm32cubeide_1.5.0/stm32cubeide/plugins/com.st.stm32cube.ide.mcu.externaltools.gnu-tools-for-stm32.7-2018-q2-update.win32_1.5.0.202011040924/tools/bin/../lib/gcc/arm-none-eabi/7.3.1/thumb/v7e-m/fpv4-sp/hard/crtn.o
OUTPUT(WAV_Player.elf elf32-littlearm)

.debug_info     0x0000000000000000    0x289d6
 .debug_info    0x0000000000000000      0xb3f Audio/MY_CS43L22.o
 .debug_info    0x0000000000000b3f      0x8fb Audio/audioI2S.o
 .debug_info    0x000000000000143a     0x19b3 Audio/wav_player.o
 .debug_info    0x0000000000002ded     0x255d Core/Src/main.o
 .debug_info    0x000000000000534a      0xce0 Core/Src/stm32f4xx_hal_msp.o
 .debug_info    0x000000000000602a      0x8f6 Core/Src/stm32f4xx_it.o
 .debug_info    0x0000000000006920      0x985 Core/Src/sysmem.o
 .debug_info    0x00000000000072a5      0x554 Core/Src/system_stm32f4xx.o
 .debug_info    0x00000000000077f9       0x22 Core/Startup/startup_stm32f407vgtx.o
 .debug_info    0x000000000000781b      0x945 Drivers/STM32F4xx_HAL_Driver/Src/stm32f4xx_hal.o
 .debug_info    0x0000000000008160      0xe28 Drivers/STM32F4xx_HAL_Driver/Src/stm32f4xx_hal_cortex.o
 .debug_info    0x0000000000008f88      0x968 Drivers/STM32F4xx_HAL_Driver/Src/stm32f4xx_hal_dma.o
 .debug_info    0x00000000000098f0      0x7b5 Drivers/STM32F4xx_HAL_Driver/Src/stm32f4xx_hal_gpio.o
 .debug_info    0x000000000000a0a5      0xe5f Drivers/STM32F4xx_HAL_Driver/Src/stm32f4xx_hal_hcd.o
 .debug_info    0x000000000000af04     0x2426 Drivers/STM32F4xx_HAL_Driver/Src/stm32f4xx_hal_i2c.o
 .debug_info    0x000000000000d32a      0xe5e Drivers/STM32F4xx_HAL_Driver/Src/stm32f4xx_hal_i2s.o
 .debug_info    0x000000000000e188      0xb76 Drivers/STM32F4xx_HAL_Driver/Src/stm32f4xx_hal_i2s_ex.o
 .debug_info    0x000000000000ecfe      0x904 Drivers/STM32F4xx_HAL_Driver/Src/stm32f4xx_hal_rcc.o
 .debug_info    0x000000000000f602      0x5ae Drivers/STM32F4xx_HAL_Driver/Src/stm32f4xx_hal_rcc_ex.o
 .debug_info    0x000000000000fbb0     0x18dd Drivers/STM32F4xx_HAL_Driver/Src/stm32f4xx_ll_usb.o
 .debug_info    0x000000000001148d     0x15b4 FATFS/App/fatfs.o
 .debug_info    0x0000000000012a41     0x16a9 FATFS/Target/usbh_diskio.o
 .debug_info    0x00000000000140ea      0x9ca FilteringFunctions/arm_fir_init_q31.o
 .debug_info    0x0000000000014ab4      0xa6f FilteringFunctions/arm_fir_q31.o
 .debug_info    0x0000000000015523     0x1b22 Middlewares/ST/STM32_USB_Host_Library/Class/MSC/Src/usbh_msc.o
 .debug_info    0x0000000000017045     0x193b Middlewares/ST/STM32_USB_Host_Library/Class/MSC/Src/usbh_msc_bot.o
 .debug_info    0x0000000000018980     0x1997 Middlewares/ST/STM32_USB_Host_Library/Class/MSC/Src/usbh_msc_scsi.o
 .debug_info    0x000000000001a317     0x16b2 Middlewares/ST/STM32_USB_Host_Library/Core/Src/usbh_core.o
 .debug_info    0x000000000001b9c9     0x1772 Middlewares/ST/STM32_USB_Host_Library/Core/Src/usbh_ctlreq.o
 .debug_info    0x000000000001d13b     0x14df Middlewares/ST/STM32_USB_Host_Library/Core/Src/usbh_ioreq.o
 .debug_info    0x000000000001e61a     0x1321 Middlewares/ST/STM32_USB_Host_Library/Core/Src/usbh_pipes.o
 .debug_info    0x000000000001f93b     0x1505 Middlewares/Third_Party/FatFs/src/diskio.o
 .debug_info    0x0000000000020e40     0x3285 Middlewares/Third_Party/FatFs/src/ff.o
 .debug_info    0x00000000000240c5     0x149d Middlewares/Third_Party/FatFs/src/ff_gen_drv.o
 .debug_info    0x0000000000025562     0x1274 USB_HOST/App/usb_host.o
 .debug_info    0x00000000000267d6     0x2200 USB_HOST/Target/usbh_conf.o

.debug_abbrev   0x0000000000000000     0x525a
 .debug_abbrev  0x0000000000000000      0x18e Audio/MY_CS43L22.o
 .debug_abbrev  0x000000000000018e      0x207 Audio/audioI2S.o
 .debug_abbrev  0x0000000000000395      0x320 Audio/wav_player.o
 .debug_abbrev  0x00000000000006b5      0x301 Core/Src/main.o
 .debug_abbrev  0x00000000000009b6      0x18c Core/Src/stm32f4xx_hal_msp.o